Archive member included to satisfy reference by file (symbol)

/Applications/ArmGNUToolchain/13.2.Rel1/arm-none-eabi/bin/../lib/gcc/arm-none-eabi/13.2.1/thumb/v6-m/nofp/libgcc.a(_dvmd_tls.o)
                              CMakeFiles/print.dir/Users/Omniajam/Desktop/me433/Pico/pico-sdk/src/rp2_common/pico_divider/divider.S.obj (__aeabi_idiv0)
/Applications/ArmGNUToolchain/13.2.Rel1/arm-none-eabi/bin/../lib/gcc/arm-none-eabi/13.2.1/../../../../arm-none-eabi/lib/thumb/v6-m/nofp/libg.a(libc_a-calloc.o)
                              CMakeFiles/print.dir/Users/Omniajam/Desktop/me433/Pico/pico-sdk/src/rp2_common/pico_malloc/pico_malloc.c.obj (calloc)
/Applications/ArmGNUToolchain/13.2.Rel1/arm-none-eabi/bin/../lib/gcc/arm-none-eabi/13.2.1/../../../../arm-none-eabi/lib/thumb/v6-m/nofp/libg.a(libc_a-callocr.o)
                              /Applications/ArmGNUToolchain/13.2.Rel1/arm-none-eabi/bin/../lib/gcc/arm-none-eabi/13.2.1/../../../../arm-none-eabi/lib/thumb/v6-m/nofp/libg.a(libc_a-calloc.o) (_calloc_r)
/Applications/ArmGNUToolchain/13.2.Rel1/arm-none-eabi/bin/../lib/gcc/arm-none-eabi/13.2.1/../../../../arm-none-eabi/lib/thumb/v6-m/nofp/libg.a(libc_a-malloc.o)
                              CMakeFiles/print.dir/Users/Omniajam/Desktop/me433/Pico/pico-sdk/src/rp2_common/pico_malloc/pico_malloc.c.obj (malloc)
/Applications/ArmGNUToolchain/13.2.Rel1/arm-none-eabi/bin/../lib/gcc/arm-none-eabi/13.2.1/../../../../arm-none-eabi/lib/thumb/v6-m/nofp/libg.a(libc_a-mallocr.o)
                              /Applications/ArmGNUToolchain/13.2.Rel1/arm-none-eabi/bin/../lib/gcc/arm-none-eabi/13.2.1/../../../../arm-none-eabi/lib/thumb/v6-m/nofp/libg.a(libc_a-callocr.o) (_malloc_r)
/Applications/ArmGNUToolchain/13.2.Rel1/arm-none-eabi/bin/../lib/gcc/arm-none-eabi/13.2.1/../../../../arm-none-eabi/lib/thumb/v6-m/nofp/libg.a(libc_a-mlock.o)
                              /Applications/ArmGNUToolchain/13.2.Rel1/arm-none-eabi/bin/../lib/gcc/arm-none-eabi/13.2.1/../../../../arm-none-eabi/lib/thumb/v6-m/nofp/libg.a(libc_a-mallocr.o) (__malloc_lock)
/Applications/ArmGNUToolchain/13.2.Rel1/arm-none-eabi/bin/../lib/gcc/arm-none-eabi/13.2.1/../../../../arm-none-eabi/lib/thumb/v6-m/nofp/libg.a(libc_a-realloc.o)
                              CMakeFiles/print.dir/Users/Omniajam/Desktop/me433/Pico/pico-sdk/src/rp2_common/pico_malloc/pico_malloc.c.obj (realloc)
/Applications/ArmGNUToolchain/13.2.Rel1/arm-none-eabi/bin/../lib/gcc/arm-none-eabi/13.2.1/../../../../arm-none-eabi/lib/thumb/v6-m/nofp/libg.a(libc_a-scanf.o)
                              CMakeFiles/print.dir/print.c.obj (scanf)
/Applications/ArmGNUToolchain/13.2.Rel1/arm-none-eabi/bin/../lib/gcc/arm-none-eabi/13.2.1/../../../../arm-none-eabi/lib/thumb/v6-m/nofp/libg.a(libc_a-reallocr.o)
                              /Applications/ArmGNUToolchain/13.2.Rel1/arm-none-eabi/bin/../lib/gcc/arm-none-eabi/13.2.1/../../../../arm-none-eabi/lib/thumb/v6-m/nofp/libg.a(libc_a-realloc.o) (_realloc_r)
/Applications/ArmGNUToolchain/13.2.Rel1/arm-none-eabi/bin/../lib/gcc/arm-none-eabi/13.2.1/../../../../arm-none-eabi/lib/thumb/v6-m/nofp/libg.a(libc_a-memmove.o)
                              /Applications/ArmGNUToolchain/13.2.Rel1/arm-none-eabi/bin/../lib/gcc/arm-none-eabi/13.2.1/../../../../arm-none-eabi/lib/thumb/v6-m/nofp/libg.a(libc_a-reallocr.o) (memmove)
/Applications/ArmGNUToolchain/13.2.Rel1/arm-none-eabi/bin/../lib/gcc/arm-none-eabi/13.2.1/../../../../arm-none-eabi/lib/thumb/v6-m/nofp/libg.a(libc_a-impure.o)
                              /Applications/ArmGNUToolchain/13.2.Rel1/arm-none-eabi/bin/../lib/gcc/arm-none-eabi/13.2.1/../../../../arm-none-eabi/lib/thumb/v6-m/nofp/libg.a(libc_a-calloc.o) (_impure_ptr)
/Applications/ArmGNUToolchain/13.2.Rel1/arm-none-eabi/bin/../lib/gcc/arm-none-eabi/13.2.1/../../../../arm-none-eabi/lib/thumb/v6-m/nofp/libg.a(libc_a-sbrkr.o)
                              /Applications/ArmGNUToolchain/13.2.Rel1/arm-none-eabi/bin/../lib/gcc/arm-none-eabi/13.2.1/../../../../arm-none-eabi/lib/thumb/v6-m/nofp/libg.a(libc_a-mallocr.o) (_sbrk_r)
/Applications/ArmGNUToolchain/13.2.Rel1/arm-none-eabi/bin/../lib/gcc/arm-none-eabi/13.2.1/../../../../arm-none-eabi/lib/thumb/v6-m/nofp/libg.a(libc_a-errno.o)
                              /Applications/ArmGNUToolchain/13.2.Rel1/arm-none-eabi/bin/../lib/gcc/arm-none-eabi/13.2.1/../../../../arm-none-eabi/lib/thumb/v6-m/nofp/libg.a(libc_a-callocr.o) (__errno)
/Applications/ArmGNUToolchain/13.2.Rel1/arm-none-eabi/bin/../lib/gcc/arm-none-eabi/13.2.1/../../../../arm-none-eabi/lib/thumb/v6-m/nofp/libg.a(libc_a-sysconf.o)
                              /Applications/ArmGNUToolchain/13.2.Rel1/arm-none-eabi/bin/../lib/gcc/arm-none-eabi/13.2.1/../../../../arm-none-eabi/lib/thumb/v6-m/nofp/libg.a(libc_a-mallocr.o) (sysconf)
/Applications/ArmGNUToolchain/13.2.Rel1/arm-none-eabi/bin/../lib/gcc/arm-none-eabi/13.2.1/../../../../arm-none-eabi/lib/thumb/v6-m/nofp/libg.a(libc_a-init.o)
[...]
Memory Configuration

Name             Origin             Length             Attributes
FLASH            0x10000000         0x00200000         xr
RAM              0x20000000         0x00040000         xrw
SCRATCH_X        0x20040000         0x00001000         xrw
SCRATCH_Y        0x20041000         0x00001000         xrw
*default*        0x00000000         0xffffffff

Linker script and memory map

LOAD /Applications/ArmGNUToolchain/13.2.Rel1/arm-none-eabi/bin/../lib/gcc/arm-none-eabi/13.2.1/thumb/v6-m/nofp/crti.o
LOAD /Applications/ArmGNUToolchain/13.2.Rel1/arm-none-eabi/bin/../lib/gcc/arm-none-eabi/13.2.1/thumb/v6-m/nofp/crtbegin.o
LOAD /Applications/ArmGNUToolchain/13.2.Rel1/arm-none-eabi/bin/../lib/gcc/arm-none-eabi/13.2.1/../../../../arm-none-eabi/lib/thumb/v6-m/nofp/crt0.o

.flash_begin    0x10000000        0x0
                0x10000000                        __flash_binary_start = .

.boot2          0x10000000      0x100
                0x10000000                        __boot2_start__ = .
 *(.boot2)
 .boot2         0x10000000      0x100 /var/folders/pw/rqjygm7d3llcd2_n2yzs1wm80000gn/T//ccHL7XTZ.o
                0x10000100                        __boot2_end__ = .
                0x00000001                        ASSERT (((__boot2_end__ - __boot2_start__) == 0x100), ERROR: Pico second stage bootloader must be 256 bytes in size)

.text           0x10000100     0xd030
                0x10000100                        __logical_binary_start = .
 *(.vectors)
 .vectors       0x10000100       0xd4 CMakeFiles/print.dir/Users/Omniajam/Desktop/me433/Pico/pico-sdk/src/rp2_common/pico_standard_link/crt0.S.obj
                0x10000100                __VECTOR_TABLE
                0x10000100                __vectors
                0x100001c0                __default_isrs_start
                0x100001c0                isr_invalid
                0x100001c2                isr_nmi
                0x100001c4                isr_hardfault
                0x100001c6                isr_svcall
                0x100001c8                isr_pendsv
                0x100001ca                isr_systick
                0x100001cc                isr_irq28
                0x100001cc                isr_irq19
                0x100001cc                isr_irq0
                0x100001cc                isr_irq6
                0x100001cc                isr_irq22
                0x100001cc                isr_irq17
                0x100001cc                isr_irq14
                0x100001cc                isr_irq2
                0x100001cc                isr_irq10
                0x100001cc                isr_irq8
                0x100001cc                isr_irq24
                0x100001cc                isr_irq1
                0x100001cc                isr_irq7
                0x100001cc                isr_irq21
                0x100001cc                isr_irq20
                0x100001cc                isr_irq15
                0x100001cc                isr_irq25
                0x100001cc                isr_irq4
                0x100001cc                isr_irq16
                0x100001cc                isr_irq29
                0x100001cc                isr_irq26
                0x100001cc                __default_isrs_end
                0x100001cc                isr_irq3
                0x100001cc                isr_irq9
                0x100001cc                __unhandled_user_irq
                0x100001cc                isr_irq13
                0x100001cc                isr_irq27
                0x100001cc                isr_irq31
                0x100001cc                isr_irq5
                0x100001cc                isr_irq11
                0x100001cc                isr_irq23
                0x100001cc                isr_irq18
                0x100001cc                isr_irq30
                0x100001cc                isr_irq12
                0x100001d2                unhandled_user_irq_num_in_r0
 *(.binary_info_header)
 .binary_info_header
                0x100001d4       0x14 CMakeFiles/print.dir/Users/Omniajam/Desktop/me433/Pico/pico-sdk/src/rp2_common/pico_standard_link/crt0.S.obj
                0x100001e8                        __binary_info_header_end = .
 *(.reset)
 .reset         0x100001e8       0xa0 CMakeFiles/print.dir/Users/Omniajam/Desktop/me433/Pico/pico-sdk/src/rp2_common/pico_standard_link/crt0.S.obj
                0x100001e8                _entry_point
 .reset         0x10000288       0x30 CMakeFiles/print.dir/Users/Omniajam/Desktop/me433/Pico/pico-sdk/src/rp2_common/pico_standard_link/binary_info.c.obj
 *(.init)
 .init          0x100002b8        0x4 /Applications/ArmGNUToolchain/13.2.Rel1/arm-none-eabi/bin/../lib/gcc/arm-none-eabi/13.2.1/thumb/v6-m/nofp/crti.o
                0x100002b8                _init
 *(EXCLUDE_FILE(*libm.a: *libc.a:*lib_a-mem*.o *libgcc.a:) .text*)
 .text.register_tm_clones
                0x100002bc       0x28 /Applications/ArmGNUToolchain/13.2.Rel1/arm-none-eabi/bin/../lib/gcc/arm-none-eabi/13.2.1/thumb/v6-m/nofp/crtbegin.o
 .text.frame_dummy
                0x100002e4       0x24 /Applications/ArmGNUToolchain/13.2.Rel1/arm-none-eabi/bin/../lib/gcc/arm-none-eabi/13.2.1/thumb/v6-m/nofp/crtbegin.o
 .text.adc_gpio_init
                0x10000308       0x1e CMakeFiles/print.dir/print.c.obj
 *fill*         0x10000326        0x2 
 .text.main     0x10000328       0xec CMakeFiles/print.dir/print.c.obj
                0x10000328                main
 .text.gpio_set_function
                0x10000414       0x30 CMakeFiles/print.dir/Users/Omniajam/Desktop/me433/Pico/pico-sdk/src/rp2_common/hardware_gpio/gpio.c.obj
                0x10000414                gpio_set_function
 .text.gpio_set_pulls
                0x10000444       0x34 CMakeFiles/print.dir/Users/Omniajam/Desktop/me433/Pico/pico-sdk/src/rp2_common/hardware_gpio/gpio.c.obj
                0x10000444                gpio_set_pulls
 .text.gpio_set_input_enabled
                0x10000478       0x30 CMakeFiles/print.dir/Users/Omniajam/Desktop/me433/Pico/pico-sdk/src/rp2_common/hardware_gpio/gpio.c.obj
                0x10000478                gpio_set_input_enabled
 .text.gpio_init
                0x100004a8       0x16 CMakeFiles/print.dir/Users/Omniajam/Desktop/me433/Pico/pico-sdk/src/rp2_common/hardware_gpio/gpio.c.obj
                0x100004a8                gpio_init
 *fill*         0x100004be        0x2 
 .text.running_on_fpga
                0x100004c0       0x14 CMakeFiles/print.dir/Users/Omniajam/Desktop/me433/Pico/pico-sdk/src/rp2_common/pico_platform/platform.c.obj
                0x100004c0                running_on_fpga
 .text.hw_claim_lock
                0x100004d4       0x18 CMakeFiles/print.dir/Users/Omniajam/Desktop/me433/Pico/pico-sdk/src/rp2_common/hardware_claim/claim.c.obj
                0x100004d4                hw_claim_lock
 .text.hw_claim_unlock
                0x100004ec       0x14 CMakeFiles/print.dir/Users/Omniajam/Desktop/me433/Pico/pico-sdk/src/rp2_common/hardware_claim/claim.c.obj
                0x100004ec                hw_claim_unlock
 .text.hw_claim_or_assert
                0x10000500       0x32 CMakeFiles/print.dir/Users/Omniajam/Desktop/me433/Pico/pico-sdk/src/rp2_common/hardware_claim/claim.c.obj
                0x10000500                hw_claim_or_assert
 .text.hw_claim_unused_from_range
                0x10000532       0x50 CMakeFiles/print.dir/Users/Omniajam/Desktop/me433/Pico/pico-sdk/src/rp2_common/hardware_claim/claim.c.obj
                0x10000532                hw_claim_unused_from_range
 *fill*         0x10000582        0x2 
 .text.spin_locks_reset
                0x10000584       0x20 CMakeFiles/print.dir/Users/Omniajam/Desktop/me433/Pico/pico-sdk/src/rp2_common/hardware_sync/sync.c.obj
                0x10000584                spin_locks_reset
 .text.next_striped_spin_lock_num
                0x100005a4       0x1c CMakeFiles/print.dir/Users/Omniajam/Desktop/me433/Pico/pico-sdk/src/rp2_common/hardware_sync/sync.c.obj
                0x100005a4                next_striped_spin_lock_num
 .text.spin_lock_claim_unused
                0x100005c0       0x24 CMakeFiles/print.dir/Users/Omniajam/Desktop/me433/Pico/pico-sdk/src/rp2_common/hardware_sync/sync.c.obj
                0x100005c0                spin_lock_claim_unused
 .text.set_raw_irq_handler_and_unlock
                0x100005e4       0x28 CMakeFiles/print.dir/Users/Omniajam/Desktop/me433/Pico/pico-sdk/src/rp2_common/hardware_irq/irq.c.obj
 .text.resolve_branch
                0x1000060c       0x30 CMakeFiles/print.dir/Users/Omniajam/Desktop/me433/Pico/pico-sdk/src/rp2_common/hardware_irq/irq.c.obj
 .text.make_branch
                0x1000063c       0x48 CMakeFiles/print.dir/Users/Omniajam/Desktop/me433/Pico/pico-sdk/src/rp2_common/hardware_irq/irq.c.obj
 .text.insert_branch_and_link
                0x10000684       0x40 CMakeFiles/print.dir/Users/Omniajam/Desktop/me433/Pico/pico-sdk/src/rp2_common/hardware_irq/irq.c.obj
 .text.irq_is_enabled
                0x100006c4       0x18 CMakeFiles/print.dir/Users/Omniajam/Desktop/me433/Pico/pico-sdk/src/rp2_common/hardware_irq/irq.c.obj
                0x100006c4                irq_is_enabled
 .text.irq_set_mask_enabled
                0x100006dc       0x20 CMakeFiles/print.dir/Users/Omniajam/Desktop/me433/Pico/pico-sdk/src/rp2_common/hardware_irq/irq.c.obj
                0x100006dc                irq_set_mask_enabled
 .text.irq_set_enabled
                0x100006fc        0xe CMakeFiles/print.dir/Users/Omniajam/Desktop/me433/Pico/pico-sdk/src/rp2_common/hardware_irq/irq.c.obj
                0x100006fc                irq_set_enabled
 *fill*         0x1000070a        0x2 
 .text.irq_set_pending
                0x1000070c       0x10 CMakeFiles/print.dir/Users/Omniajam/Desktop/me433/Pico/pico-sdk/src/rp2_common/hardware_irq/irq.c.obj
                0x1000070c                irq_set_pending
 .text.irq_get_vtable_handler
                0x1000071c       0x10 CMakeFiles/print.dir/Users/Omniajam/Desktop/me433/Pico/pico-sdk/src/rp2_common/hardware_irq/irq.c.obj
                0x1000071c                irq_get_vtable_handler
 .text.irq_has_shared_handler
                0x1000072c       0x24 CMakeFiles/print.dir/Users/Omniajam/Desktop/me433/Pico/pico-sdk/src/rp2_common/hardware_irq/irq.c.obj
                0x1000072c                irq_has_shared_handler
 .text.irq_set_exclusive_handler
                0x10000750       0x54 CMakeFiles/print.dir/Users/Omniajam/Desktop/me433/Pico/pico-sdk/src/rp2_common/hardware_irq/irq.c.obj
                0x10000750                irq_set_exclusive_handler
 .text.irq_add_shared_handler
                0x100007a4      0x210 CMakeFiles/print.dir/Users/Omniajam/Desktop/me433/Pico/pico-sdk/src/rp2_common/hardware_irq/irq.c.obj
                0x100007a4                irq_add_shared_handler
 .text.irq_remove_handler
                0x100009b4      0x188 CMakeFiles/print.dir/Users/Omniajam/Desktop/me433/Pico/pico-sdk/src/rp2_common/hardware_irq/irq.c.obj
                0x100009b4                irq_remove_handler
 .text.irq_add_tail_to_free_list
                0x10000b3c       0xf0 CMakeFiles/print.dir/Users/Omniajam/Desktop/me433/Pico/pico-sdk/src/rp2_common/hardware_irq/irq.c.obj
                0x10000b3c                irq_add_tail_to_free_list
 .text.irq_init_priorities
                0x10000c2c       0x1c CMakeFiles/print.dir/Users/Omniajam/Desktop/me433/Pico/pico-sdk/src/rp2_common/hardware_irq/irq.c.obj
                0x10000c2c                irq_init_priorities
 .text.user_irq_claim_unused
                0x10000c48       0x2c CMakeFiles/print.dir/Users/Omniajam/Desktop/me433/Pico/pico-sdk/src/rp2_common/hardware_irq/irq.c.obj
                0x10000c48                user_irq_claim_unused
 .text.lock_init
                0x10000c74       0x10 CMakeFiles/print.dir/Users/Omniajam/Desktop/me433/Pico/pico-sdk/src/common/pico_sync/lock_core.c.obj
                0x10000c74                lock_init
 .text.update_us_since_boot
                0x10000c84       0x24 CMakeFiles/print.dir/Users/Omniajam/Desktop/me433/Pico/pico-sdk/src/common/pico_sync/mutex.c.obj
 .text.delayed_by_ms
                0x10000ca8       0x44 CMakeFiles/print.dir/Users/Omniajam/Desktop/me433/Pico/pico-sdk/src/common/pico_sync/mutex.c.obj
 .text.get_absolute_time
                0x10000cec       0x22 CMakeFiles/print.dir/Users/Omniajam/Desktop/me433/Pico/pico-sdk/src/common/pico_sync/mutex.c.obj
 .text.make_timeout_time_ms
                0x10000d0e       0x20 CMakeFiles/print.dir/Users/Omniajam/Desktop/me433/Pico/pico-sdk/src/common/pico_sync/mutex.c.obj
 .text.mutex_init
                0x10000d2e       0x1a CMakeFiles/print.dir/Users/Omniajam/Desktop/me433/Pico/pico-sdk/src/common/pico_sync/mutex.c.obj
                0x10000d2e                mutex_init
 .text.recursive_mutex_init
                0x10000d48       0x1e CMakeFiles/print.dir/Users/Omniajam/Desktop/me433/Pico/pico-sdk/src/common/pico_sync/mutex.c.obj
                0x10000d48                recursive_mutex_init
 *fill*         0x10000d66        0x2 
 .text.critical_section_init_with_lock_num
                0x10000d68       0x14 CMakeFiles/print.dir/Users/Omniajam/Desktop/me433/Pico/pico-sdk/src/common/pico_sync/critical_section.c.obj
                0x10000d68                critical_section_init_with_lock_num
 .text.critical_section_init
                0x10000d7c       0x14 CMakeFiles/print.dir/Users/Omniajam/Desktop/me433/Pico/pico-sdk/src/common/pico_sync/critical_section.c.obj
                0x10000d7c                critical_section_init
 .text.time_reached
                0x10000d90       0x28 CMakeFiles/print.dir/Users/Omniajam/Desktop/me433/Pico/pico-sdk/src/common/pico_time/time.c.obj
 .text.get_entry
                0x10000db8       0x38 CMakeFiles/print.dir/Users/Omniajam/Desktop/me433/Pico/pico-sdk/src/common/pico_time/time.c.obj
 .text.timer_pool_entry_comparator
                0x10000df0       0x2e CMakeFiles/print.dir/Users/Omniajam/Desktop/me433/Pico/pico-sdk/src/common/pico_time/time.c.obj
                0x10000df0                timer_pool_entry_comparator
 *fill*         0x10000e1e        0x2 
 .text.update_us_since_boot
                0x10000e20       0x24 CMakeFiles/print.dir/Users/Omniajam/Desktop/me433/Pico/pico-sdk/src/common/pico_time/time.c.obj
 .text.delayed_by_us
                0x10000e44       0x34 CMakeFiles/print.dir/Users/Omniajam/Desktop/me433/Pico/pico-sdk/src/common/pico_time/time.c.obj
 .text.ph_get_node
                0x10000e78       0x30 CMakeFiles/print.dir/Users/Omniajam/Desktop/me433/Pico/pico-sdk/src/common/pico_time/time.c.obj
 .text.ph_contains_node
                0x10000ea8       0x1e CMakeFiles/print.dir/Users/Omniajam/Desktop/me433/Pico/pico-sdk/src/common/pico_time/time.c.obj
 .text.ph_new_node
                0x10000ec6       0x28 CMakeFiles/print.dir/Users/Omniajam/Desktop/me433/Pico/pico-sdk/src/common/pico_time/time.c.obj
 *fill*         0x10000eee        0x2 
 .text.ph_add_child_node
                0x10000ef0       0x6c CMakeFiles/print.dir/Users/Omniajam/Desktop/me433/Pico/pico-sdk/src/common/pico_time/time.c.obj
 .text.ph_merge_nodes
                0x10000f5c       0x3e CMakeFiles/print.dir/Users/Omniajam/Desktop/me433/Pico/pico-sdk/src/common/pico_time/time.c.obj
 *fill*         0x10000f9a        0x2 
 .text.ph_insert_node
                0x10000f9c       0x3c CMakeFiles/print.dir/Users/Omniajam/Desktop/me433/Pico/pico-sdk/src/common/pico_time/time.c.obj
 .text.ph_free_node
                0x10000fd8       0x5c CMakeFiles/print.dir/Users/Omniajam/Desktop/me433/Pico/pico-sdk/src/common/pico_time/time.c.obj
 .text.get_entry_id_high
                0x10001034       0x30 CMakeFiles/print.dir/Users/Omniajam/Desktop/me433/Pico/pico-sdk/src/common/pico_time/time.c.obj
 .text.alarm_pool_post_alloc_init
                0x10001064       0x40 CMakeFiles/print.dir/Users/Omniajam/Desktop/me433/Pico/pico-sdk/src/common/pico_time/time.c.obj
 .text.sleep_until_callback
                0x100010a4       0x30 CMakeFiles/print.dir/Users/Omniajam/Desktop/me433/Pico/pico-sdk/src/common/pico_time/time.c.obj
 .text.get_absolute_time
                0x100010d4       0x22 CMakeFiles/print.dir/Users/Omniajam/Desktop/me433/Pico/pico-sdk/src/common/pico_time/time.c.obj
 .text.make_timeout_time_us
                0x100010f6       0x24 CMakeFiles/print.dir/Users/Omniajam/Desktop/me433/Pico/pico-sdk/src/common/pico_time/time.c.obj
 *fill*         0x1000111a        0x2 
 .text.add_alarm_under_lock
                0x1000111c       0x94 CMakeFiles/print.dir/Users/Omniajam/Desktop/me433/Pico/pico-sdk/src/common/pico_time/time.c.obj
 .text.alarm_pool_alarm_callback
                0x100011b0      0x210 CMakeFiles/print.dir/Users/Omniajam/Desktop/me433/Pico/pico-sdk/src/common/pico_time/time.c.obj
 .text.alarm_pool_init_default
                0x100013c0       0x40 CMakeFiles/print.dir/Users/Omniajam/Desktop/me433/Pico/pico-sdk/src/common/pico_time/time.c.obj
                0x100013c0                alarm_pool_init_default
 .text.alarm_pool_get_default
                0x10001400       0x2c CMakeFiles/print.dir/Users/Omniajam/Desktop/me433/Pico/pico-sdk/src/common/pico_time/time.c.obj
                0x10001400                alarm_pool_get_default
 .text.alarm_pool_add_alarm_at
                0x1000142c      0x10e CMakeFiles/print.dir/Users/Omniajam/Desktop/me433/Pico/pico-sdk/src/common/pico_time/time.c.obj
                0x1000142c                alarm_pool_add_alarm_at
 .text.add_alarm_at
                0x1000153a       0x2e CMakeFiles/print.dir/Users/Omniajam/Desktop/me433/Pico/pico-sdk/src/common/pico_time/time.c.obj
 .text.alarm_pool_cancel_alarm
                0x10001568       0xa8 CMakeFiles/print.dir/Users/Omniajam/Desktop/me433/Pico/pico-sdk/src/common/pico_time/time.c.obj
                0x10001568                alarm_pool_cancel_alarm
 .text.cancel_alarm
                0x10001610       0x10 CMakeFiles/print.dir/Users/Omniajam/Desktop/me433/Pico/pico-sdk/src/common/pico_time/time.c.obj
 .text.alarm_pool_core_num
                0x10001620        0x4 CMakeFiles/print.dir/Users/Omniajam/Desktop/me433/Pico/pico-sdk/src/common/pico_time/time.c.obj
                0x10001620                alarm_pool_core_num
 .text.sleep_until
                0x10001624       0xb0 CMakeFiles/print.dir/Users/Omniajam/Desktop/me433/Pico/pico-sdk/src/common/pico_time/time.c.obj
                0x10001624                sleep_until
 .text.sleep_us
                0x100016d4       0x1a CMakeFiles/print.dir/Users/Omniajam/Desktop/me433/Pico/pico-sdk/src/common/pico_time/time.c.obj
                0x100016d4                sleep_us
 .text.sleep_ms
                0x100016ee       0x14 CMakeFiles/print.dir/Users/Omniajam/Desktop/me433/Pico/pico-sdk/src/common/pico_time/time.c.obj
                0x100016ee                sleep_ms
 *fill*         0x10001702        0x2 
 .text.best_effort_wfe_or_timeout
                0x10001704       0x44 CMakeFiles/print.dir/Users/Omniajam/Desktop/me433/Pico/pico-sdk/src/common/pico_time/time.c.obj
                0x10001704                best_effort_wfe_or_timeout
 .text.update_us_since_boot
                0x10001748       0x24 CMakeFiles/print.dir/Users/Omniajam/Desktop/me433/Pico/pico-sdk/src/rp2_common/hardware_timer/timer.c.obj
 .text.hardware_alarm_irq_handler
                0x1000176c       0x8c CMakeFiles/print.dir/Users/Omniajam/Desktop/me433/Pico/pico-sdk/src/rp2_common/hardware_timer/timer.c.obj
 .text.hardware_alarm_claim
                0x100017f8       0x18 CMakeFiles/print.dir/Users/Omniajam/Desktop/me433/Pico/pico-sdk/src/rp2_common/hardware_timer/timer.c.obj
                0x100017f8                hardware_alarm_claim
 .text.time_us_64
                0x10001810       0x18 CMakeFiles/print.dir/Users/Omniajam/Desktop/me433/Pico/pico-sdk/src/rp2_common/hardware_timer/timer.c.obj
                0x10001810                time_us_64
 .text.busy_wait_until
                0x10001828       0x28 CMakeFiles/print.dir/Users/Omniajam/Desktop/me433/Pico/pico-sdk/src/rp2_common/hardware_timer/timer.c.obj
                0x10001828                busy_wait_until
 .text.busy_wait_us
                0x10001850       0x3a CMakeFiles/print.dir/Users/Omniajam/Desktop/me433/Pico/pico-sdk/src/rp2_common/hardware_timer/timer.c.obj
                0x10001850                busy_wait_us
 *fill*         0x1000188a        0x2 
 .text.hardware_alarm_set_callback
                0x1000188c       0x90 CMakeFiles/print.dir/Users/Omniajam/Desktop/me433/Pico/pico-sdk/src/rp2_common/hardware_timer/timer.c.obj
                0x1000188c                hardware_alarm_set_callback
 .text.hardware_alarm_set_target
                0x1000191c       0xe8 CMakeFiles/print.dir/Users/Omniajam/Desktop/me433/Pico/pico-sdk/src/rp2_common/hardware_timer/timer.c.obj
                0x1000191c                hardware_alarm_set_target
 .text.hardware_alarm_cancel
                0x10001a04       0x40 CMakeFiles/print.dir/Users/Omniajam/Desktop/me433/Pico/pico-sdk/src/rp2_common/hardware_timer/timer.c.obj
                0x10001a04                hardware_alarm_cancel
 .text.ph_get_node
                0x10001a44       0x30 CMakeFiles/print.dir/Users/Omniajam/Desktop/me433/Pico/pico-sdk/src/common/pico_util/pheap.c.obj
 .text.ph_add_child_node
                0x10001a74       0x6c CMakeFiles/print.dir/Users/Omniajam/Desktop/me433/Pico/pico-sdk/src/common/pico_util/pheap.c.obj
 .text.ph_merge_nodes
                0x10001ae0       0x3e CMakeFiles/print.dir/Users/Omniajam/Desktop/me433/Pico/pico-sdk/src/common/pico_util/pheap.c.obj
 .text.ph_clear
                0x10001b1e       0x34 CMakeFiles/print.dir/Users/Omniajam/Desktop/me433/Pico/pico-sdk/src/common/pico_util/pheap.c.obj
                0x10001b1e                ph_clear
 .text.ph_post_alloc_init
                0x10001b52        0xe CMakeFiles/print.dir/Users/Omniajam/Desktop/me433/Pico/pico-sdk/src/common/pico_util/pheap.c.obj
                0x10001b52                ph_post_alloc_init
 .text.ph_merge_two_pass
                0x10001b60       0x5c CMakeFiles/print.dir/Users/Omniajam/Desktop/me433/Pico/pico-sdk/src/common/pico_util/pheap.c.obj
                0x10001b60                ph_merge_two_pass
 .text.ph_remove_any_head
                0x10001bbc       0xc0 CMakeFiles/print.dir/Users/Omniajam/Desktop/me433/Pico/pico-sdk/src/common/pico_util/pheap.c.obj
 .text.ph_remove_head
                0x10001c7c       0x14 CMakeFiles/print.dir/Users/Omniajam/Desktop/me433/Pico/pico-sdk/src/common/pico_util/pheap.c.obj
                0x10001c7c                ph_remove_head
 .text.ph_remove_and_free_node
                0x10001c90       0xa0 CMakeFiles/print.dir/Users/Omniajam/Desktop/me433/Pico/pico-sdk/src/common/pico_util/pheap.c.obj
                0x10001c90                ph_remove_and_free_node
 .text.clock_configure
                0x10001d30      0x108 CMakeFiles/print.dir/Users/Omniajam/Desktop/me433/Pico/pico-sdk/src/rp2_common/hardware_clocks/clocks.c.obj
                0x10001d30                clock_configure
 .text.clocks_init
                0x10001e38      0x100 CMakeFiles/print.dir/Users/Omniajam/Desktop/me433/Pico/pico-sdk/src/rp2_common/hardware_clocks/clocks.c.obj
                0x10001e38                clocks_init
 .text.pll_init
                0x10001f38      0x120 CMakeFiles/print.dir/Users/Omniajam/Desktop/me433/Pico/pico-sdk/src/rp2_common/hardware_pll/pll.c.obj
                0x10001f38                pll_init
 .text.watchdog_start_tick
                0x10002058       0x10 CMakeFiles/print.dir/Users/Omniajam/Desktop/me433/Pico/pico-sdk/src/rp2_common/hardware_watchdog/watchdog.c.obj
                0x10002058                watchdog_start_tick
 .text.watchdog_update
                0x10002068       0x14 CMakeFiles/print.dir/Users/Omniajam/Desktop/me433/Pico/pico-sdk/src/rp2_common/hardware_watchdog/watchdog.c.obj
                0x10002068                watchdog_update
 .text._watchdog_enable
                0x1000207c       0x78 CMakeFiles/print.dir/Users/Omniajam/Desktop/me433/Pico/pico-sdk/src/rp2_common/hardware_watchdog/watchdog.c.obj
                0x1000207c                _watchdog_enable
 .text.watchdog_reboot
                0x100020f4       0x48 CMakeFiles/print.dir/Users/Omniajam/Desktop/me433/Pico/pico-sdk/src/rp2_common/hardware_watchdog/watchdog.c.obj
                0x100020f4                watchdog_reboot
 .text.xosc_init
                0x1000213c       0x28 CMakeFiles/print.dir/Users/Omniajam/Desktop/me433/Pico/pico-sdk/src/rp2_common/hardware_xosc/xosc.c.obj
                0x1000213c                xosc_init
 .text._exit    0x10002164        0x4 CMakeFiles/print.dir/Users/Omniajam/Desktop/me433/Pico/pico-sdk/src/rp2_common/pico_runtime/runtime.c.obj
                0x10002164                _exit
 .text._sbrk    0x10002168       0x38 CMakeFiles/print.dir/Users/Omniajam/Desktop/me433/Pico/pico-sdk/src/rp2_common/pico_runtime/runtime.c.obj
                0x10002168                _sbrk
 .text.exit     0x100021a0        0x6 CMakeFiles/print.dir/Users/Omniajam/Desktop/me433/Pico/pico-sdk/src/rp2_common/pico_runtime/runtime.c.obj
                0x100021a0                exit
 *fill*         0x100021a6        0x2 
 .text.__assert_func
                0x100021a8       0x38 CMakeFiles/print.dir/Users/Omniajam/Desktop/me433/Pico/pico-sdk/src/rp2_common/pico_runtime/runtime.c.obj
                0x100021a8                __assert_func
 .text.runtime_init
                0x100021e0       0xf8 CMakeFiles/print.dir/Users/Omniajam/Desktop/me433/Pico/pico-sdk/src/rp2_common/pico_runtime/runtime.c.obj
                0x100021e0                runtime_init
 .text.panic    0x100022d8       0x30 CMakeFiles/print.dir/Users/Omniajam/Desktop/me433/Pico/pico-sdk/src/rp2_common/pico_runtime/runtime.c.obj
                0x100022d8                panic
 .text._out_buffer
                0x10002308        0x8 CMakeFiles/print.dir/Users/Omniajam/Desktop/me433/Pico/pico-sdk/src/rp2_common/pico_printf/printf.c.obj
 .text._out_null
                0x10002310        0x2 CMakeFiles/print.dir/Users/Omniajam/Desktop/me433/Pico/pico-sdk/src/rp2_common/pico_printf/printf.c.obj
 .text._out_fct
                0x10002312        0xe CMakeFiles/print.dir/Users/Omniajam/Desktop/me433/Pico/pico-sdk/src/rp2_common/pico_printf/printf.c.obj
 .text._atoi    0x10002320       0x24 CMakeFiles/print.dir/Users/Omniajam/Desktop/me433/Pico/pico-sdk/src/rp2_common/pico_printf/printf.c.obj
 .text._out_rev
                0x10002344       0xae CMakeFiles/print.dir/Users/Omniajam/Desktop/me433/Pico/pico-sdk/src/rp2_common/pico_printf/printf.c.obj
 .text._ntoa_format
                0x100023f2      0x110 CMakeFiles/print.dir/Users/Omniajam/Desktop/me433/Pico/pico-sdk/src/rp2_common/pico_printf/printf.c.obj
 .text._ntoa_long
                0x10002502       0xbc CMakeFiles/print.dir/Users/Omniajam/Desktop/me433/Pico/pico-sdk/src/rp2_common/pico_printf/printf.c.obj
 .text._ntoa_long_long
                0x100025be      0x10e CMakeFiles/print.dir/Users/Omniajam/Desktop/me433/Pico/pico-sdk/src/rp2_common/pico_printf/printf.c.obj
 .text._etoa    0x100026cc      0x420 CMakeFiles/print.dir/Users/Omniajam/Desktop/me433/Pico/pico-sdk/src/rp2_common/pico_printf/printf.c.obj
 .text._ftoa    0x10002aec      0x354 CMakeFiles/print.dir/Users/Omniajam/Desktop/me433/Pico/pico-sdk/src/rp2_common/pico_printf/printf.c.obj
 .text._vsnprintf
                0x10002e40      0x668 CMakeFiles/print.dir/Users/Omniajam/Desktop/me433/Pico/pico-sdk/src/rp2_common/pico_printf/printf.c.obj
 .text.__wrap_sprintf
                0x100034a8       0x2c CMakeFiles/print.dir/Users/Omniajam/Desktop/me433/Pico/pico-sdk/src/rp2_common/pico_printf/printf.c.obj
                0x100034a8                __wrap_sprintf
 .text.vfctprintf
                0x100034d4       0x20 CMakeFiles/print.dir/Users/Omniajam/Desktop/me433/Pico/pico-sdk/src/rp2_common/pico_printf/printf.c.obj
                0x100034d4                vfctprintf
 .text          0x100034f4       0x10 CMakeFiles/print.dir/Users/Omniajam/Desktop/me433/Pico/pico-sdk/src/rp2_common/pico_bit_ops/bit_ops_aeabi.S.obj
 .text.rom_func_lookup
                0x10003504       0x10 CMakeFiles/print.dir/Users/Omniajam/Desktop/me433/Pico/pico-sdk/src/rp2_common/pico_bootrom/bootrom.c.obj
                0x10003504                rom_func_lookup
 .text.rom_data_lookup
                0x10003514       0x10 CMakeFiles/print.dir/Users/Omniajam/Desktop/me433/Pico/pico-sdk/src/rp2_common/pico_bootrom/bootrom.c.obj
                0x10003514                rom_data_lookup
 .text.rom_funcs_lookup
                0x10003524       0x36 CMakeFiles/print.dir/Users/Omniajam/Desktop/me433/Pico/pico-sdk/src/rp2_common/pico_bootrom/bootrom.c.obj
                0x10003524                rom_funcs_lookup
 *fill*         0x1000355a        0x2 
 .text.__wrap___aeabi_idiv
                0x1000355c       0x50 CMakeFiles/print.dir/Users/Omniajam/Desktop/me433/Pico/pico-sdk/src/rp2_common/pico_divider/divider.S.obj
                0x1000355c                __wrap___aeabi_idivmod
                0x1000355c                divmod_s32s32
                0x1000355c                div_s32s32
                0x1000355c                __wrap___aeabi_idiv
                0x10003564                divmod_s32s32_unsafe
                0x10003590                divmod_s32s32_savestate
 .text.__wrap___aeabi_uidiv
                0x100035ac       0x4c CMakeFiles/print.dir/Users/Omniajam/Desktop/me433/Pico/pico-sdk/src/rp2_common/pico_divider/divider.S.obj
                0x100035ac                __wrap___aeabi_uidiv
                0x100035ac                __wrap___aeabi_uidivmod
                0x100035ac                div_u32u32
                0x100035ac                divmod_u32u32
                0x100035b4                divmod_u32u32_unsafe
                0x100035dc                divmod_u32u32_savestate
 .text.__wrap___aeabi_ldiv
                0x100035f8      0x424 CMakeFiles/print.dir/Users/Omniajam/Desktop/me433/Pico/pico-sdk/src/rp2_common/pico_divider/divider.S.obj
                0x100035f8                __wrap___aeabi_ldivmod
                0x100035f8                div_s64s64
                0x100035f8                divmod_s64s64
                0x10003628                divmod_u64u64
                0x10003628                div_u64u64
                0x10003628                __wrap___aeabi_uldivmod
                0x10003638                divmod_u64u64_savestate
                0x10003658                divmod_s64s64_unsafe
                0x100036e0                divmod_u64u64_unsafe
 .text.__wrap___aeabi_darithmetic
                0x10003a1c       0x80 CMakeFiles/print.dir/Users/Omniajam/Desktop/me433/Pico/pico-sdk/src/rp2_common/pico_double/double_aeabi.S.obj
                0x10003a1c                __wrap___aeabi_drsub
                0x10003a22                __wrap___aeabi_dsub
                0x10003a34                __wrap___aeabi_dadd
                0x10003a46                __wrap___aeabi_ddiv
                0x10003a82                __wrap___aeabi_dmul
 .text.__wrap___aeabi_cdcmple
                0x10003a9c       0x6c CMakeFiles/print.dir/Users/Omniajam/Desktop/me433/Pico/pico-sdk/src/rp2_common/pico_double/double_aeabi.S.obj
                0x10003a9c                __wrap___aeabi_cdrcmple
                0x10003aac                __wrap___aeabi_cdcmple
                0x10003aac                __wrap___aeabi_cdcmpeq
 .text.__wrap___aeabi_dcmpeq
                0x10003b08       0x10 CMakeFiles/print.dir/Users/Omniajam/Desktop/me433/Pico/pico-sdk/src/rp2_common/pico_double/double_aeabi.S.obj
                0x10003b08                __wrap___aeabi_dcmpeq
 .text.__wrap___aeabi_dcmplt
                0x10003b18        0xc CMakeFiles/print.dir/Users/Omniajam/Desktop/me433/Pico/pico-sdk/src/rp2_common/pico_double/double_aeabi.S.obj
                0x10003b18                __wrap___aeabi_dcmplt
 .text.__wrap___aeabi_dcmple
                0x10003b24       0x10 CMakeFiles/print.dir/Users/Omniajam/Desktop/me433/Pico/pico-sdk/src/rp2_common/pico_double/double_aeabi.S.obj
                0x10003b24                __wrap___aeabi_dcmple
 .text.__wrap___aeabi_dcmpge
                0x10003b34       0x10 CMakeFiles/print.dir/Users/Omniajam/Desktop/me433/Pico/pico-sdk/src/rp2_common/pico_double/double_aeabi.S.obj
                0x10003b34                __wrap___aeabi_dcmpge
 .text.__wrap___aeabi_dcmpgt
                0x10003b44        0xa CMakeFiles/print.dir/Users/Omniajam/Desktop/me433/Pico/pico-sdk/src/rp2_common/pico_double/double_aeabi.S.obj
                0x10003b44                __wrap___aeabi_dcmpgt
 .text.__wrap___aeabi_dcmpun
                0x10003b4e       0x1c CMakeFiles/print.dir/Users/Omniajam/Desktop/me433/Pico/pico-sdk/src/rp2_common/pico_double/double_aeabi.S.obj
                0x10003b4e                __wrap___aeabi_dcmpun
 *fill*         0x10003b6a        0x2 
 .text.__wrap___aeabi_i2d
                0x10003b6c       0x38 CMakeFiles/print.dir/Users/Omniajam/Desktop/me433/Pico/pico-sdk/src/rp2_common/pico_double/double_aeabi.S.obj
                0x10003b6c                __wrap___aeabi_ui2d
                0x10003b74                __wrap___aeabi_i2d
 .text.__wrap___aeabi_d2iz
                0x10003ba4       0x48 CMakeFiles/print.dir/Users/Omniajam/Desktop/me433/Pico/pico-sdk/src/rp2_common/pico_double/double_aeabi.S.obj
                0x10003ba4                __wrap___aeabi_d2iz
                0x10003ba4                double2int_z
 .text.__wrap___aeabi_d2uiz
                0x10003bec       0x18 CMakeFiles/print.dir/Users/Omniajam/Desktop/me433/Pico/pico-sdk/src/rp2_common/pico_double/double_aeabi.S.obj
                0x10003bec                double2uint
                0x10003bec                __wrap___aeabi_d2uiz
 .text.__wrap___aeabi_l2d
                0x10003c04       0x18 CMakeFiles/print.dir/Users/Omniajam/Desktop/me433/Pico/pico-sdk/src/rp2_common/pico_double/double_aeabi.S.obj
                0x10003c04                __wrap___aeabi_l2d
 .text.__wrap___aeabi_d2lz
                0x10003c1c       0x26 CMakeFiles/print.dir/Users/Omniajam/Desktop/me433/Pico/pico-sdk/src/rp2_common/pico_double/double_aeabi.S.obj
                0x10003c1c                __wrap___aeabi_d2lz
                0x10003c1c                double2int64_z
 *fill*         0x10003c42        0x2 
 .text.double2int64
                0x10003c44       0x18 CMakeFiles/print.dir/Users/Omniajam/Desktop/me433/Pico/pico-sdk/src/rp2_common/pico_double/double_aeabi.S.obj
                0x10003c44                double2int64
 .text.double2ufix64
                0x10003c5c       0x18 CMakeFiles/print.dir/Users/Omniajam/Desktop/me433/Pico/pico-sdk/src/rp2_common/pico_double/double_aeabi.S.obj
                0x10003c5c                double2ufix64
 .text.__wrap___aeabi_d2f
                0x10003c74       0x18 CMakeFiles/print.dir/Users/Omniajam/Desktop/me433/Pico/pico-sdk/src/rp2_common/pico_double/double_aeabi.S.obj
                0x10003c74                __wrap___aeabi_d2f
 .text.__aeabi_double_init
                0x10003c8c       0xcc CMakeFiles/print.dir/Users/Omniajam/Desktop/me433/Pico/pico-sdk/src/rp2_common/pico_double/double_init_rom.c.obj
                0x10003c8c                __aeabi_double_init
 .text.double_table_shim_on_use_helper
                0x10003d58       0x34 CMakeFiles/print.dir/Users/Omniajam/Desktop/me433/Pico/pico-sdk/src/rp2_common/pico_double/double_v1_rom_shim.S.obj
                0x10003d58                double_table_shim_on_use_helper
 .text.__wrap___aeabi_dsub
                0x10003d8c       0x10 CMakeFiles/print.dir/Users/Omniajam/Desktop/me433/Pico/pico-sdk/src/rp2_common/pico_double/double_v1_rom_shim.S.obj
                0x10003d8c                drsub_shim
                0x10003d92                dsub_shim
 .text.dadd_shim
                0x10003d9c      0x15c CMakeFiles/print.dir/Users/Omniajam/Desktop/me433/Pico/pico-sdk/src/rp2_common/pico_double/double_v1_rom_shim.S.obj
                0x10003d9c                dadd_shim
 .text.dmul_shim
                0x10003ef8      0x15c CMakeFiles/print.dir/Users/Omniajam/Desktop/me433/Pico/pico-sdk/src/rp2_common/pico_double/double_v1_rom_shim.S.obj
                0x10003ef8                dmul_shim
 .text.ddiv_shim
                0x10004054      0x1b0 CMakeFiles/print.dir/Users/Omniajam/Desktop/me433/Pico/pico-sdk/src/rp2_common/pico_double/double_v1_rom_shim.S.obj
                0x10004054                ddiv_shim
 .text.double2uint_shim
                0x10004204        0xe CMakeFiles/print.dir/Users/Omniajam/Desktop/me433/Pico/pico-sdk/src/rp2_common/pico_double/double_v1_rom_shim.S.obj
                0x10004204                double2uint_shim
                0x10004206                double2ufix_shim
 .text.double2int64_shim
                0x10004212       0x1a CMakeFiles/print.dir/Users/Omniajam/Desktop/me433/Pico/pico-sdk/src/rp2_common/pico_double/double_v1_rom_shim.S.obj
                0x10004212                double2int64_shim
                0x10004214                double2fix64_shim
 .text.double2uint64_shim
                0x1000422c       0x70 CMakeFiles/print.dir/Users/Omniajam/Desktop/me433/Pico/pico-sdk/src/rp2_common/pico_double/double_v1_rom_shim.S.obj
                0x1000422c                double2uint64_shim
                0x1000422e                double2ufix64_shim
                0x1000424e                d2fix_a
 .text.double2float_shim
                0x1000429c       0x5c CMakeFiles/print.dir/Users/Omniajam/Desktop/me433/Pico/pico-sdk/src/rp2_common/pico_double/double_v1_rom_shim.S.obj
                0x1000429c                double2float_shim
 .text.x2double_shims
                0x100042f8       0x90 CMakeFiles/print.dir/Users/Omniajam/Desktop/me433/Pico/pico-sdk/src/rp2_common/pico_double/double_v1_rom_shim.S.obj
                0x100042f8                uint2double_shim
                0x100042fa                ufix2double_shim
                0x10004300                int2double_shim
                0x10004302                fix2double_shim
                0x10004308                uint642double_shim
                0x1000430a                ufix642double_shim
                0x10004310                int642double_shim
                0x10004312                fix642double_shim
 .text.dunpacks
                0x10004388       0x3c CMakeFiles/print.dir/Users/Omniajam/Desktop/me433/Pico/pico-sdk/src/rp2_common/pico_double/double_v1_rom_shim.S.obj
                0x10004388                dunpacks
 .text.__aeabi_lmul
                0x100043c4       0x32 CMakeFiles/print.dir/Users/Omniajam/Desktop/me433/Pico/pico-sdk/src/rp2_common/pico_int64_ops/pico_int64_ops_aeabi.S.obj
                0x100043c4                __wrap___aeabi_lmul
 *fill*         0x100043f6        0x2 
 .text.__aeabi_float_init
                0x100043f8       0xfc CMakeFiles/print.dir/Users/Omniajam/Desktop/me433/Pico/pico-sdk/src/rp2_common/pico_float/float_init_rom.c.obj
                0x100043f8                __aeabi_float_init
 .text.float_table_shim_on_use_helper
                0x100044f4       0x34 CMakeFiles/print.dir/Users/Omniajam/Desktop/me433/Pico/pico-sdk/src/rp2_common/pico_float/float_v1_rom_shim.S.obj
                0x100044f4                float_table_shim_on_use_helper
 .text.check_alloc
                0x10004528       0x20 CMakeFiles/print.dir/Users/Omniajam/Desktop/me433/Pico/pico-sdk/src/rp2_common/pico_malloc/pico_malloc.c.obj
 .text.__wrap_malloc
                0x10004548       0x14 CMakeFiles/print.dir/Users/Omniajam/Desktop/me433/Pico/pico-sdk/src/rp2_common/pico_malloc/pico_malloc.c.obj
                0x10004548                __wrap_malloc
 .text.__wrap_realloc
                0x1000455c       0x14 CMakeFiles/print.dir/Users/Omniajam/Desktop/me433/Pico/pico-sdk/src/rp2_common/pico_malloc/pico_malloc.c.obj
                0x1000455c                __wrap_realloc
 .text.__wrap_free
                0x10004570        0x8 CMakeFiles/print.dir/Users/Omniajam/Desktop/me433/Pico/pico-sdk/src/rp2_common/pico_malloc/pico_malloc.c.obj
                0x10004570                __wrap_free
 .text          0x10004578       0x10 CMakeFiles/print.dir/Users/Omniajam/Desktop/me433/Pico/pico-sdk/src/rp2_common/pico_mem_ops/mem_ops_aeabi.S.obj
                0x10004578                __aeabi_mem_init
 .text.memset   0x10004588        0xc CMakeFiles/print.dir/Users/Omniajam/Desktop/me433/Pico/pico-sdk/src/rp2_common/pico_mem_ops/mem_ops_aeabi.S.obj
                0x10004588                __wrap_memset
 .text.memcpy   0x10004594        0xc CMakeFiles/print.dir/Users/Omniajam/Desktop/me433/Pico/pico-sdk/src/rp2_common/pico_mem_ops/mem_ops_aeabi.S.obj
                0x10004594                __wrap___aeabi_memcpy
                0x10004594                __wrap_memcpy
 .text.time_reached
                0x100045a0       0x28 CMakeFiles/print.dir/Users/Omniajam/Desktop/me433/Pico/pico-sdk/src/rp2_common/pico_stdio/stdio.c.obj
 .text.stdio_out_chars_no_crlf
                0x100045c8        0xe CMakeFiles/print.dir/Users/Omniajam/Desktop/me433/Pico/pico-sdk/src/rp2_common/pico_stdio/stdio.c.obj
 *fill*         0x100045d6        0x2 
 .text.stdio_out_chars_crlf
                0x100045d8       0x80 CMakeFiles/print.dir/Users/Omniajam/Desktop/me433/Pico/pico-sdk/src/rp2_common/pico_stdio/stdio.c.obj
 .text.stdio_stack_buffer_flush
                0x10004658       0x44 CMakeFiles/print.dir/Users/Omniajam/Desktop/me433/Pico/pico-sdk/src/rp2_common/pico_stdio/stdio.c.obj
 .text.stdio_buffered_printer
                0x1000469c       0x20 CMakeFiles/print.dir/Users/Omniajam/Desktop/me433/Pico/pico-sdk/src/rp2_common/pico_stdio/stdio.c.obj
 .text.update_us_since_boot
                0x100046bc       0x24 CMakeFiles/print.dir/Users/Omniajam/Desktop/me433/Pico/pico-sdk/src/rp2_common/pico_stdio/stdio.c.obj
 .text.get_absolute_time
                0x100046e0       0x22 CMakeFiles/print.dir/Users/Omniajam/Desktop/me433/Pico/pico-sdk/src/rp2_common/pico_stdio/stdio.c.obj
 *fill*         0x10004702        0x2 
 .text.delayed_by_ms
                0x10004704       0x44 CMakeFiles/print.dir/Users/Omniajam/Desktop/me433/Pico/pico-sdk/src/rp2_common/pico_stdio/stdio.c.obj
 .text.make_timeout_time_ms
                0x10004748       0x20 CMakeFiles/print.dir/Users/Omniajam/Desktop/me433/Pico/pico-sdk/src/rp2_common/pico_stdio/stdio.c.obj
 .text.stdio_get_until
                0x10004768       0x64 CMakeFiles/print.dir/Users/Omniajam/Desktop/me433/Pico/pico-sdk/src/rp2_common/pico_stdio/stdio.c.obj
 .text.stdout_serialize_begin
                0x100047cc       0x20 CMakeFiles/print.dir/Users/Omniajam/Desktop/me433/Pico/pico-sdk/src/rp2_common/pico_stdio/stdio.c.obj
                0x100047cc                stdout_serialize_begin
 .text.stdout_serialize_end
                0x100047ec       0x10 CMakeFiles/print.dir/Users/Omniajam/Desktop/me433/Pico/pico-sdk/src/rp2_common/pico_stdio/stdio.c.obj
                0x100047ec                stdout_serialize_end
 .text.stdio_put_string
                0x100047fc       0x98 CMakeFiles/print.dir/Users/Omniajam/Desktop/me433/Pico/pico-sdk/src/rp2_common/pico_stdio/stdio.c.obj
 .text._read    0x10004894       0x24 CMakeFiles/print.dir/Users/Omniajam/Desktop/me433/Pico/pico-sdk/src/rp2_common/pico_stdio/stdio.c.obj
                0x10004894                _read
 .text._write   0x100048b8       0x22 CMakeFiles/print.dir/Users/Omniajam/Desktop/me433/Pico/pico-sdk/src/rp2_common/pico_stdio/stdio.c.obj
                0x100048b8                _write
 .text._close   0x100048da        0x6 CMakeFiles/print.dir/Users/Omniajam/Desktop/me433/Pico/pico-sdk/src/rp2_common/pico_stdio/stdio.c.obj
                0x100048da                _close
 .text._lseek   0x100048e0        0x6 CMakeFiles/print.dir/Users/Omniajam/Desktop/me433/Pico/pico-sdk/src/rp2_common/pico_stdio/stdio.c.obj
                0x100048e0                _lseek
 .text._fstat   0x100048e6        0x6 CMakeFiles/print.dir/Users/Omniajam/Desktop/me433/Pico/pico-sdk/src/rp2_common/pico_stdio/stdio.c.obj
                0x100048e6                _fstat
 .text._isatty  0x100048ec        0xc CMakeFiles/print.dir/Users/Omniajam/Desktop/me433/Pico/pico-sdk/src/rp2_common/pico_stdio/stdio.c.obj
                0x100048ec                _isatty
 .text.stdio_set_driver_enabled
                0x100048f8       0x2c CMakeFiles/print.dir/Users/Omniajam/Desktop/me433/Pico/pico-sdk/src/rp2_common/pico_stdio/stdio.c.obj
                0x100048f8                stdio_set_driver_enabled
 .text.stdio_flush
                0x10004924       0x20 CMakeFiles/print.dir/Users/Omniajam/Desktop/me433/Pico/pico-sdk/src/rp2_common/pico_stdio/stdio.c.obj
                0x10004924                stdio_flush
 .text.__wrap_puts
                0x10004944       0x1e CMakeFiles/print.dir/Users/Omniajam/Desktop/me433/Pico/pico-sdk/src/rp2_common/pico_stdio/stdio.c.obj
                0x10004944                __wrap_puts
 *fill*         0x10004962        0x2 
 .text.__wrap_vprintf
                0x10004964       0x40 CMakeFiles/print.dir/Users/Omniajam/Desktop/me433/Pico/pico-sdk/src/rp2_common/pico_stdio/stdio.c.obj
                0x10004964                __wrap_vprintf
 .text.__wrap_printf
                0x100049a4       0x18 CMakeFiles/print.dir/Users/Omniajam/Desktop/me433/Pico/pico-sdk/src/rp2_common/pico_stdio/stdio.c.obj
                0x100049a4                __wrap_printf
 .text.stdio_init_all
                0x100049bc        0x8 CMakeFiles/print.dir/Users/Omniajam/Desktop/me433/Pico/pico-sdk/src/rp2_common/pico_stdio/stdio.c.obj
                0x100049bc                stdio_init_all
 .text.resetd_init
                0x100049c4        0x2 CMakeFiles/print.dir/Users/Omniajam/Desktop/me433/Pico/pico-sdk/src/rp2_common/pico_stdio_usb/reset_interface.c.obj
 *fill*         0x100049c6        0x2 
 .text.resetd_reset
                0x100049c8        0xc CMakeFiles/print.dir/Users/Omniajam/Desktop/me433/Pico/pico-sdk/src/rp2_common/pico_stdio_usb/reset_interface.c.obj
 .text.resetd_open
                0x100049d4       0x34 CMakeFiles/print.dir/Users/Omniajam/Desktop/me433/Pico/pico-sdk/src/rp2_common/pico_stdio_usb/reset_interface.c.obj
 .text.resetd_xfer_cb
                0x10004a08        0x4 CMakeFiles/print.dir/Users/Omniajam/Desktop/me433/Pico/pico-sdk/src/rp2_common/pico_stdio_usb/reset_interface.c.obj
 .text.reset_usb_boot
                0x10004a0c       0x18 CMakeFiles/print.dir/Users/Omniajam/Desktop/me433/Pico/pico-sdk/src/rp2_common/pico_stdio_usb/reset_interface.c.obj
 .text.resetd_control_xfer_cb
                0x10004a24       0x5c CMakeFiles/print.dir/Users/Omniajam/Desktop/me433/Pico/pico-sdk/src/rp2_common/pico_stdio_usb/reset_interface.c.obj
 .text.usbd_app_driver_get_cb
                0x10004a80        0xc CMakeFiles/print.dir/Users/Omniajam/Desktop/me433/Pico/pico-sdk/src/rp2_common/pico_stdio_usb/reset_interface.c.obj
                0x10004a80                usbd_app_driver_get_cb
 .text.tud_cdc_line_coding_cb
                0x10004a8c       0x28 CMakeFiles/print.dir/Users/Omniajam/Desktop/me433/Pico/pico-sdk/src/rp2_common/pico_stdio_usb/reset_interface.c.obj
                0x10004a8c                tud_cdc_line_coding_cb
 .text.stdio_usb_set_chars_available_callback
                0x10004ab4       0x14 CMakeFiles/print.dir/Users/Omniajam/Desktop/me433/Pico/pico-sdk/src/rp2_common/pico_stdio_usb/stdio_usb.c.obj
                0x10004ab4                stdio_usb_set_chars_available_callback
 .text.update_us_since_boot
                0x10004ac8       0x24 CMakeFiles/print.dir/Users/Omniajam/Desktop/me433/Pico/pico-sdk/src/rp2_common/pico_stdio_usb/stdio_usb.c.obj
 .text.get_absolute_time
                0x10004aec       0x22 CMakeFiles/print.dir/Users/Omniajam/Desktop/me433/Pico/pico-sdk/src/rp2_common/pico_stdio_usb/stdio_usb.c.obj
 *fill*         0x10004b0e        0x2 
 .text.delayed_by_ms
                0x10004b10       0x44 CMakeFiles/print.dir/Users/Omniajam/Desktop/me433/Pico/pico-sdk/src/rp2_common/pico_stdio_usb/stdio_usb.c.obj
 .text.make_timeout_time_ms
                0x10004b54       0x20 CMakeFiles/print.dir/Users/Omniajam/Desktop/me433/Pico/pico-sdk/src/rp2_common/pico_stdio_usb/stdio_usb.c.obj
 .text.delayed_by_us
                0x10004b74       0x34 CMakeFiles/print.dir/Users/Omniajam/Desktop/me433/Pico/pico-sdk/src/rp2_common/pico_stdio_usb/stdio_usb.c.obj
 .text.usb_irq  0x10004ba8       0x10 CMakeFiles/print.dir/Users/Omniajam/Desktop/me433/Pico/pico-sdk/src/rp2_common/pico_stdio_usb/stdio_usb.c.obj
 .text.critical_section_enter_blocking
                0x10004bb8       0x16 CMakeFiles/print.dir/Users/Omniajam/Desktop/me433/Pico/pico-sdk/src/rp2_common/pico_stdio_usb/stdio_usb.c.obj
 *fill*         0x10004bce        0x2 
 .text.timer_task
                0x10004bd0       0x4c CMakeFiles/print.dir/Users/Omniajam/Desktop/me433/Pico/pico-sdk/src/rp2_common/pico_stdio_usb/stdio_usb.c.obj
 .text.alarm_pool_add_alarm_in_us
                0x10004c1c       0x3a CMakeFiles/print.dir/Users/Omniajam/Desktop/me433/Pico/pico-sdk/src/rp2_common/pico_stdio_usb/stdio_usb.c.obj
 .text.add_alarm_in_us
                0x10004c56       0x2e CMakeFiles/print.dir/Users/Omniajam/Desktop/me433/Pico/pico-sdk/src/rp2_common/pico_stdio_usb/stdio_usb.c.obj
 .text.low_priority_worker_irq
                0x10004c84       0x7c CMakeFiles/print.dir/Users/Omniajam/Desktop/me433/Pico/pico-sdk/src/rp2_common/pico_stdio_usb/stdio_usb.c.obj
 .text.tud_cdc_rx_cb
                0x10004d00       0x20 CMakeFiles/print.dir/Users/Omniajam/Desktop/me433/Pico/pico-sdk/src/rp2_common/pico_stdio_usb/stdio_usb.c.obj
                0x10004d00                tud_cdc_rx_cb
 .text.stdio_usb_init
                0x10004d20       0xd0 CMakeFiles/print.dir/Users/Omniajam/Desktop/me433/Pico/pico-sdk/src/rp2_common/pico_stdio_usb/stdio_usb.c.obj
                0x10004d20                stdio_usb_init
 .text.stdio_usb_connected
                0x10004df0        0xa CMakeFiles/print.dir/Users/Omniajam/Desktop/me433/Pico/pico-sdk/src/rp2_common/pico_stdio_usb/stdio_usb.c.obj
                0x10004df0                stdio_usb_connected
 *fill*         0x10004dfa        0x2 
 .text.stdio_usb_in_chars
                0x10004dfc       0x88 CMakeFiles/print.dir/Users/Omniajam/Desktop/me433/Pico/pico-sdk/src/rp2_common/pico_stdio_usb/stdio_usb.c.obj
                0x10004dfc                stdio_usb_in_chars
 .text.stdio_usb_out_chars
                0x10004e84       0xd8 CMakeFiles/print.dir/Users/Omniajam/Desktop/me433/Pico/pico-sdk/src/rp2_common/pico_stdio_usb/stdio_usb.c.obj
 .text.tud_descriptor_device_cb
                0x10004f5c        0x8 CMakeFiles/print.dir/Users/Omniajam/Desktop/me433/Pico/pico-sdk/src/rp2_common/pico_stdio_usb/stdio_usb_descriptors.c.obj
                0x10004f5c                tud_descriptor_device_cb
 .text.tud_descriptor_configuration_cb
                0x10004f64        0x8 CMakeFiles/print.dir/Users/Omniajam/Desktop/me433/Pico/pico-sdk/src/rp2_common/pico_stdio_usb/stdio_usb_descriptors.c.obj
                0x10004f64                tud_descriptor_configuration_cb
 .text.tud_descriptor_string_cb
                0x10004f6c       0x6c CMakeFiles/print.dir/Users/Omniajam/Desktop/me433/Pico/pico-sdk/src/rp2_common/pico_stdio_usb/stdio_usb_descriptors.c.obj
                0x10004f6c                tud_descriptor_string_cb
 .text._retrieve_unique_id_on_boot
                0x10004fd8       0x10 CMakeFiles/print.dir/Users/Omniajam/Desktop/me433/Pico/pico-sdk/src/rp2_common/pico_unique_id/unique_id.c.obj
 .text.pico_get_unique_board_id_string
                0x10004fe8       0x5c CMakeFiles/print.dir/Users/Omniajam/Desktop/me433/Pico/pico-sdk/src/rp2_common/pico_unique_id/unique_id.c.obj
                0x10004fe8                pico_get_unique_board_id_string
 .text.flash_get_unique_id
                0x10005044       0x40 CMakeFiles/print.dir/Users/Omniajam/Desktop/me433/Pico/pico-sdk/src/rp2_common/hardware_flash/flash.c.obj
                0x10005044                flash_get_unique_id
 .text.hw_endpoint_get_by_addr
                0x10005084       0x18 CMakeFiles/print.dir/Users/Omniajam/Desktop/me433/Pico/pico-sdk/lib/tinyusb/src/portable/raspberrypi/rp2040/dcd_rp2040.c.obj
 .text._hw_endpoint_alloc
                0x1000509c       0x70 CMakeFiles/print.dir/Users/Omniajam/Desktop/me433/Pico/pico-sdk/lib/tinyusb/src/portable/raspberrypi/rp2040/dcd_rp2040.c.obj
 .text.hw_endpoint_init
                0x1000510c       0x88 CMakeFiles/print.dir/Users/Omniajam/Desktop/me433/Pico/pico-sdk/lib/tinyusb/src/portable/raspberrypi/rp2040/dcd_rp2040.c.obj
 .text.dcd_event_sof
                0x10005194       0x2c CMakeFiles/print.dir/Users/Omniajam/Desktop/me433/Pico/pico-sdk/lib/tinyusb/src/portable/raspberrypi/rp2040/dcd_rp2040.c.obj
 .text.hw_endpoint_xfer
                0x100051c0       0x14 CMakeFiles/print.dir/Users/Omniajam/Desktop/me433/Pico/pico-sdk/lib/tinyusb/src/portable/raspberrypi/rp2040/dcd_rp2040.c.obj
 .text.dcd_int_enable
                0x100051d4       0x2c CMakeFiles/print.dir/Users/Omniajam/Desktop/me433/Pico/pico-sdk/lib/tinyusb/src/portable/raspberrypi/rp2040/dcd_rp2040.c.obj
                0x100051d4                dcd_int_enable
 .text.dcd_set_address
                0x10005200       0x2c CMakeFiles/print.dir/Users/Omniajam/Desktop/me433/Pico/pico-sdk/lib/tinyusb/src/portable/raspberrypi/rp2040/dcd_rp2040.c.obj
                0x10005200                dcd_set_address
 .text.dcd_connect
                0x1000522c       0x10 CMakeFiles/print.dir/Users/Omniajam/Desktop/me433/Pico/pico-sdk/lib/tinyusb/src/portable/raspberrypi/rp2040/dcd_rp2040.c.obj
                0x1000522c                dcd_connect
 .text.dcd_init
                0x1000523c       0x80 CMakeFiles/print.dir/Users/Omniajam/Desktop/me433/Pico/pico-sdk/lib/tinyusb/src/portable/raspberrypi/rp2040/dcd_rp2040.c.obj
                0x1000523c                dcd_init
 .text.dcd_edpt0_status_complete
                0x100052bc       0x1c CMakeFiles/print.dir/Users/Omniajam/Desktop/me433/Pico/pico-sdk/lib/tinyusb/src/portable/raspberrypi/rp2040/dcd_rp2040.c.obj
                0x100052bc                dcd_edpt0_status_complete
 .text.dcd_edpt_open
                0x100052d8       0x40 CMakeFiles/print.dir/Users/Omniajam/Desktop/me433/Pico/pico-sdk/lib/tinyusb/src/portable/raspberrypi/rp2040/dcd_rp2040.c.obj
                0x100052d8                dcd_edpt_open
 .text.dcd_edpt_close_all
                0x10005318        0x8 CMakeFiles/print.dir/Users/Omniajam/Desktop/me433/Pico/pico-sdk/lib/tinyusb/src/portable/raspberrypi/rp2040/dcd_rp2040.c.obj
                0x10005318                dcd_edpt_close_all
 .text.dcd_edpt_xfer
                0x10005320       0x34 CMakeFiles/print.dir/Users/Omniajam/Desktop/me433/Pico/pico-sdk/lib/tinyusb/src/portable/raspberrypi/rp2040/dcd_rp2040.c.obj
                0x10005320                dcd_edpt_xfer
 .text.dcd_edpt_stall
                0x10005354       0x2c CMakeFiles/print.dir/Users/Omniajam/Desktop/me433/Pico/pico-sdk/lib/tinyusb/src/portable/raspberrypi/rp2040/dcd_rp2040.c.obj
                0x10005354                dcd_edpt_stall
 .text.dcd_edpt_clear_stall
                0x10005380       0x20 CMakeFiles/print.dir/Users/Omniajam/Desktop/me433/Pico/pico-sdk/lib/tinyusb/src/portable/raspberrypi/rp2040/dcd_rp2040.c.obj
                0x10005380                dcd_edpt_clear_stall
 .text.rp2040_usb_init
                0x100053a0       0x4c CMakeFiles/print.dir/Users/Omniajam/Desktop/me433/Pico/pico-sdk/lib/tinyusb/src/portable/raspberrypi/rp2040/rp2040_usb.c.obj
                0x100053a0                rp2040_usb_init
 .text.hw_endpoint_xfer_start
                0x100053ec       0x50 CMakeFiles/print.dir/Users/Omniajam/Desktop/me433/Pico/pico-sdk/lib/tinyusb/src/portable/raspberrypi/rp2040/rp2040_usb.c.obj
                0x100053ec                hw_endpoint_xfer_start
 .text.configuration_reset
                0x1000543c       0x84 CMakeFiles/print.dir/Users/Omniajam/Desktop/me433/Pico/pico-sdk/lib/tinyusb/src/device/usbd.c.obj
 .text.critical_section_enter_blocking
                0x100054c0       0x16 CMakeFiles/print.dir/Users/Omniajam/Desktop/me433/Pico/pico-sdk/lib/tinyusb/src/device/usbd.c.obj
 .text.usbd_reset
                0x100054d6        0xc CMakeFiles/print.dir/Users/Omniajam/Desktop/me433/Pico/pico-sdk/lib/tinyusb/src/device/usbd.c.obj
 .text.invoke_class_control
                0x100054e2       0x1a CMakeFiles/print.dir/Users/Omniajam/Desktop/me433/Pico/pico-sdk/lib/tinyusb/src/device/usbd.c.obj
 .text.process_set_config
                0x100054fc      0x178 CMakeFiles/print.dir/Users/Omniajam/Desktop/me433/Pico/pico-sdk/lib/tinyusb/src/device/usbd.c.obj
 .text.process_get_descriptor
                0x10005674       0xdc CMakeFiles/print.dir/Users/Omniajam/Desktop/me433/Pico/pico-sdk/lib/tinyusb/src/device/usbd.c.obj
 .text.tud_mounted
                0x10005750       0x10 CMakeFiles/print.dir/Users/Omniajam/Desktop/me433/Pico/pico-sdk/lib/tinyusb/src/device/usbd.c.obj
                0x10005750                tud_mounted
 .text.tud_suspended
                0x10005760       0x10 CMakeFiles/print.dir/Users/Omniajam/Desktop/me433/Pico/pico-sdk/lib/tinyusb/src/device/usbd.c.obj
                0x10005760                tud_suspended
 .text.tud_inited
                0x10005770       0x14 CMakeFiles/print.dir/Users/Omniajam/Desktop/me433/Pico/pico-sdk/lib/tinyusb/src/device/usbd.c.obj
                0x10005770                tud_inited
 .text.tud_init
                0x10005784       0xcc CMakeFiles/print.dir/Users/Omniajam/Desktop/me433/Pico/pico-sdk/lib/tinyusb/src/device/usbd.c.obj
                0x10005784                tud_init
 .text.usbd_defer_func
                0x10005850       0x2a CMakeFiles/print.dir/Users/Omniajam/Desktop/me433/Pico/pico-sdk/lib/tinyusb/src/device/usbd.c.obj
                0x10005850                usbd_defer_func
 *fill*         0x1000587a        0x2 
 .text.usbd_edpt_open
                0x1000587c       0x34 CMakeFiles/print.dir/Users/Omniajam/Desktop/me433/Pico/pico-sdk/lib/tinyusb/src/device/usbd.c.obj
                0x1000587c                usbd_edpt_open
 .text.usbd_open_edpt_pair
                0x100058b0       0x62 CMakeFiles/print.dir/Users/Omniajam/Desktop/me433/Pico/pico-sdk/lib/tinyusb/src/device/usbd.c.obj
                0x100058b0                usbd_open_edpt_pair
 *fill*         0x10005912        0x2 
 .text.usbd_edpt_claim
                0x10005914       0x28 CMakeFiles/print.dir/Users/Omniajam/Desktop/me433/Pico/pico-sdk/lib/tinyusb/src/device/usbd.c.obj
                0x10005914                usbd_edpt_claim
 .text.usbd_edpt_release
                0x1000593c       0x28 CMakeFiles/print.dir/Users/Omniajam/Desktop/me433/Pico/pico-sdk/lib/tinyusb/src/device/usbd.c.obj
                0x1000593c                usbd_edpt_release
 .text.usbd_edpt_xfer
                0x10005964       0x78 CMakeFiles/print.dir/Users/Omniajam/Desktop/me433/Pico/pico-sdk/lib/tinyusb/src/device/usbd.c.obj
                0x10005964                usbd_edpt_xfer
 .text.usbd_edpt_stall
                0x100059dc       0x48 CMakeFiles/print.dir/Users/Omniajam/Desktop/me433/Pico/pico-sdk/lib/tinyusb/src/device/usbd.c.obj
                0x100059dc                usbd_edpt_stall
 .text.usbd_edpt_clear_stall
                0x10005a24       0x48 CMakeFiles/print.dir/Users/Omniajam/Desktop/me433/Pico/pico-sdk/lib/tinyusb/src/device/usbd.c.obj
                0x10005a24                usbd_edpt_clear_stall
 .text.usbd_edpt_stalled
                0x10005a6c       0x1c CMakeFiles/print.dir/Users/Omniajam/Desktop/me433/Pico/pico-sdk/lib/tinyusb/src/device/usbd.c.obj
                0x10005a6c                usbd_edpt_stalled
 .text.process_control_request
                0x10005a88      0x374 CMakeFiles/print.dir/Users/Omniajam/Desktop/me433/Pico/pico-sdk/lib/tinyusb/src/device/usbd.c.obj
 .text.tud_task_ext
                0x10005dfc      0x1a8 CMakeFiles/print.dir/Users/Omniajam/Desktop/me433/Pico/pico-sdk/lib/tinyusb/src/device/usbd.c.obj
                0x10005dfc                tud_task_ext
 .text._status_stage_xact
                0x10005fa4       0x1a CMakeFiles/print.dir/Users/Omniajam/Desktop/me433/Pico/pico-sdk/lib/tinyusb/src/device/usbd_control.c.obj
 *fill*         0x10005fbe        0x2 
 .text._data_stage_xact
                0x10005fc0       0x58 CMakeFiles/print.dir/Users/Omniajam/Desktop/me433/Pico/pico-sdk/lib/tinyusb/src/device/usbd_control.c.obj
 .text.tud_control_status
                0x10006018       0x28 CMakeFiles/print.dir/Users/Omniajam/Desktop/me433/Pico/pico-sdk/lib/tinyusb/src/device/usbd_control.c.obj
                0x10006018                tud_control_status
 .text.tud_control_xfer
                0x10006040       0x68 CMakeFiles/print.dir/Users/Omniajam/Desktop/me433/Pico/pico-sdk/lib/tinyusb/src/device/usbd_control.c.obj
                0x10006040                tud_control_xfer
 .text.usbd_control_reset
                0x100060a8       0x14 CMakeFiles/print.dir/Users/Omniajam/Desktop/me433/Pico/pico-sdk/lib/tinyusb/src/device/usbd_control.c.obj
                0x100060a8                usbd_control_reset
 .text.usbd_control_set_complete_callback
                0x100060bc        0xc CMakeFiles/print.dir/Users/Omniajam/Desktop/me433/Pico/pico-sdk/lib/tinyusb/src/device/usbd_control.c.obj
                0x100060bc                usbd_control_set_complete_callback
 .text.usbd_control_set_request
                0x100060c8       0x1c CMakeFiles/print.dir/Users/Omniajam/Desktop/me433/Pico/pico-sdk/lib/tinyusb/src/device/usbd_control.c.obj
                0x100060c8                usbd_control_set_request
 .text.usbd_control_xfer_cb
                0x100060e4       0xbc CMakeFiles/print.dir/Users/Omniajam/Desktop/me433/Pico/pico-sdk/lib/tinyusb/src/device/usbd_control.c.obj
                0x100060e4                usbd_control_xfer_cb
 .text._prep_out_transaction
                0x100061a0       0x4a CMakeFiles/print.dir/Users/Omniajam/Desktop/me433/Pico/pico-sdk/lib/tinyusb/src/class/cdc/cdc_device.c.obj
 *fill*         0x100061ea        0x2 
 .text.tud_cdc_n_connected
                0x100061ec       0x38 CMakeFiles/print.dir/Users/Omniajam/Desktop/me433/Pico/pico-sdk/lib/tinyusb/src/class/cdc/cdc_device.c.obj
                0x100061ec                tud_cdc_n_connected
 .text.tud_cdc_n_available
                0x10006224       0x18 CMakeFiles/print.dir/Users/Omniajam/Desktop/me433/Pico/pico-sdk/lib/tinyusb/src/class/cdc/cdc_device.c.obj
                0x10006224                tud_cdc_n_available
 .text.tud_cdc_n_read
                0x1000623c       0x28 CMakeFiles/print.dir/Users/Omniajam/Desktop/me433/Pico/pico-sdk/lib/tinyusb/src/class/cdc/cdc_device.c.obj
                0x1000623c                tud_cdc_n_read
 .text.tud_cdc_n_write_flush
                0x10006264       0xb8 CMakeFiles/print.dir/Users/Omniajam/Desktop/me433/Pico/pico-sdk/lib/tinyusb/src/class/cdc/cdc_device.c.obj
                0x10006264                tud_cdc_n_write_flush
 .text.tud_cdc_n_write
                0x1000631c       0x38 CMakeFiles/print.dir/Users/Omniajam/Desktop/me433/Pico/pico-sdk/lib/tinyusb/src/class/cdc/cdc_device.c.obj
                0x1000631c                tud_cdc_n_write
 .text.tud_cdc_n_write_available
                0x10006354       0x1c CMakeFiles/print.dir/Users/Omniajam/Desktop/me433/Pico/pico-sdk/lib/tinyusb/src/class/cdc/cdc_device.c.obj
                0x10006354                tud_cdc_n_write_available
 .text.cdcd_init
                0x10006370       0xbc CMakeFiles/print.dir/Users/Omniajam/Desktop/me433/Pico/pico-sdk/lib/tinyusb/src/class/cdc/cdc_device.c.obj
                0x10006370                cdcd_init
 .text.cdcd_reset
                0x1000642c       0x44 CMakeFiles/print.dir/Users/Omniajam/Desktop/me433/Pico/pico-sdk/lib/tinyusb/src/class/cdc/cdc_device.c.obj
                0x1000642c                cdcd_reset
 .text.cdcd_open
                0x10006470       0xc4 CMakeFiles/print.dir/Users/Omniajam/Desktop/me433/Pico/pico-sdk/lib/tinyusb/src/class/cdc/cdc_device.c.obj
                0x10006470                cdcd_open
 .text.cdcd_control_xfer_cb
                0x10006534      0x134 CMakeFiles/print.dir/Users/Omniajam/Desktop/me433/Pico/pico-sdk/lib/tinyusb/src/class/cdc/cdc_device.c.obj
                0x10006534                cdcd_control_xfer_cb
 .text.cdcd_xfer_cb
                0x10006668      0x130 CMakeFiles/print.dir/Users/Omniajam/Desktop/me433/Pico/pico-sdk/lib/tinyusb/src/class/cdc/cdc_device.c.obj
                0x10006668                cdcd_xfer_cb
 .text.tusb_init
                0x10006798        0xa CMakeFiles/print.dir/Users/Omniajam/Desktop/me433/Pico/pico-sdk/lib/tinyusb/src/tusb.c.obj
                0x10006798                tusb_init
 .text.tusb_inited
                0x100067a2        0xe CMakeFiles/print.dir/Users/Omniajam/Desktop/me433/Pico/pico-sdk/lib/tinyusb/src/tusb.c.obj
                0x100067a2                tusb_inited
 .text.tu_edpt_claim
                0x100067b0       0x50 CMakeFiles/print.dir/Users/Omniajam/Desktop/me433/Pico/pico-sdk/lib/tinyusb/src/tusb.c.obj
                0x100067b0                tu_edpt_claim
 .text.tu_edpt_release
                0x10006800       0x38 CMakeFiles/print.dir/Users/Omniajam/Desktop/me433/Pico/pico-sdk/lib/tinyusb/src/tusb.c.obj
                0x10006800                tu_edpt_release
 .text.tu_edpt_validate
                0x10006838       0x78 CMakeFiles/print.dir/Users/Omniajam/Desktop/me433/Pico/pico-sdk/lib/tinyusb/src/tusb.c.obj
                0x10006838                tu_edpt_validate
 .text.tu_edpt_bind_driver
                0x100068b0       0x26 CMakeFiles/print.dir/Users/Omniajam/Desktop/me433/Pico/pico-sdk/lib/tinyusb/src/tusb.c.obj
                0x100068b0                tu_edpt_bind_driver
 .text.advance_index
                0x100068d6       0x1a CMakeFiles/print.dir/Users/Omniajam/Desktop/me433/Pico/pico-sdk/lib/tinyusb/src/common/tusb_fifo.c.obj
 .text._tu_fifo_peek
                0x100068f0       0x56 CMakeFiles/print.dir/Users/Omniajam/Desktop/me433/Pico/pico-sdk/lib/tinyusb/src/common/tusb_fifo.c.obj
 .text._ff_pull_const_addr
                0x10006946       0x4c CMakeFiles/print.dir/Users/Omniajam/Desktop/me433/Pico/pico-sdk/lib/tinyusb/src/common/tusb_fifo.c.obj
 .text._ff_pull_n
                0x10006992      0x110 CMakeFiles/print.dir/Users/Omniajam/Desktop/me433/Pico/pico-sdk/lib/tinyusb/src/common/tusb_fifo.c.obj
 .text._tu_fifo_peek_n
                0x10006aa2       0x6a CMakeFiles/print.dir/Users/Omniajam/Desktop/me433/Pico/pico-sdk/lib/tinyusb/src/common/tusb_fifo.c.obj
 .text._tu_fifo_read_n
                0x10006b0c       0x4e CMakeFiles/print.dir/Users/Omniajam/Desktop/me433/Pico/pico-sdk/lib/tinyusb/src/common/tusb_fifo.c.obj
 .text._ff_push_const_addr
                0x10006b5a       0x40 CMakeFiles/print.dir/Users/Omniajam/Desktop/me433/Pico/pico-sdk/lib/tinyusb/src/common/tusb_fifo.c.obj
 .text._ff_push_n
                0x10006b9a      0x10c CMakeFiles/print.dir/Users/Omniajam/Desktop/me433/Pico/pico-sdk/lib/tinyusb/src/common/tusb_fifo.c.obj
 .text._tu_fifo_write_n
                0x10006ca6       0xf0 CMakeFiles/print.dir/Users/Omniajam/Desktop/me433/Pico/pico-sdk/lib/tinyusb/src/common/tusb_fifo.c.obj
 .text.tu_fifo_config
                0x10006d96       0x7c CMakeFiles/print.dir/Users/Omniajam/Desktop/me433/Pico/pico-sdk/lib/tinyusb/src/common/tusb_fifo.c.obj
                0x10006d96                tu_fifo_config
 .text.tu_fifo_count
                0x10006e12       0x2a CMakeFiles/print.dir/Users/Omniajam/Desktop/me433/Pico/pico-sdk/lib/tinyusb/src/common/tusb_fifo.c.obj
                0x10006e12                tu_fifo_count
 .text.tu_fifo_empty
                0x10006e3c        0xe CMakeFiles/print.dir/Users/Omniajam/Desktop/me433/Pico/pico-sdk/lib/tinyusb/src/common/tusb_fifo.c.obj
                0x10006e3c                tu_fifo_empty
 .text.tu_fifo_full
                0x10006e4a       0x28 CMakeFiles/print.dir/Users/Omniajam/Desktop/me433/Pico/pico-sdk/lib/tinyusb/src/common/tusb_fifo.c.obj
                0x10006e4a                tu_fifo_full
 .text.tu_fifo_remaining
                0x10006e72       0x2c CMakeFiles/print.dir/Users/Omniajam/Desktop/me433/Pico/pico-sdk/lib/tinyusb/src/common/tusb_fifo.c.obj
                0x10006e72                tu_fifo_remaining
 .text.tu_fifo_read
                0x10006e9e       0x42 CMakeFiles/print.dir/Users/Omniajam/Desktop/me433/Pico/pico-sdk/lib/tinyusb/src/common/tusb_fifo.c.obj
                0x10006e9e                tu_fifo_read
 .text.tu_fifo_read_n
                0x10006ee0        0xa CMakeFiles/print.dir/Users/Omniajam/Desktop/me433/Pico/pico-sdk/lib/tinyusb/src/common/tusb_fifo.c.obj
                0x10006ee0                tu_fifo_read_n
 .text.tu_fifo_write
                0x10006eea       0x64 CMakeFiles/print.dir/Users/Omniajam/Desktop/me433/Pico/pico-sdk/lib/tinyusb/src/common/tusb_fifo.c.obj
                0x10006eea                tu_fifo_write
 .text.tu_fifo_write_n
                0x10006f4e        0xa CMakeFiles/print.dir/Users/Omniajam/Desktop/me433/Pico/pico-sdk/lib/tinyusb/src/common/tusb_fifo.c.obj
                0x10006f4e                tu_fifo_write_n
 .text.tu_fifo_clear
                0x10006f58       0x3e CMakeFiles/print.dir/Users/Omniajam/Desktop/me433/Pico/pico-sdk/lib/tinyusb/src/common/tusb_fifo.c.obj
                0x10006f58                tu_fifo_clear
 .text.tu_fifo_set_overwritable
                0x10006f96       0x46 CMakeFiles/print.dir/Users/Omniajam/Desktop/me433/Pico/pico-sdk/lib/tinyusb/src/common/tusb_fifo.c.obj
                0x10006f96                tu_fifo_set_overwritable
 .text.adc_init
                0x10006fdc       0x34 CMakeFiles/print.dir/Users/Omniajam/Desktop/me433/Pico/pico-sdk/src/rp2_common/hardware_adc/adc.c.obj
                0x10006fdc                adc_init
 .text._calloc_r
                0x10007010       0xa8 /Applications/ArmGNUToolchain/13.2.Rel1/arm-none-eabi/bin/../lib/gcc/arm-none-eabi/13.2.1/../../../../arm-none-eabi/lib/thumb/v6-m/nofp/libg.a(libc_a-callocr.o)
                0x10007010                _calloc_r
 .text.malloc   0x100070b8       0x14 /Applications/ArmGNUToolchain/13.2.Rel1/arm-none-eabi/bin/../lib/gcc/arm-none-eabi/13.2.1/../../../../arm-none-eabi/lib/thumb/v6-m/nofp/libg.a(libc_a-malloc.o)
                0x100070b8                malloc
 .text.free     0x100070cc       0x14 /Applications/ArmGNUToolchain/13.2.Rel1/arm-none-eabi/bin/../lib/gcc/arm-none-eabi/13.2.1/../../../../arm-none-eabi/lib/thumb/v6-m/nofp/libg.a(libc_a-malloc.o)
                0x100070cc                free
 .text._malloc_r
                0x100070e0      0x5c4 /Applications/ArmGNUToolchain/13.2.Rel1/arm-none-eabi/bin/../lib/gcc/arm-none-eabi/13.2.1/../../../../arm-none-eabi/lib/thumb/v6-m/nofp/libg.a(libc_a-mallocr.o)
                0x100070e0                _malloc_r
 .text.__malloc_lock
                0x100076a4       0x10 /Applications/ArmGNUToolchain/13.2.Rel1/arm-none-eabi/bin/../lib/gcc/arm-none-eabi/13.2.1/../../../../arm-none-eabi/lib/thumb/v6-m/nofp/libg.a(libc_a-mlock.o)
                0x100076a4                __malloc_lock
 .text.__malloc_unlock
                0x100076b4       0x10 /Applications/ArmGNUToolchain/13.2.Rel1/arm-none-eabi/bin/../lib/gcc/arm-none-eabi/13.2.1/../../../../arm-none-eabi/lib/thumb/v6-m/nofp/libg.a(libc_a-mlock.o)
                0x100076b4                __malloc_unlock
 .text.realloc  0x100076c4       0x18 /Applications/ArmGNUToolchain/13.2.Rel1/arm-none-eabi/bin/../lib/gcc/arm-none-eabi/13.2.1/../../../../arm-none-eabi/lib/thumb/v6-m/nofp/libg.a(libc_a-realloc.o)
                0x100076c4                realloc
 .text.scanf    0x100076dc       0x24 /Applications/ArmGNUToolchain/13.2.Rel1/arm-none-eabi/bin/../lib/gcc/arm-none-eabi/13.2.1/../../../../arm-none-eabi/lib/thumb/v6-m/nofp/libg.a(libc_a-scanf.o)
                0x100076dc                scanf
 .text._realloc_r
                0x10007700      0x350 /Applications/ArmGNUToolchain/13.2.Rel1/arm-none-eabi/bin/../lib/gcc/arm-none-eabi/13.2.1/../../../../arm-none-eabi/lib/thumb/v6-m/nofp/libg.a(libc_a-reallocr.o)
                0x10007700                _realloc_r
 .text.memmove  0x10007a50       0xb0 /Applications/ArmGNUToolchain/13.2.Rel1/arm-none-eabi/bin/../lib/gcc/arm-none-eabi/13.2.1/../../../../arm-none-eabi/lib/thumb/v6-m/nofp/libg.a(libc_a-memmove.o)
                0x10007a50                memmove
 .text._sbrk_r  0x10007b00       0x24 /Applications/ArmGNUToolchain/13.2.Rel1/arm-none-eabi/bin/../lib/gcc/arm-none-eabi/13.2.1/../../../../arm-none-eabi/lib/thumb/v6-m/nofp/libg.a(libc_a-sbrkr.o)
                0x10007b00                _sbrk_r
 .text.__errno  0x10007b24        0xc /Applications/ArmGNUToolchain/13.2.Rel1/arm-none-eabi/bin/../lib/gcc/arm-none-eabi/13.2.1/../../../../arm-none-eabi/lib/thumb/v6-m/nofp/libg.a(libc_a-errno.o)
                0x10007b24                __errno
 .text.sysconf  0x10007b30       0x1c /Applications/ArmGNUToolchain/13.2.Rel1/arm-none-eabi/bin/../lib/gcc/arm-none-eabi/13.2.1/../../../../arm-none-eabi/lib/thumb/v6-m/nofp/libg.a(libc_a-sysconf.o)
                0x10007b30                sysconf
 .text.__retarget_lock_init_recursive
                0x10007b4c        0x4 /Applications/ArmGNUToolchain/13.2.Rel1/arm-none-eabi/bin/../lib/gcc/arm-none-eabi/13.2.1/../../../../arm-none-eabi/lib/thumb/v6-m/nofp/libg.a(libc_a-lock.o)
                0x10007b4c                __retarget_lock_init_recursive
 .text.__retarget_lock_close_recursive
                0x10007b50        0x4 /Applications/ArmGNUToolchain/13.2.Rel1/arm-none-eabi/bin/../lib/gcc/arm-none-eabi/13.2.1/../../../../arm-none-eabi/lib/thumb/v6-m/nofp/libg.a(libc_a-lock.o)
                0x10007b50                __retarget_lock_close_recursive
 .text.__retarget_lock_acquire_recursive
                0x10007b54        0x4 /Applications/ArmGNUToolchain/13.2.Rel1/arm-none-eabi/bin/../lib/gcc/arm-none-eabi/13.2.1/../../../../arm-none-eabi/lib/thumb/v6-m/nofp/libg.a(libc_a-lock.o)
                0x10007b54                __retarget_lock_acquire_recursive
 .text.__retarget_lock_release_recursive
                0x10007b58        0x4 /Applications/ArmGNUToolchain/13.2.Rel1/arm-none-eabi/bin/../lib/gcc/arm-none-eabi/13.2.1/../../../../arm-none-eabi/lib/thumb/v6-m/nofp/libg.a(libc_a-lock.o)
                0x10007b58                __retarget_lock_release_recursive
 .text.strlen   0x10007b5c       0x5c /Applications/ArmGNUToolchain/13.2.Rel1/arm-none-eabi/bin/../lib/gcc/arm-none-eabi/13.2.1/../../../../arm-none-eabi/lib/thumb/v6-m/nofp/libg.a(libc_a-strlen-stub.o)
                0x10007b5c                strlen
 .text._malloc_trim_r
                0x10007bb8       0xb4 /Applications/ArmGNUToolchain/13.2.Rel1/arm-none-eabi/bin/../lib/gcc/arm-none-eabi/13.2.1/../../../../arm-none-eabi/lib/thumb/v6-m/nofp/libg.a(libc_a-freer.o)
                0x10007bb8                _malloc_trim_r
 .text._free_r  0x10007c6c      0x1d4 /Applications/ArmGNUToolchain/13.2.Rel1/arm-none-eabi/bin/../lib/gcc/arm-none-eabi/13.2.1/../../../../arm-none-eabi/lib/thumb/v6-m/nofp/libg.a(libc_a-freer.o)
                0x10007c6c                _free_r
 .text.__svfscanf_r
                0x10007e40     0x1884 /Applications/ArmGNUToolchain/13.2.Rel1/arm-none-eabi/bin/../lib/gcc/arm-none-eabi/13.2.1/../../../../arm-none-eabi/lib/thumb/v6-m/nofp/libg.a(libc_a-vfscanf.o)
                0x10007e40                __svfscanf_r
 .text._vfscanf_r
                0x100096c4       0x28 /Applications/ArmGNUToolchain/13.2.Rel1/arm-none-eabi/bin/../lib/gcc/arm-none-eabi/13.2.1/../../../../arm-none-eabi/lib/thumb/v6-m/nofp/libg.a(libc_a-vfscanf.o)
                0x100096c4                _vfscanf_r
 .text.__sccl   0x100096ec       0x80 /Applications/ArmGNUToolchain/13.2.Rel1/arm-none-eabi/bin/../lib/gcc/arm-none-eabi/13.2.1/../../../../arm-none-eabi/lib/thumb/v6-m/nofp/libg.a(libc_a-sccl.o)
                0x100096ec                __sccl
 .text.sulp     0x1000976c       0x30 /Applications/ArmGNUToolchain/13.2.Rel1/arm-none-eabi/bin/../lib/gcc/arm-none-eabi/13.2.1/../../../../arm-none-eabi/lib/thumb/v6-m/nofp/libg.a(libc_a-strtod.o)
 .text._strtod_l
                0x1000979c      0xeb8 /Applications/ArmGNUToolchain/13.2.Rel1/arm-none-eabi/bin/../lib/gcc/arm-none-eabi/13.2.1/../../../../arm-none-eabi/lib/thumb/v6-m/nofp/libg.a(libc_a-strtod.o)
                0x1000979c                _strtod_l
 .text._strtod_r
                0x1000a654       0x10 /Applications/ArmGNUToolchain/13.2.Rel1/arm-none-eabi/bin/../lib/gcc/arm-none-eabi/13.2.1/../../../../arm-none-eabi/lib/thumb/v6-m/nofp/libg.a(libc_a-strtod.o)
                0x1000a654                _strtod_r
 .text._strtol_l.isra.0
                0x1000a664      0x158 /Applications/ArmGNUToolchain/13.2.Rel1/arm-none-eabi/bin/../lib/gcc/arm-none-eabi/13.2.1/../../../../arm-none-eabi/lib/thumb/v6-m/nofp/libg.a(libc_a-strtol.o)
 .text._strtol_r
                0x1000a7bc        0x8 /Applications/ArmGNUToolchain/13.2.Rel1/arm-none-eabi/bin/../lib/gcc/arm-none-eabi/13.2.1/../../../../arm-none-eabi/lib/thumb/v6-m/nofp/libg.a(libc_a-strtol.o)
                0x1000a7bc                _strtol_r
 .text._strtoul_l.isra.0
                0x1000a7c4      0x144 /Applications/ArmGNUToolchain/13.2.Rel1/arm-none-eabi/bin/../lib/gcc/arm-none-eabi/13.2.1/../../../../arm-none-eabi/lib/thumb/v6-m/nofp/libg.a(libc_a-strtoul.o)
 .text._strtoul_r
                0x1000a908        0x8 /Applications/ArmGNUToolchain/13.2.Rel1/arm-none-eabi/bin/../lib/gcc/arm-none-eabi/13.2.1/../../../../arm-none-eabi/lib/thumb/v6-m/nofp/libg.a(libc_a-strtoul.o)
                0x1000a908                _strtoul_r
 .text.stdio_exit_handler
                0x1000a910       0x1c /Applications/ArmGNUToolchain/13.2.Rel1/arm-none-eabi/bin/../lib/gcc/arm-none-eabi/13.2.1/../../../../arm-none-eabi/lib/thumb/v6-m/nofp/libg.a(libc_a-findfp.o)
 .text.cleanup_stdio
                0x1000a92c       0x3c /Applications/ArmGNUToolchain/13.2.Rel1/arm-none-eabi/bin/../lib/gcc/arm-none-eabi/13.2.1/../../../../arm-none-eabi/lib/thumb/v6-m/nofp/libg.a(libc_a-findfp.o)
 .text.global_stdio_init.part.0
                0x1000a968      0x118 /Applications/ArmGNUToolchain/13.2.Rel1/arm-none-eabi/bin/../lib/gcc/arm-none-eabi/13.2.1/../../../../arm-none-eabi/lib/thumb/v6-m/nofp/libg.a(libc_a-findfp.o)
 .text.__sinit  0x1000aa80       0x38 /Applications/ArmGNUToolchain/13.2.Rel1/arm-none-eabi/bin/../lib/gcc/arm-none-eabi/13.2.1/../../../../arm-none-eabi/lib/thumb/v6-m/nofp/libg.a(libc_a-findfp.o)
                0x1000aa80                __sinit
 .text.__sfp_lock_acquire
                0x1000aab8       0x10 /Applications/ArmGNUToolchain/13.2.Rel1/arm-none-eabi/bin/../lib/gcc/arm-none-eabi/13.2.1/../../../../arm-none-eabi/lib/thumb/v6-m/nofp/libg.a(libc_a-findfp.o)
                0x1000aab8                __sfp_lock_acquire
 .text.__sfp_lock_release
                0x1000aac8       0x10 /Applications/ArmGNUToolchain/13.2.Rel1/arm-none-eabi/bin/../lib/gcc/arm-none-eabi/13.2.1/../../../../arm-none-eabi/lib/thumb/v6-m/nofp/libg.a(libc_a-findfp.o)
                0x1000aac8                __sfp_lock_release
 .text.__submore
                0x1000aad8       0x84 /Applications/ArmGNUToolchain/13.2.Rel1/arm-none-eabi/bin/../lib/gcc/arm-none-eabi/13.2.1/../../../../arm-none-eabi/lib/thumb/v6-m/nofp/libg.a(libc_a-ungetc.o)
                0x1000aad8                __submore
 .text._ungetc_r
                0x1000ab5c      0x144 /Applications/ArmGNUToolchain/13.2.Rel1/arm-none-eabi/bin/../lib/gcc/arm-none-eabi/13.2.1/../../../../arm-none-eabi/lib/thumb/v6-m/nofp/libg.a(libc_a-ungetc.o)
                0x1000ab5c                _ungetc_r
 .text._fread_r
                0x1000aca0      0x1e8 /Applications/ArmGNUToolchain/13.2.Rel1/arm-none-eabi/bin/../lib/gcc/arm-none-eabi/13.2.1/../../../../arm-none-eabi/lib/thumb/v6-m/nofp/libg.a(libc_a-fread.o)
                0x1000aca0                _fread_r
 .text._fwalk_sglue
                0x1000ae88       0x44 /Applications/ArmGNUToolchain/13.2.Rel1/arm-none-eabi/bin/../lib/gcc/arm-none-eabi/13.2.1/../../../../arm-none-eabi/lib/thumb/v6-m/nofp/libg.a(libc_a-fwalk.o)
                0x1000ae88                _fwalk_sglue
 .text.strncmp  0x1000aecc       0x74 /Applications/ArmGNUToolchain/13.2.Rel1/arm-none-eabi/bin/../lib/gcc/arm-none-eabi/13.2.1/../../../../arm-none-eabi/lib/thumb/v6-m/nofp/libg.a(libc_a-strncmp.o)
                0x1000aecc                strncmp
 .text.stpncpy  0x1000af40       0x78 /Applications/ArmGNUToolchain/13.2.Rel1/arm-none-eabi/bin/../lib/gcc/arm-none-eabi/13.2.1/../../../../arm-none-eabi/lib/thumb/v6-m/nofp/libg.a(libc_a-stpncpy.o)
                0x1000af40                stpncpy
 .text.__locale_mb_cur_max
                0x1000afb8       0x10 /Applications/ArmGNUToolchain/13.2.Rel1/arm-none-eabi/bin/../lib/gcc/arm-none-eabi/13.2.1/../../../../arm-none-eabi/lib/thumb/v6-m/nofp/libg.a(libc_a-locale.o)
                0x1000afb8                __locale_mb_cur_max
 .text._localeconv_r
                0x1000afc8        0x8 /Applications/ArmGNUToolchain/13.2.Rel1/arm-none-eabi/bin/../lib/gcc/arm-none-eabi/13.2.1/../../../../arm-none-eabi/lib/thumb/v6-m/nofp/libg.a(libc_a-localeconv.o)
                0x1000afc8                _localeconv_r
 .text          0x1000afd0       0x88 /Applications/ArmGNUToolchain/13.2.Rel1/arm-none-eabi/bin/../lib/gcc/arm-none-eabi/13.2.1/../../../../arm-none-eabi/lib/thumb/v6-m/nofp/libg.a(libc_a-strcmp.o)
                0x1000afd0                strcmp
 .text._strtoll_l.isra.0
                0x1000b058      0x1a0 /Applications/ArmGNUToolchain/13.2.Rel1/arm-none-eabi/bin/../lib/gcc/arm-none-eabi/13.2.1/../../../../arm-none-eabi/lib/thumb/v6-m/nofp/libg.a(libc_a-strtoll.o)
 .text._strtoll_r
                0x1000b1f8        0x8 /Applications/ArmGNUToolchain/13.2.Rel1/arm-none-eabi/bin/../lib/gcc/arm-none-eabi/13.2.1/../../../../arm-none-eabi/lib/thumb/v6-m/nofp/libg.a(libc_a-strtoll.o)
                0x1000b1f8                _strtoll_r
 .text._strtoull_l.isra.0
                0x1000b200      0x1c4 /Applications/ArmGNUToolchain/13.2.Rel1/arm-none-eabi/bin/../lib/gcc/arm-none-eabi/13.2.1/../../../../arm-none-eabi/lib/thumb/v6-m/nofp/libg.a(libc_a-strtoull.o)
 .text._strtoull_r
                0x1000b3c4        0x8 /Applications/ArmGNUToolchain/13.2.Rel1/arm-none-eabi/bin/../lib/gcc/arm-none-eabi/13.2.1/../../../../arm-none-eabi/lib/thumb/v6-m/nofp/libg.a(libc_a-strtoull.o)
                0x1000b3c4                _strtoull_r
 .text._mbrtowc_r
                0x1000b3cc       0x54 /Applications/ArmGNUToolchain/13.2.Rel1/arm-none-eabi/bin/../lib/gcc/arm-none-eabi/13.2.1/../../../../arm-none-eabi/lib/thumb/v6-m/nofp/libg.a(libc_a-mbrtowc.o)
                0x1000b3cc                _mbrtowc_r
 .text.iswspace
                0x1000b420        0xc /Applications/ArmGNUToolchain/13.2.Rel1/arm-none-eabi/bin/../lib/gcc/arm-none-eabi/13.2.1/../../../../arm-none-eabi/lib/thumb/v6-m/nofp/libg.a(libc_a-iswspace.o)
                0x1000b420                iswspace
 .text.iswspace_l
                0x1000b42c       0x24 /Applications/ArmGNUToolchain/13.2.Rel1/arm-none-eabi/bin/../lib/gcc/arm-none-eabi/13.2.1/../../../../arm-none-eabi/lib/thumb/v6-m/nofp/libg.a(libc_a-iswspace_l.o)
                0x1000b42c                iswspace_l
 .text.nan      0x1000b450        0xc /Applications/ArmGNUToolchain/13.2.Rel1/arm-none-eabi/bin/../lib/gcc/arm-none-eabi/13.2.1/../../../../arm-none-eabi/lib/thumb/v6-m/nofp/libg.a(libm_a-s_nan.o)
                0x1000b450                nan
 .text.nanf     0x1000b45c        0x8 /Applications/ArmGNUToolchain/13.2.Rel1/arm-none-eabi/bin/../lib/gcc/arm-none-eabi/13.2.1/../../../../arm-none-eabi/lib/thumb/v6-m/nofp/libg.a(libm_a-sf_nan.o)
                0x1000b45c                nanf
 .text.__jp2uc  0x1000b464      0x154 /Applications/ArmGNUToolchain/13.2.Rel1/arm-none-eabi/bin/../lib/gcc/arm-none-eabi/13.2.1/../../../../arm-none-eabi/lib/thumb/v6-m/nofp/libg.a(libc_a-jp2uc.o)
 .text._jp2uc_l
                0x1000b5b8       0x68 /Applications/ArmGNUToolchain/13.2.Rel1/arm-none-eabi/bin/../lib/gcc/arm-none-eabi/13.2.1/../../../../arm-none-eabi/lib/thumb/v6-m/nofp/libg.a(libc_a-jp2uc.o)
                0x1000b5b8                _jp2uc_l
 .text.category
                0x1000b620       0x54 /Applications/ArmGNUToolchain/13.2.Rel1/arm-none-eabi/bin/../lib/gcc/arm-none-eabi/13.2.1/../../../../arm-none-eabi/lib/thumb/v6-m/nofp/libg.a(libc_a-categories.o)
                0x1000b620                category
 .text.rshift   0x1000b674       0xb0 /Applications/ArmGNUToolchain/13.2.Rel1/arm-none-eabi/bin/../lib/gcc/arm-none-eabi/13.2.1/../../../../arm-none-eabi/lib/thumb/v6-m/nofp/libg.a(libc_a-gdtoa-gethex.o)
 .text.__gethex
                0x1000b724      0x5a8 /Applications/ArmGNUToolchain/13.2.Rel1/arm-none-eabi/bin/../lib/gcc/arm-none-eabi/13.2.1/../../../../arm-none-eabi/lib/thumb/v6-m/nofp/libg.a(libc_a-gdtoa-gethex.o)
                0x1000b724                __gethex
 .text.__match  0x1000bccc       0x2c /Applications/ArmGNUToolchain/13.2.Rel1/arm-none-eabi/bin/../lib/gcc/arm-none-eabi/13.2.1/../../../../arm-none-eabi/lib/thumb/v6-m/nofp/libg.a(libc_a-gdtoa-hexnan.o)
                0x1000bccc                __match
 .text.__hexnan
                0x1000bcf8      0x204 /Applications/ArmGNUToolchain/13.2.Rel1/arm-none-eabi/bin/../lib/gcc/arm-none-eabi/13.2.1/../../../../arm-none-eabi/lib/thumb/v6-m/nofp/libg.a(libc_a-gdtoa-hexnan.o)
                0x1000bcf8                __hexnan
 .text.__ascii_mbtowc
                0x1000befc       0x2c /Applications/ArmGNUToolchain/13.2.Rel1/arm-none-eabi/bin/../lib/gcc/arm-none-eabi/13.2.1/../../../../arm-none-eabi/lib/thumb/v6-m/nofp/libg.a(libc_a-mbtowc_r.o)
                0x1000befc                __ascii_mbtowc
 .text._Balloc  0x1000bf28       0x50 /Applications/ArmGNUToolchain/13.2.Rel1/arm-none-eabi/bin/../lib/gcc/arm-none-eabi/13.2.1/../../../../arm-none-eabi/lib/thumb/v6-m/nofp/libg.a(libc_a-mprec.o)
                0x1000bf28                _Balloc
 .text._Bfree   0x1000bf78       0x14 /Applications/ArmGNUToolchain/13.2.Rel1/arm-none-eabi/bin/../lib/gcc/arm-none-eabi/13.2.1/../../../../arm-none-eabi/lib/thumb/v6-m/nofp/libg.a(libc_a-mprec.o)
                0x1000bf78                _Bfree
 .text.__multadd
                0x1000bf8c       0xa8 /Applications/ArmGNUToolchain/13.2.Rel1/arm-none-eabi/bin/../lib/gcc/arm-none-eabi/13.2.1/../../../../arm-none-eabi/lib/thumb/v6-m/nofp/libg.a(libc_a-mprec.o)
                0x1000bf8c                __multadd
 .text.__s2b    0x1000c034       0xb0 /Applications/ArmGNUToolchain/13.2.Rel1/arm-none-eabi/bin/../lib/gcc/arm-none-eabi/13.2.1/../../../../arm-none-eabi/lib/thumb/v6-m/nofp/libg.a(libc_a-mprec.o)
                0x1000c034                __s2b
 .text.__hi0bits
                0x1000c0e4       0x4c /Applications/ArmGNUToolchain/13.2.Rel1/arm-none-eabi/bin/../lib/gcc/arm-none-eabi/13.2.1/../../../../arm-none-eabi/lib/thumb/v6-m/nofp/libg.a(libc_a-mprec.o)
                0x1000c0e4                __hi0bits
 .text.__lo0bits
                0x1000c130       0x5c /Applications/ArmGNUToolchain/13.2.Rel1/arm-none-eabi/bin/../lib/gcc/arm-none-eabi/13.2.1/../../../../arm-none-eabi/lib/thumb/v6-m/nofp/libg.a(libc_a-mprec.o)
                0x1000c130                __lo0bits
 .text.__i2b    0x1000c18c       0x60 /Applications/ArmGNUToolchain/13.2.Rel1/arm-none-eabi/bin/../lib/gcc/arm-none-eabi/13.2.1/../../../../arm-none-eabi/lib/thumb/v6-m/nofp/libg.a(libc_a-mprec.o)
                0x1000c18c                __i2b
 .text.__multiply
                0x1000c1ec      0x1ac /Applications/ArmGNUToolchain/13.2.Rel1/arm-none-eabi/bin/../lib/gcc/arm-none-eabi/13.2.1/../../../../arm-none-eabi/lib/thumb/v6-m/nofp/libg.a(libc_a-mprec.o)
                0x1000c1ec                __multiply
 .text.__pow5mult
                0x1000c398       0xd0 /Applications/ArmGNUToolchain/13.2.Rel1/arm-none-eabi/bin/../lib/gcc/arm-none-eabi/13.2.1/../../../../arm-none-eabi/lib/thumb/v6-m/nofp/libg.a(libc_a-mprec.o)
                0x1000c398                __pow5mult
 .text.__lshift
                0x1000c468       0xfc /Applications/ArmGNUToolchain/13.2.Rel1/arm-none-eabi/bin/../lib/gcc/arm-none-eabi/13.2.1/../../../../arm-none-eabi/lib/thumb/v6-m/nofp/libg.a(libc_a-mprec.o)
                0x1000c468                __lshift
 .text.__mcmp   0x1000c564       0x3c /Applications/ArmGNUToolchain/13.2.Rel1/arm-none-eabi/bin/../lib/gcc/arm-none-eabi/13.2.1/../../../../arm-none-eabi/lib/thumb/v6-m/nofp/libg.a(libc_a-mprec.o)
                0x1000c564                __mcmp
 .text.__mdiff  0x1000c5a0      0x1b4 /Applications/ArmGNUToolchain/13.2.Rel1/arm-none-eabi/bin/../lib/gcc/arm-none-eabi/13.2.1/../../../../arm-none-eabi/lib/thumb/v6-m/nofp/libg.a(libc_a-mprec.o)
                0x1000c5a0                __mdiff
 .text.__ulp    0x1000c754       0x40 /Applications/ArmGNUToolchain/13.2.Rel1/arm-none-eabi/bin/../lib/gcc/arm-none-eabi/13.2.1/../../../../arm-none-eabi/lib/thumb/v6-m/nofp/libg.a(libc_a-mprec.o)
                0x1000c754                __ulp
 .text.__b2d    0x1000c794       0xb8 /Applications/ArmGNUToolchain/13.2.Rel1/arm-none-eabi/bin/../lib/gcc/arm-none-eabi/13.2.1/../../../../arm-none-eabi/lib/thumb/v6-m/nofp/libg.a(libc_a-mprec.o)
                0x1000c794                __b2d
 .text.__d2b    0x1000c84c       0xcc /Applications/ArmGNUToolchain/13.2.Rel1/arm-none-eabi/bin/../lib/gcc/arm-none-eabi/13.2.1/../../../../arm-none-eabi/lib/thumb/v6-m/nofp/libg.a(libc_a-mprec.o)
                0x1000c84c                __d2b
 .text.__ratio  0x1000c918       0x68 /Applications/ArmGNUToolchain/13.2.Rel1/arm-none-eabi/bin/../lib/gcc/arm-none-eabi/13.2.1/../../../../arm-none-eabi/lib/thumb/v6-m/nofp/libg.a(libc_a-mprec.o)
                0x1000c918                __ratio
 .text.__copybits
                0x1000c980       0x40 /Applications/ArmGNUToolchain/13.2.Rel1/arm-none-eabi/bin/../lib/gcc/arm-none-eabi/13.2.1/../../../../arm-none-eabi/lib/thumb/v6-m/nofp/libg.a(libc_a-mprec.o)
                0x1000c980                __copybits
 .text.__any_on
                0x1000c9c0       0x4c /Applications/ArmGNUToolchain/13.2.Rel1/arm-none-eabi/bin/../lib/gcc/arm-none-eabi/13.2.1/../../../../arm-none-eabi/lib/thumb/v6-m/nofp/libg.a(libc_a-mprec.o)
                0x1000c9c0                __any_on
 .text.lflush   0x1000ca0c       0x20 /Applications/ArmGNUToolchain/13.2.Rel1/arm-none-eabi/bin/../lib/gcc/arm-none-eabi/13.2.1/../../../../arm-none-eabi/lib/thumb/v6-m/nofp/libg.a(libc_a-refill.o)
 .text.__srefill_r
                0x1000ca2c      0x118 /Applications/ArmGNUToolchain/13.2.Rel1/arm-none-eabi/bin/../lib/gcc/arm-none-eabi/13.2.1/../../../../arm-none-eabi/lib/thumb/v6-m/nofp/libg.a(libc_a-refill.o)
                0x1000ca2c                __srefill_r
 .text._fclose_r
                0x1000cb44       0xd0 /Applications/ArmGNUToolchain/13.2.Rel1/arm-none-eabi/bin/../lib/gcc/arm-none-eabi/13.2.1/../../../../arm-none-eabi/lib/thumb/v6-m/nofp/libg.a(libc_a-fclose.o)
                0x1000cb44                _fclose_r
 .text.__sflush_r
                0x1000cc14      0x148 /Applications/ArmGNUToolchain/13.2.Rel1/arm-none-eabi/bin/../lib/gcc/arm-none-eabi/13.2.1/../../../../arm-none-eabi/lib/thumb/v6-m/nofp/libg.a(libc_a-fflush.o)
                0x1000cc14                __sflush_r
 .text._fflush_r
                0x1000cd5c       0x68 /Applications/ArmGNUToolchain/13.2.Rel1/arm-none-eabi/bin/../lib/gcc/arm-none-eabi/13.2.1/../../../../arm-none-eabi/lib/thumb/v6-m/nofp/libg.a(libc_a-fflush.o)
                0x1000cd5c                _fflush_r
 .text.__sread  0x1000cdc4       0x28 /Applications/ArmGNUToolchain/13.2.Rel1/arm-none-eabi/bin/../lib/gcc/arm-none-eabi/13.2.1/../../../../arm-none-eabi/lib/thumb/v6-m/nofp/libg.a(libc_a-stdio.o)
                0x1000cdc4                __sread
 .text.__swrite
                0x1000cdec       0x40 /Applications/ArmGNUToolchain/13.2.Rel1/arm-none-eabi/bin/../lib/gcc/arm-none-eabi/13.2.1/../../../../arm-none-eabi/lib/thumb/v6-m/nofp/libg.a(libc_a-stdio.o)
                0x1000cdec                __swrite
 .text.__sseek  0x1000ce2c       0x30 /Applications/ArmGNUToolchain/13.2.Rel1/arm-none-eabi/bin/../lib/gcc/arm-none-eabi/13.2.1/../../../../arm-none-eabi/lib/thumb/v6-m/nofp/libg.a(libc_a-stdio.o)
                0x1000ce2c                __sseek
 .text.__sclose
                0x1000ce5c        0xc /Applications/ArmGNUToolchain/13.2.Rel1/arm-none-eabi/bin/../lib/gcc/arm-none-eabi/13.2.1/../../../../arm-none-eabi/lib/thumb/v6-m/nofp/libg.a(libc_a-stdio.o)
                0x1000ce5c                __sclose
 .text.__ascii_wctomb
                0x1000ce68       0x1c /Applications/ArmGNUToolchain/13.2.Rel1/arm-none-eabi/bin/../lib/gcc/arm-none-eabi/13.2.1/../../../../arm-none-eabi/lib/thumb/v6-m/nofp/libg.a(libc_a-wctomb_r.o)
                0x1000ce68                __ascii_wctomb
 .text._close_r
                0x1000ce84       0x24 /Applications/ArmGNUToolchain/13.2.Rel1/arm-none-eabi/bin/../lib/gcc/arm-none-eabi/13.2.1/../../../../arm-none-eabi/lib/thumb/v6-m/nofp/libg.a(libc_a-closer.o)
                0x1000ce84                _close_r
 .text._lseek_r
                0x1000cea8       0x28 /Applications/ArmGNUToolchain/13.2.Rel1/arm-none-eabi/bin/../lib/gcc/arm-none-eabi/13.2.1/../../../../arm-none-eabi/lib/thumb/v6-m/nofp/libg.a(libc_a-lseekr.o)
                0x1000cea8                _lseek_r
 .text._read_r  0x1000ced0       0x28 /Applications/ArmGNUToolchain/13.2.Rel1/arm-none-eabi/bin/../lib/gcc/arm-none-eabi/13.2.1/../../../../arm-none-eabi/lib/thumb/v6-m/nofp/libg.a(libc_a-readr.o)
                0x1000ced0                _read_r
 .text._write_r
                0x1000cef8       0x28 /Applications/ArmGNUToolchain/13.2.Rel1/arm-none-eabi/bin/../lib/gcc/arm-none-eabi/13.2.1/../../../../arm-none-eabi/lib/thumb/v6-m/nofp/libg.a(libc_a-writer.o)
                0x1000cef8                _write_r
 .text.__smakebuf_r
                0x1000cf20       0xe0 /Applications/ArmGNUToolchain/13.2.Rel1/arm-none-eabi/bin/../lib/gcc/arm-none-eabi/13.2.1/../../../../arm-none-eabi/lib/thumb/v6-m/nofp/libg.a(libc_a-makebuf.o)
                0x1000cf20                __smakebuf_r
 .text._fstat_r