Archive member included to satisfy reference by file (symbol)

/Applications/ArmGNUToolchain/13.2.Rel1/arm-none-eabi/bin/../lib/gcc/arm-none-eabi/13.2.1/thumb/v6-m/nofp/libgcc.a(_dvmd_tls.o)
                              CMakeFiles/servo.dir/Users/Omniajam/Desktop/me433/Pico/pico-sdk/src/rp2_common/pico_divider/divider.S.obj (__aeabi_idiv0)
/Applications/ArmGNUToolchain/13.2.Rel1/arm-none-eabi/bin/../lib/gcc/arm-none-eabi/13.2.1/../../../../arm-none-eabi/lib/thumb/v6-m/nofp/libg.a(libc_a-calloc.o)
                              CMakeFiles/servo.dir/Users/Omniajam/Desktop/me433/Pico/pico-sdk/src/rp2_common/pico_malloc/pico_malloc.c.obj (calloc)
/Applications/ArmGNUToolchain/13.2.Rel1/arm-none-eabi/bin/../lib/gcc/arm-none-eabi/13.2.1/../../../../arm-none-eabi/lib/thumb/v6-m/nofp/libg.a(libc_a-callocr.o)
                              /Applications/ArmGNUToolchain/13.2.Rel1/arm-none-eabi/bin/../lib/gcc/arm-none-eabi/13.2.1/../../../../arm-none-eabi/lib/thumb/v6-m/nofp/libg.a(libc_a-calloc.o) (_calloc_r)
/Applications/ArmGNUToolchain/13.2.Rel1/arm-none-eabi/bin/../lib/gcc/arm-none-eabi/13.2.1/../../../../arm-none-eabi/lib/thumb/v6-m/nofp/libg.a(libc_a-malloc.o)
                              CMakeFiles/servo.dir/Users/Omniajam/Desktop/me433/Pico/pico-sdk/src/rp2_common/pico_malloc/pico_malloc.c.obj (malloc)
/Applications/ArmGNUToolchain/13.2.Rel1/arm-none-eabi/bin/../lib/gcc/arm-none-eabi/13.2.1/../../../../arm-none-eabi/lib/thumb/v6-m/nofp/libg.a(libc_a-mallocr.o)
                              /Applications/ArmGNUToolchain/13.2.Rel1/arm-none-eabi/bin/../lib/gcc/arm-none-eabi/13.2.1/../../../../arm-none-eabi/lib/thumb/v6-m/nofp/libg.a(libc_a-callocr.o) (_malloc_r)
/Applications/ArmGNUToolchain/13.2.Rel1/arm-none-eabi/bin/../lib/gcc/arm-none-eabi/13.2.1/../../../../arm-none-eabi/lib/thumb/v6-m/nofp/libg.a(libc_a-mlock.o)
                              /Applications/ArmGNUToolchain/13.2.Rel1/arm-none-eabi/bin/../lib/gcc/arm-none-eabi/13.2.1/../../../../arm-none-eabi/lib/thumb/v6-m/nofp/libg.a(libc_a-mallocr.o) (__malloc_lock)
/Applications/ArmGNUToolchain/13.2.Rel1/arm-none-eabi/bin/../lib/gcc/arm-none-eabi/13.2.1/../../../../arm-none-eabi/lib/thumb/v6-m/nofp/libg.a(libc_a-realloc.o)
                              CMakeFiles/servo.dir/Users/Omniajam/Desktop/me433/Pico/pico-sdk/src/rp2_common/pico_malloc/pico_malloc.c.obj (realloc)
/Applications/ArmGNUToolchain/13.2.Rel1/arm-none-eabi/bin/../lib/gcc/arm-none-eabi/13.2.1/../../../../arm-none-eabi/lib/thumb/v6-m/nofp/libg.a(libc_a-reallocr.o)
                              /Applications/ArmGNUToolchain/13.2.Rel1/arm-none-eabi/bin/../lib/gcc/arm-none-eabi/13.2.1/../../../../arm-none-eabi/lib/thumb/v6-m/nofp/libg.a(libc_a-realloc.o) (_realloc_r)
/Applications/ArmGNUToolchain/13.2.Rel1/arm-none-eabi/bin/../lib/gcc/arm-none-eabi/13.2.1/../../../../arm-none-eabi/lib/thumb/v6-m/nofp/libg.a(libc_a-memmove.o)
                              /Applications/ArmGNUToolchain/13.2.Rel1/arm-none-eabi/bin/../lib/gcc/arm-none-eabi/13.2.1/../../../../arm-none-eabi/lib/thumb/v6-m/nofp/libg.a(libc_a-reallocr.o) (memmove)
/Applications/ArmGNUToolchain/13.2.Rel1/arm-none-eabi/bin/../lib/gcc/arm-none-eabi/13.2.1/../../../../arm-none-eabi/lib/thumb/v6-m/nofp/libg.a(libc_a-impure.o)
                              /Applications/ArmGNUToolchain/13.2.Rel1/arm-none-eabi/bin/../lib/gcc/arm-none-eabi/13.2.1/../../../../arm-none-eabi/lib/thumb/v6-m/nofp/libg.a(libc_a-calloc.o) (_impure_ptr)
/Applications/ArmGNUToolchain/13.2.Rel1/arm-none-eabi/bin/../lib/gcc/arm-none-eabi/13.2.1/../../../../arm-none-eabi/lib/thumb/v6-m/nofp/libg.a(libc_a-sbrkr.o)
                              /Applications/ArmGNUToolchain/13.2.Rel1/arm-none-eabi/bin/../lib/gcc/arm-none-eabi/13.2.1/../../../../arm-none-eabi/lib/thumb/v6-m/nofp/libg.a(libc_a-mallocr.o) (_sbrk_r)
/Applications/ArmGNUToolchain/13.2.Rel1/arm-none-eabi/bin/../lib/gcc/arm-none-eabi/13.2.1/../../../../arm-none-eabi/lib/thumb/v6-m/nofp/libg.a(libc_a-errno.o)
                              /Applications/ArmGNUToolchain/13.2.Rel1/arm-none-eabi/bin/../lib/gcc/arm-none-eabi/13.2.1/../../../../arm-none-eabi/lib/thumb/v6-m/nofp/libg.a(libc_a-callocr.o) (__errno)
/Applications/ArmGNUToolchain/13.2.Rel1/arm-none-eabi/bin/../lib/gcc/arm-none-eabi/13.2.1/../../../../arm-none-eabi/lib/thumb/v6-m/nofp/libg.a(libc_a-sysconf.o)
                              /Applications/ArmGNUToolchain/13.2.Rel1/arm-none-eabi/bin/../lib/gcc/arm-none-eabi/13.2.1/../../../../arm-none-eabi/lib/thumb/v6-m/nofp/libg.a(libc_a-mallocr.o) (sysconf)
/Applications/ArmGNUToolchain/13.2.Rel1/arm-none-eabi/bin/../lib/gcc/arm-none-eabi/13.2.1/../../../../arm-none-eabi/lib/thumb/v6-m/nofp/libg.a(libc_a-init.o)
                              /Applications/ArmGNUToolchain/13.2.Rel1/arm-none-eabi/bin/../lib/gcc/arm-none-eabi/13.2.1/../../../../arm-none-eabi/lib/thumb/v6-m/nofp/crt0.o (__libc_init_array)
[...]
Memory Configuration

Name             Origin             Length             Attributes
FLASH            0x10000000         0x00200000         xr
RAM              0x20000000         0x00040000         xrw
SCRATCH_X        0x20040000         0x00001000         xrw
SCRATCH_Y        0x20041000         0x00001000         xrw
*default*        0x00000000         0xffffffff

Linker script and memory map

LOAD /Applications/ArmGNUToolchain/13.2.Rel1/arm-none-eabi/bin/../lib/gcc/arm-none-eabi/13.2.1/thumb/v6-m/nofp/crti.o
LOAD /Applications/ArmGNUToolchain/13.2.Rel1/arm-none-eabi/bin/../lib/gcc/arm-none-eabi/13.2.1/thumb/v6-m/nofp/crtbegin.o
LOAD /Applications/ArmGNUToolchain/13.2.Rel1/arm-none-eabi/bin/../lib/gcc/arm-none-eabi/13.2.1/../../../../arm-none-eabi/lib/thumb/v6-m/nofp/crt0.o

.flash_begin    0x10000000        0x0
                0x10000000                        __flash_binary_start = .

.boot2          0x10000000      0x100
                0x10000000                        __boot2_start__ = .
 *(.boot2)
 .boot2         0x10000000      0x100 /var/folders/pw/rqjygm7d3llcd2_n2yzs1wm80000gn/T//cc8NFHy5.o
                0x10000100                        __boot2_end__ = .
                0x00000001                        ASSERT (((__boot2_end__ - __boot2_start__) == 0x100), ERROR: Pico second stage bootloader must be 256 bytes in size)

.text           0x10000100     0x4158
                0x10000100                        __logical_binary_start = .
 *(.vectors)
 .vectors       0x10000100       0xd4 CMakeFiles/servo.dir/Users/Omniajam/Desktop/me433/Pico/pico-sdk/src/rp2_common/pico_standard_link/crt0.S.obj
                0x10000100                __VECTOR_TABLE
                0x10000100                __vectors
                0x100001c0                __default_isrs_start
                0x100001c0                isr_invalid
                0x100001c2                isr_nmi
                0x100001c4                isr_hardfault
                0x100001c6                isr_svcall
                0x100001c8                isr_pendsv
                0x100001ca                isr_systick
                0x100001cc                isr_irq28
                0x100001cc                isr_irq19
                0x100001cc                isr_irq0
                0x100001cc                isr_irq6
                0x100001cc                isr_irq22
                0x100001cc                isr_irq17
                0x100001cc                isr_irq14
                0x100001cc                isr_irq2
                0x100001cc                isr_irq10
                0x100001cc                isr_irq8
                0x100001cc                isr_irq24
                0x100001cc                isr_irq1
                0x100001cc                isr_irq7
                0x100001cc                isr_irq21
                0x100001cc                isr_irq20
                0x100001cc                isr_irq15
                0x100001cc                isr_irq25
                0x100001cc                isr_irq4
                0x100001cc                isr_irq16
                0x100001cc                isr_irq29
                0x100001cc                isr_irq26
                0x100001cc                __default_isrs_end
                0x100001cc                isr_irq3
                0x100001cc                isr_irq9
                0x100001cc                __unhandled_user_irq
                0x100001cc                isr_irq13
                0x100001cc                isr_irq27
                0x100001cc                isr_irq31
                0x100001cc                isr_irq5
                0x100001cc                isr_irq11
                0x100001cc                isr_irq23
                0x100001cc                isr_irq18
                0x100001cc                isr_irq30
                0x100001cc                isr_irq12
                0x100001d2                unhandled_user_irq_num_in_r0
 *(.binary_info_header)
 .binary_info_header
                0x100001d4       0x14 CMakeFiles/servo.dir/Users/Omniajam/Desktop/me433/Pico/pico-sdk/src/rp2_common/pico_standard_link/crt0.S.obj
                0x100001e8                        __binary_info_header_end = .
 *(.reset)
 .reset         0x100001e8       0xa0 CMakeFiles/servo.dir/Users/Omniajam/Desktop/me433/Pico/pico-sdk/src/rp2_common/pico_standard_link/crt0.S.obj
                0x100001e8                _entry_point
 .reset         0x10000288       0x30 CMakeFiles/servo.dir/Users/Omniajam/Desktop/me433/Pico/pico-sdk/src/rp2_common/pico_standard_link/binary_info.c.obj
 *(.init)
 .init          0x100002b8        0x4 /Applications/ArmGNUToolchain/13.2.Rel1/arm-none-eabi/bin/../lib/gcc/arm-none-eabi/13.2.1/thumb/v6-m/nofp/crti.o
                0x100002b8                _init
 *(EXCLUDE_FILE(*libm.a: *libc.a:*lib_a-mem*.o *libgcc.a:) .text*)
 .text.register_tm_clones
                0x100002bc       0x28 /Applications/ArmGNUToolchain/13.2.Rel1/arm-none-eabi/bin/../lib/gcc/arm-none-eabi/13.2.1/thumb/v6-m/nofp/crtbegin.o
 .text.frame_dummy
                0x100002e4       0x24 /Applications/ArmGNUToolchain/13.2.Rel1/arm-none-eabi/bin/../lib/gcc/arm-none-eabi/13.2.1/thumb/v6-m/nofp/crtbegin.o
 .text.pwm_set_chan_level
                0x10000308       0x40 CMakeFiles/servo.dir/src/servo.c.obj
 .text.servo_init
                0x10000348       0x44 CMakeFiles/servo.dir/src/servo.c.obj
                0x10000348                servo_init
 .text.change_angle
                0x1000038c       0xbc CMakeFiles/servo.dir/src/servo.c.obj
                0x1000038c                change_angle
 .text.main     0x10000448       0x30 CMakeFiles/servo.dir/src/servo.c.obj
                0x10000448                main
 .text.gpio_set_function
                0x10000478       0x30 CMakeFiles/servo.dir/Users/Omniajam/Desktop/me433/Pico/pico-sdk/src/rp2_common/hardware_gpio/gpio.c.obj
                0x10000478                gpio_set_function
 .text.gpio_init
                0x100004a8       0x16 CMakeFiles/servo.dir/Users/Omniajam/Desktop/me433/Pico/pico-sdk/src/rp2_common/hardware_gpio/gpio.c.obj
                0x100004a8                gpio_init
 *fill*         0x100004be        0x2 
 .text.running_on_fpga
                0x100004c0       0x14 CMakeFiles/servo.dir/Users/Omniajam/Desktop/me433/Pico/pico-sdk/src/rp2_common/pico_platform/platform.c.obj
                0x100004c0                running_on_fpga
 .text.hw_claim_lock
                0x100004d4       0x18 CMakeFiles/servo.dir/Users/Omniajam/Desktop/me433/Pico/pico-sdk/src/rp2_common/hardware_claim/claim.c.obj
                0x100004d4                hw_claim_lock
 .text.hw_claim_unlock
                0x100004ec       0x14 CMakeFiles/servo.dir/Users/Omniajam/Desktop/me433/Pico/pico-sdk/src/rp2_common/hardware_claim/claim.c.obj
                0x100004ec                hw_claim_unlock
 .text.hw_claim_or_assert
                0x10000500       0x32 CMakeFiles/servo.dir/Users/Omniajam/Desktop/me433/Pico/pico-sdk/src/rp2_common/hardware_claim/claim.c.obj
                0x10000500                hw_claim_or_assert
 *fill*         0x10000532        0x2 
 .text.spin_locks_reset
                0x10000534       0x20 CMakeFiles/servo.dir/Users/Omniajam/Desktop/me433/Pico/pico-sdk/src/rp2_common/hardware_sync/sync.c.obj
                0x10000534                spin_locks_reset
 .text.next_striped_spin_lock_num
                0x10000554       0x1c CMakeFiles/servo.dir/Users/Omniajam/Desktop/me433/Pico/pico-sdk/src/rp2_common/hardware_sync/sync.c.obj
                0x10000554                next_striped_spin_lock_num
 .text.set_raw_irq_handler_and_unlock
                0x10000570       0x28 CMakeFiles/servo.dir/Users/Omniajam/Desktop/me433/Pico/pico-sdk/src/rp2_common/hardware_irq/irq.c.obj
 .text.resolve_branch
                0x10000598       0x30 CMakeFiles/servo.dir/Users/Omniajam/Desktop/me433/Pico/pico-sdk/src/rp2_common/hardware_irq/irq.c.obj
 .text.make_branch
                0x100005c8       0x48 CMakeFiles/servo.dir/Users/Omniajam/Desktop/me433/Pico/pico-sdk/src/rp2_common/hardware_irq/irq.c.obj
 .text.insert_branch_and_link
                0x10000610       0x40 CMakeFiles/servo.dir/Users/Omniajam/Desktop/me433/Pico/pico-sdk/src/rp2_common/hardware_irq/irq.c.obj
 .text.irq_is_enabled
                0x10000650       0x18 CMakeFiles/servo.dir/Users/Omniajam/Desktop/me433/Pico/pico-sdk/src/rp2_common/hardware_irq/irq.c.obj
                0x10000650                irq_is_enabled
 .text.irq_set_mask_enabled
                0x10000668       0x20 CMakeFiles/servo.dir/Users/Omniajam/Desktop/me433/Pico/pico-sdk/src/rp2_common/hardware_irq/irq.c.obj
                0x10000668                irq_set_mask_enabled
 .text.irq_set_enabled
                0x10000688        0xe CMakeFiles/servo.dir/Users/Omniajam/Desktop/me433/Pico/pico-sdk/src/rp2_common/hardware_irq/irq.c.obj
                0x10000688                irq_set_enabled
 *fill*         0x10000696        0x2 
 .text.irq_get_vtable_handler
                0x10000698       0x10 CMakeFiles/servo.dir/Users/Omniajam/Desktop/me433/Pico/pico-sdk/src/rp2_common/hardware_irq/irq.c.obj
                0x10000698                irq_get_vtable_handler
 .text.irq_set_exclusive_handler
                0x100006a8       0x54 CMakeFiles/servo.dir/Users/Omniajam/Desktop/me433/Pico/pico-sdk/src/rp2_common/hardware_irq/irq.c.obj
                0x100006a8                irq_set_exclusive_handler
 .text.irq_remove_handler
                0x100006fc      0x188 CMakeFiles/servo.dir/Users/Omniajam/Desktop/me433/Pico/pico-sdk/src/rp2_common/hardware_irq/irq.c.obj
                0x100006fc                irq_remove_handler
 .text.irq_add_tail_to_free_list
                0x10000884       0xf0 CMakeFiles/servo.dir/Users/Omniajam/Desktop/me433/Pico/pico-sdk/src/rp2_common/hardware_irq/irq.c.obj
                0x10000884                irq_add_tail_to_free_list
 .text.irq_init_priorities
                0x10000974       0x1c CMakeFiles/servo.dir/Users/Omniajam/Desktop/me433/Pico/pico-sdk/src/rp2_common/hardware_irq/irq.c.obj
                0x10000974                irq_init_priorities
 .text.lock_init
                0x10000990       0x10 CMakeFiles/servo.dir/Users/Omniajam/Desktop/me433/Pico/pico-sdk/src/common/pico_sync/lock_core.c.obj
                0x10000990                lock_init
 .text.mutex_init
                0x100009a0       0x1a CMakeFiles/servo.dir/Users/Omniajam/Desktop/me433/Pico/pico-sdk/src/common/pico_sync/mutex.c.obj
                0x100009a0                mutex_init
 .text.recursive_mutex_init
                0x100009ba       0x1e CMakeFiles/servo.dir/Users/Omniajam/Desktop/me433/Pico/pico-sdk/src/common/pico_sync/mutex.c.obj
                0x100009ba                recursive_mutex_init
 .text.time_reached
                0x100009d8       0x28 CMakeFiles/servo.dir/Users/Omniajam/Desktop/me433/Pico/pico-sdk/src/common/pico_time/time.c.obj
 .text.get_entry
                0x10000a00       0x38 CMakeFiles/servo.dir/Users/Omniajam/Desktop/me433/Pico/pico-sdk/src/common/pico_time/time.c.obj
 .text.timer_pool_entry_comparator
                0x10000a38       0x2e CMakeFiles/servo.dir/Users/Omniajam/Desktop/me433/Pico/pico-sdk/src/common/pico_time/time.c.obj
                0x10000a38                timer_pool_entry_comparator
 *fill*         0x10000a66        0x2 
 .text.update_us_since_boot
                0x10000a68       0x24 CMakeFiles/servo.dir/Users/Omniajam/Desktop/me433/Pico/pico-sdk/src/common/pico_time/time.c.obj
 .text.delayed_by_us
                0x10000a8c       0x34 CMakeFiles/servo.dir/Users/Omniajam/Desktop/me433/Pico/pico-sdk/src/common/pico_time/time.c.obj
 .text.ph_get_node
                0x10000ac0       0x30 CMakeFiles/servo.dir/Users/Omniajam/Desktop/me433/Pico/pico-sdk/src/common/pico_time/time.c.obj
 .text.ph_contains_node
                0x10000af0       0x1e CMakeFiles/servo.dir/Users/Omniajam/Desktop/me433/Pico/pico-sdk/src/common/pico_time/time.c.obj
 .text.ph_new_node
                0x10000b0e       0x28 CMakeFiles/servo.dir/Users/Omniajam/Desktop/me433/Pico/pico-sdk/src/common/pico_time/time.c.obj
 *fill*         0x10000b36        0x2 
 .text.ph_add_child_node
                0x10000b38       0x6c CMakeFiles/servo.dir/Users/Omniajam/Desktop/me433/Pico/pico-sdk/src/common/pico_time/time.c.obj
 .text.ph_merge_nodes
                0x10000ba4       0x3e CMakeFiles/servo.dir/Users/Omniajam/Desktop/me433/Pico/pico-sdk/src/common/pico_time/time.c.obj
 *fill*         0x10000be2        0x2 
 .text.ph_insert_node
                0x10000be4       0x3c CMakeFiles/servo.dir/Users/Omniajam/Desktop/me433/Pico/pico-sdk/src/common/pico_time/time.c.obj
 .text.ph_free_node
                0x10000c20       0x5c CMakeFiles/servo.dir/Users/Omniajam/Desktop/me433/Pico/pico-sdk/src/common/pico_time/time.c.obj
 .text.get_entry_id_high
                0x10000c7c       0x30 CMakeFiles/servo.dir/Users/Omniajam/Desktop/me433/Pico/pico-sdk/src/common/pico_time/time.c.obj
 .text.alarm_pool_post_alloc_init
                0x10000cac       0x40 CMakeFiles/servo.dir/Users/Omniajam/Desktop/me433/Pico/pico-sdk/src/common/pico_time/time.c.obj
 .text.sleep_until_callback
                0x10000cec       0x30 CMakeFiles/servo.dir/Users/Omniajam/Desktop/me433/Pico/pico-sdk/src/common/pico_time/time.c.obj
 .text.get_absolute_time
                0x10000d1c       0x22 CMakeFiles/servo.dir/Users/Omniajam/Desktop/me433/Pico/pico-sdk/src/common/pico_time/time.c.obj
 .text.make_timeout_time_us
                0x10000d3e       0x24 CMakeFiles/servo.dir/Users/Omniajam/Desktop/me433/Pico/pico-sdk/src/common/pico_time/time.c.obj
 *fill*         0x10000d62        0x2 
 .text.add_alarm_under_lock
                0x10000d64       0x94 CMakeFiles/servo.dir/Users/Omniajam/Desktop/me433/Pico/pico-sdk/src/common/pico_time/time.c.obj
 .text.alarm_pool_alarm_callback
                0x10000df8      0x210 CMakeFiles/servo.dir/Users/Omniajam/Desktop/me433/Pico/pico-sdk/src/common/pico_time/time.c.obj
 .text.alarm_pool_init_default
                0x10001008       0x40 CMakeFiles/servo.dir/Users/Omniajam/Desktop/me433/Pico/pico-sdk/src/common/pico_time/time.c.obj
                0x10001008                alarm_pool_init_default
 .text.alarm_pool_get_default
                0x10001048       0x2c CMakeFiles/servo.dir/Users/Omniajam/Desktop/me433/Pico/pico-sdk/src/common/pico_time/time.c.obj
                0x10001048                alarm_pool_get_default
 .text.alarm_pool_add_alarm_at
                0x10001074      0x10e CMakeFiles/servo.dir/Users/Omniajam/Desktop/me433/Pico/pico-sdk/src/common/pico_time/time.c.obj
                0x10001074                alarm_pool_add_alarm_at
 .text.add_alarm_at
                0x10001182       0x2e CMakeFiles/servo.dir/Users/Omniajam/Desktop/me433/Pico/pico-sdk/src/common/pico_time/time.c.obj
 .text.alarm_pool_cancel_alarm
                0x100011b0       0xa8 CMakeFiles/servo.dir/Users/Omniajam/Desktop/me433/Pico/pico-sdk/src/common/pico_time/time.c.obj
                0x100011b0                alarm_pool_cancel_alarm
 .text.cancel_alarm
                0x10001258       0x10 CMakeFiles/servo.dir/Users/Omniajam/Desktop/me433/Pico/pico-sdk/src/common/pico_time/time.c.obj
 .text.sleep_until
                0x10001268       0xb0 CMakeFiles/servo.dir/Users/Omniajam/Desktop/me433/Pico/pico-sdk/src/common/pico_time/time.c.obj
                0x10001268                sleep_until
 .text.sleep_us
                0x10001318       0x1a CMakeFiles/servo.dir/Users/Omniajam/Desktop/me433/Pico/pico-sdk/src/common/pico_time/time.c.obj
                0x10001318                sleep_us
 .text.sleep_ms
                0x10001332       0x14 CMakeFiles/servo.dir/Users/Omniajam/Desktop/me433/Pico/pico-sdk/src/common/pico_time/time.c.obj
                0x10001332                sleep_ms
 *fill*         0x10001346        0x2 
 .text.best_effort_wfe_or_timeout
                0x10001348       0x44 CMakeFiles/servo.dir/Users/Omniajam/Desktop/me433/Pico/pico-sdk/src/common/pico_time/time.c.obj
                0x10001348                best_effort_wfe_or_timeout
 .text.hardware_alarm_irq_handler
                0x1000138c       0x8c CMakeFiles/servo.dir/Users/Omniajam/Desktop/me433/Pico/pico-sdk/src/rp2_common/hardware_timer/timer.c.obj
 .text.hardware_alarm_claim
                0x10001418       0x18 CMakeFiles/servo.dir/Users/Omniajam/Desktop/me433/Pico/pico-sdk/src/rp2_common/hardware_timer/timer.c.obj
                0x10001418                hardware_alarm_claim
 .text.time_us_64
                0x10001430       0x18 CMakeFiles/servo.dir/Users/Omniajam/Desktop/me433/Pico/pico-sdk/src/rp2_common/hardware_timer/timer.c.obj
                0x10001430                time_us_64
 .text.busy_wait_until
                0x10001448       0x28 CMakeFiles/servo.dir/Users/Omniajam/Desktop/me433/Pico/pico-sdk/src/rp2_common/hardware_timer/timer.c.obj
                0x10001448                busy_wait_until
 .text.hardware_alarm_set_callback
                0x10001470       0x90 CMakeFiles/servo.dir/Users/Omniajam/Desktop/me433/Pico/pico-sdk/src/rp2_common/hardware_timer/timer.c.obj
                0x10001470                hardware_alarm_set_callback
 .text.hardware_alarm_set_target
                0x10001500       0xe8 CMakeFiles/servo.dir/Users/Omniajam/Desktop/me433/Pico/pico-sdk/src/rp2_common/hardware_timer/timer.c.obj
                0x10001500                hardware_alarm_set_target
 .text.hardware_alarm_cancel
                0x100015e8       0x40 CMakeFiles/servo.dir/Users/Omniajam/Desktop/me433/Pico/pico-sdk/src/rp2_common/hardware_timer/timer.c.obj
                0x100015e8                hardware_alarm_cancel
 .text.ph_get_node
                0x10001628       0x30 CMakeFiles/servo.dir/Users/Omniajam/Desktop/me433/Pico/pico-sdk/src/common/pico_util/pheap.c.obj
 .text.ph_add_child_node
                0x10001658       0x6c CMakeFiles/servo.dir/Users/Omniajam/Desktop/me433/Pico/pico-sdk/src/common/pico_util/pheap.c.obj
 .text.ph_merge_nodes
                0x100016c4       0x3e CMakeFiles/servo.dir/Users/Omniajam/Desktop/me433/Pico/pico-sdk/src/common/pico_util/pheap.c.obj
 .text.ph_clear
                0x10001702       0x34 CMakeFiles/servo.dir/Users/Omniajam/Desktop/me433/Pico/pico-sdk/src/common/pico_util/pheap.c.obj
                0x10001702                ph_clear
 .text.ph_post_alloc_init
                0x10001736        0xe CMakeFiles/servo.dir/Users/Omniajam/Desktop/me433/Pico/pico-sdk/src/common/pico_util/pheap.c.obj
                0x10001736                ph_post_alloc_init
 .text.ph_merge_two_pass
                0x10001744       0x5c CMakeFiles/servo.dir/Users/Omniajam/Desktop/me433/Pico/pico-sdk/src/common/pico_util/pheap.c.obj
                0x10001744                ph_merge_two_pass
 .text.ph_remove_any_head
                0x100017a0       0xc0 CMakeFiles/servo.dir/Users/Omniajam/Desktop/me433/Pico/pico-sdk/src/common/pico_util/pheap.c.obj
 .text.ph_remove_head
                0x10001860       0x14 CMakeFiles/servo.dir/Users/Omniajam/Desktop/me433/Pico/pico-sdk/src/common/pico_util/pheap.c.obj
                0x10001860                ph_remove_head
 .text.ph_remove_and_free_node
                0x10001874       0xa0 CMakeFiles/servo.dir/Users/Omniajam/Desktop/me433/Pico/pico-sdk/src/common/pico_util/pheap.c.obj
                0x10001874                ph_remove_and_free_node
 .text.clock_configure
                0x10001914      0x108 CMakeFiles/servo.dir/Users/Omniajam/Desktop/me433/Pico/pico-sdk/src/rp2_common/hardware_clocks/clocks.c.obj
                0x10001914                clock_configure
 .text.clocks_init
                0x10001a1c      0x100 CMakeFiles/servo.dir/Users/Omniajam/Desktop/me433/Pico/pico-sdk/src/rp2_common/hardware_clocks/clocks.c.obj
                0x10001a1c                clocks_init
 .text.pll_init
                0x10001b1c      0x120 CMakeFiles/servo.dir/Users/Omniajam/Desktop/me433/Pico/pico-sdk/src/rp2_common/hardware_pll/pll.c.obj
                0x10001b1c                pll_init
 .text.watchdog_start_tick
                0x10001c3c       0x10 CMakeFiles/servo.dir/Users/Omniajam/Desktop/me433/Pico/pico-sdk/src/rp2_common/hardware_watchdog/watchdog.c.obj
                0x10001c3c                watchdog_start_tick
 .text.xosc_init
                0x10001c4c       0x28 CMakeFiles/servo.dir/Users/Omniajam/Desktop/me433/Pico/pico-sdk/src/rp2_common/hardware_xosc/xosc.c.obj
                0x10001c4c                xosc_init
 .text._exit    0x10001c74        0x4 CMakeFiles/servo.dir/Users/Omniajam/Desktop/me433/Pico/pico-sdk/src/rp2_common/pico_runtime/runtime.c.obj
                0x10001c74                _exit
 .text.exit     0x10001c78        0x6 CMakeFiles/servo.dir/Users/Omniajam/Desktop/me433/Pico/pico-sdk/src/rp2_common/pico_runtime/runtime.c.obj
                0x10001c78                exit
 *fill*         0x10001c7e        0x2 
 .text.__assert_func
                0x10001c80       0x38 CMakeFiles/servo.dir/Users/Omniajam/Desktop/me433/Pico/pico-sdk/src/rp2_common/pico_runtime/runtime.c.obj
                0x10001c80                __assert_func
 .text.runtime_init
                0x10001cb8       0xf8 CMakeFiles/servo.dir/Users/Omniajam/Desktop/me433/Pico/pico-sdk/src/rp2_common/pico_runtime/runtime.c.obj
                0x10001cb8                runtime_init
 .text.panic    0x10001db0       0x30 CMakeFiles/servo.dir/Users/Omniajam/Desktop/me433/Pico/pico-sdk/src/rp2_common/pico_runtime/runtime.c.obj
                0x10001db0                panic
 .text._out_null
                0x10001de0        0x2 CMakeFiles/servo.dir/Users/Omniajam/Desktop/me433/Pico/pico-sdk/src/rp2_common/pico_printf/printf.c.obj
 .text._out_fct
                0x10001de2        0xe CMakeFiles/servo.dir/Users/Omniajam/Desktop/me433/Pico/pico-sdk/src/rp2_common/pico_printf/printf.c.obj
 .text._atoi    0x10001df0       0x24 CMakeFiles/servo.dir/Users/Omniajam/Desktop/me433/Pico/pico-sdk/src/rp2_common/pico_printf/printf.c.obj
 .text._out_rev
                0x10001e14       0xae CMakeFiles/servo.dir/Users/Omniajam/Desktop/me433/Pico/pico-sdk/src/rp2_common/pico_printf/printf.c.obj
 .text._ntoa_format
                0x10001ec2      0x110 CMakeFiles/servo.dir/Users/Omniajam/Desktop/me433/Pico/pico-sdk/src/rp2_common/pico_printf/printf.c.obj
 .text._ntoa_long
                0x10001fd2       0xbc CMakeFiles/servo.dir/Users/Omniajam/Desktop/me433/Pico/pico-sdk/src/rp2_common/pico_printf/printf.c.obj
 .text._ntoa_long_long
                0x1000208e      0x10e CMakeFiles/servo.dir/Users/Omniajam/Desktop/me433/Pico/pico-sdk/src/rp2_common/pico_printf/printf.c.obj
 .text._etoa    0x1000219c      0x420 CMakeFiles/servo.dir/Users/Omniajam/Desktop/me433/Pico/pico-sdk/src/rp2_common/pico_printf/printf.c.obj
 .text._ftoa    0x100025bc      0x354 CMakeFiles/servo.dir/Users/Omniajam/Desktop/me433/Pico/pico-sdk/src/rp2_common/pico_printf/printf.c.obj
 .text._vsnprintf
                0x10002910      0x668 CMakeFiles/servo.dir/Users/Omniajam/Desktop/me433/Pico/pico-sdk/src/rp2_common/pico_printf/printf.c.obj
 .text.vfctprintf
                0x10002f78       0x20 CMakeFiles/servo.dir/Users/Omniajam/Desktop/me433/Pico/pico-sdk/src/rp2_common/pico_printf/printf.c.obj
                0x10002f78                vfctprintf
 .text          0x10002f98       0x10 CMakeFiles/servo.dir/Users/Omniajam/Desktop/me433/Pico/pico-sdk/src/rp2_common/pico_bit_ops/bit_ops_aeabi.S.obj
 .text.rom_func_lookup
                0x10002fa8       0x10 CMakeFiles/servo.dir/Users/Omniajam/Desktop/me433/Pico/pico-sdk/src/rp2_common/pico_bootrom/bootrom.c.obj
                0x10002fa8                rom_func_lookup
 .text.rom_data_lookup
                0x10002fb8       0x10 CMakeFiles/servo.dir/Users/Omniajam/Desktop/me433/Pico/pico-sdk/src/rp2_common/pico_bootrom/bootrom.c.obj
                0x10002fb8                rom_data_lookup
 .text.rom_funcs_lookup
                0x10002fc8       0x36 CMakeFiles/servo.dir/Users/Omniajam/Desktop/me433/Pico/pico-sdk/src/rp2_common/pico_bootrom/bootrom.c.obj
                0x10002fc8                rom_funcs_lookup
 *fill*         0x10002ffe        0x2 
 .text.__wrap___aeabi_idiv
                0x10003000       0x50 CMakeFiles/servo.dir/Users/Omniajam/Desktop/me433/Pico/pico-sdk/src/rp2_common/pico_divider/divider.S.obj
                0x10003000                __wrap___aeabi_idivmod
                0x10003000                divmod_s32s32
                0x10003000                div_s32s32
                0x10003000                __wrap___aeabi_idiv
                0x10003008                divmod_s32s32_unsafe
                0x10003034                divmod_s32s32_savestate
 .text.__wrap___aeabi_uidiv
                0x10003050       0x4c CMakeFiles/servo.dir/Users/Omniajam/Desktop/me433/Pico/pico-sdk/src/rp2_common/pico_divider/divider.S.obj
                0x10003050                __wrap___aeabi_uidiv
                0x10003050                __wrap___aeabi_uidivmod
                0x10003050                div_u32u32
                0x10003050                divmod_u32u32
                0x10003058                divmod_u32u32_unsafe
                0x10003080                divmod_u32u32_savestate
 .text.__wrap___aeabi_ldiv
                0x1000309c      0x424 CMakeFiles/servo.dir/Users/Omniajam/Desktop/me433/Pico/pico-sdk/src/rp2_common/pico_divider/divider.S.obj
                0x1000309c                __wrap___aeabi_ldivmod
                0x1000309c                div_s64s64
                0x1000309c                divmod_s64s64
                0x100030cc                divmod_u64u64
                0x100030cc                div_u64u64
                0x100030cc                __wrap___aeabi_uldivmod
                0x100030dc                divmod_u64u64_savestate
                0x100030fc                divmod_s64s64_unsafe
                0x10003184                divmod_u64u64_unsafe
 .text.__wrap___aeabi_darithmetic
                0x100034c0       0x80 CMakeFiles/servo.dir/Users/Omniajam/Desktop/me433/Pico/pico-sdk/src/rp2_common/pico_double/double_aeabi.S.obj
                0x100034c0                __wrap___aeabi_drsub
                0x100034c6                __wrap___aeabi_dsub
                0x100034d8                __wrap___aeabi_dadd
                0x100034ea                __wrap___aeabi_ddiv
                0x10003526                __wrap___aeabi_dmul
 .text.__wrap___aeabi_cdcmple
                0x10003540       0x6c CMakeFiles/servo.dir/Users/Omniajam/Desktop/me433/Pico/pico-sdk/src/rp2_common/pico_double/double_aeabi.S.obj
                0x10003540                __wrap___aeabi_cdrcmple
                0x10003550                __wrap___aeabi_cdcmple
                0x10003550                __wrap___aeabi_cdcmpeq
 .text.__wrap___aeabi_dcmplt
                0x100035ac        0xc CMakeFiles/servo.dir/Users/Omniajam/Desktop/me433/Pico/pico-sdk/src/rp2_common/pico_double/double_aeabi.S.obj
                0x100035ac                __wrap___aeabi_dcmplt
 .text.__wrap___aeabi_dcmple
                0x100035b8       0x10 CMakeFiles/servo.dir/Users/Omniajam/Desktop/me433/Pico/pico-sdk/src/rp2_common/pico_double/double_aeabi.S.obj
                0x100035b8                __wrap___aeabi_dcmple
 .text.__wrap___aeabi_dcmpge
                0x100035c8       0x10 CMakeFiles/servo.dir/Users/Omniajam/Desktop/me433/Pico/pico-sdk/src/rp2_common/pico_double/double_aeabi.S.obj
                0x100035c8                __wrap___aeabi_dcmpge
 .text.__wrap___aeabi_dcmpgt
                0x100035d8        0xa CMakeFiles/servo.dir/Users/Omniajam/Desktop/me433/Pico/pico-sdk/src/rp2_common/pico_double/double_aeabi.S.obj
                0x100035d8                __wrap___aeabi_dcmpgt
 .text.__wrap___aeabi_dcmpun
                0x100035e2       0x1c CMakeFiles/servo.dir/Users/Omniajam/Desktop/me433/Pico/pico-sdk/src/rp2_common/pico_double/double_aeabi.S.obj
                0x100035e2                __wrap___aeabi_dcmpun
 *fill*         0x100035fe        0x2 
 .text.__wrap___aeabi_i2d
                0x10003600       0x38 CMakeFiles/servo.dir/Users/Omniajam/Desktop/me433/Pico/pico-sdk/src/rp2_common/pico_double/double_aeabi.S.obj
                0x10003600                __wrap___aeabi_ui2d
                0x10003608                __wrap___aeabi_i2d
 .text.__wrap___aeabi_d2iz
                0x10003638       0x48 CMakeFiles/servo.dir/Users/Omniajam/Desktop/me433/Pico/pico-sdk/src/rp2_common/pico_double/double_aeabi.S.obj
                0x10003638                __wrap___aeabi_d2iz
                0x10003638                double2int_z
 .text.__wrap___aeabi_d2uiz
                0x10003680       0x18 CMakeFiles/servo.dir/Users/Omniajam/Desktop/me433/Pico/pico-sdk/src/rp2_common/pico_double/double_aeabi.S.obj
                0x10003680                double2uint
                0x10003680                __wrap___aeabi_d2uiz
 .text.__aeabi_double_init
                0x10003698       0xcc CMakeFiles/servo.dir/Users/Omniajam/Desktop/me433/Pico/pico-sdk/src/rp2_common/pico_double/double_init_rom.c.obj
                0x10003698                __aeabi_double_init
 .text.double_table_shim_on_use_helper
                0x10003764       0x34 CMakeFiles/servo.dir/Users/Omniajam/Desktop/me433/Pico/pico-sdk/src/rp2_common/pico_double/double_v1_rom_shim.S.obj
                0x10003764                double_table_shim_on_use_helper
 .text.__wrap___aeabi_dsub
                0x10003798       0x10 CMakeFiles/servo.dir/Users/Omniajam/Desktop/me433/Pico/pico-sdk/src/rp2_common/pico_double/double_v1_rom_shim.S.obj
                0x10003798                drsub_shim
                0x1000379e                dsub_shim
 .text.dadd_shim
                0x100037a8      0x15c CMakeFiles/servo.dir/Users/Omniajam/Desktop/me433/Pico/pico-sdk/src/rp2_common/pico_double/double_v1_rom_shim.S.obj
                0x100037a8                dadd_shim
 .text.dmul_shim
                0x10003904      0x15c CMakeFiles/servo.dir/Users/Omniajam/Desktop/me433/Pico/pico-sdk/src/rp2_common/pico_double/double_v1_rom_shim.S.obj
                0x10003904                dmul_shim
 .text.ddiv_shim
                0x10003a60      0x1b0 CMakeFiles/servo.dir/Users/Omniajam/Desktop/me433/Pico/pico-sdk/src/rp2_common/pico_double/double_v1_rom_shim.S.obj
                0x10003a60                ddiv_shim
 .text.double2uint_shim
                0x10003c10        0xe CMakeFiles/servo.dir/Users/Omniajam/Desktop/me433/Pico/pico-sdk/src/rp2_common/pico_double/double_v1_rom_shim.S.obj
                0x10003c10                double2uint_shim
                0x10003c12                double2ufix_shim
 *fill*         0x10003c1e        0x2 
 .text.double2uint64_shim
                0x10003c20       0x70 CMakeFiles/servo.dir/Users/Omniajam/Desktop/me433/Pico/pico-sdk/src/rp2_common/pico_double/double_v1_rom_shim.S.obj
                0x10003c20                double2uint64_shim
                0x10003c22                double2ufix64_shim
                0x10003c42                d2fix_a
 .text.dunpacks
                0x10003c90       0x3c CMakeFiles/servo.dir/Users/Omniajam/Desktop/me433/Pico/pico-sdk/src/rp2_common/pico_double/double_v1_rom_shim.S.obj
                0x10003c90                dunpacks
 .text.__aeabi_lmul
                0x10003ccc       0x32 CMakeFiles/servo.dir/Users/Omniajam/Desktop/me433/Pico/pico-sdk/src/rp2_common/pico_int64_ops/pico_int64_ops_aeabi.S.obj
                0x10003ccc                __wrap___aeabi_lmul
 *fill*         0x10003cfe        0x2 
 .text.__aeabi_float_init
                0x10003d00       0xfc CMakeFiles/servo.dir/Users/Omniajam/Desktop/me433/Pico/pico-sdk/src/rp2_common/pico_float/float_init_rom.c.obj
                0x10003d00                __aeabi_float_init
 .text.float_table_shim_on_use_helper
                0x10003dfc       0x34 CMakeFiles/servo.dir/Users/Omniajam/Desktop/me433/Pico/pico-sdk/src/rp2_common/pico_float/float_v1_rom_shim.S.obj
                0x10003dfc                float_table_shim_on_use_helper
 .text          0x10003e30       0x10 CMakeFiles/servo.dir/Users/Omniajam/Desktop/me433/Pico/pico-sdk/src/rp2_common/pico_mem_ops/mem_ops_aeabi.S.obj
                0x10003e30                __aeabi_mem_init
 .text.memset   0x10003e40        0xc CMakeFiles/servo.dir/Users/Omniajam/Desktop/me433/Pico/pico-sdk/src/rp2_common/pico_mem_ops/mem_ops_aeabi.S.obj
                0x10003e40                __wrap_memset
 .text.memcpy   0x10003e4c        0xc CMakeFiles/servo.dir/Users/Omniajam/Desktop/me433/Pico/pico-sdk/src/rp2_common/pico_mem_ops/mem_ops_aeabi.S.obj
                0x10003e4c                __wrap___aeabi_memcpy
                0x10003e4c                __wrap_memcpy
 .text.stdio_out_chars_no_crlf
                0x10003e58        0xe CMakeFiles/servo.dir/Users/Omniajam/Desktop/me433/Pico/pico-sdk/src/rp2_common/pico_stdio/stdio.c.obj
 *fill*         0x10003e66        0x2 
 .text.stdio_out_chars_crlf
                0x10003e68       0x80 CMakeFiles/servo.dir/Users/Omniajam/Desktop/me433/Pico/pico-sdk/src/rp2_common/pico_stdio/stdio.c.obj
 .text.stdio_stack_buffer_flush
                0x10003ee8       0x44 CMakeFiles/servo.dir/Users/Omniajam/Desktop/me433/Pico/pico-sdk/src/rp2_common/pico_stdio/stdio.c.obj
 .text.stdio_buffered_printer
                0x10003f2c       0x20 CMakeFiles/servo.dir/Users/Omniajam/Desktop/me433/Pico/pico-sdk/src/rp2_common/pico_stdio/stdio.c.obj
 .text.update_us_since_boot
                0x10003f4c       0x24 CMakeFiles/servo.dir/Users/Omniajam/Desktop/me433/Pico/pico-sdk/src/rp2_common/pico_stdio/stdio.c.obj
 .text.get_absolute_time
                0x10003f70       0x22 CMakeFiles/servo.dir/Users/Omniajam/Desktop/me433/Pico/pico-sdk/src/rp2_common/pico_stdio/stdio.c.obj
 *fill*         0x10003f92        0x2 
 .text.delayed_by_ms
                0x10003f94       0x44 CMakeFiles/servo.dir/Users/Omniajam/Desktop/me433/Pico/pico-sdk/src/rp2_common/pico_stdio/stdio.c.obj
 .text.make_timeout_time_ms
                0x10003fd8       0x20 CMakeFiles/servo.dir/Users/Omniajam/Desktop/me433/Pico/pico-sdk/src/rp2_common/pico_stdio/stdio.c.obj
 .text.stdout_serialize_begin
                0x10003ff8       0x20 CMakeFiles/servo.dir/Users/Omniajam/Desktop/me433/Pico/pico-sdk/src/rp2_common/pico_stdio/stdio.c.obj
                0x10003ff8                stdout_serialize_begin
 .text.stdout_serialize_end
                0x10004018       0x10 CMakeFiles/servo.dir/Users/Omniajam/Desktop/me433/Pico/pico-sdk/src/rp2_common/pico_stdio/stdio.c.obj
                0x10004018                stdout_serialize_end
 .text.stdio_put_string
                0x10004028       0x98 CMakeFiles/servo.dir/Users/Omniajam/Desktop/me433/Pico/pico-sdk/src/rp2_common/pico_stdio/stdio.c.obj
 .text.stdio_flush
                0x100040c0       0x20 CMakeFiles/servo.dir/Users/Omniajam/Desktop/me433/Pico/pico-sdk/src/rp2_common/pico_stdio/stdio.c.obj
                0x100040c0                stdio_flush
 .text.__wrap_puts
                0x100040e0       0x1e CMakeFiles/servo.dir/Users/Omniajam/Desktop/me433/Pico/pico-sdk/src/rp2_common/pico_stdio/stdio.c.obj
                0x100040e0                __wrap_puts
 *fill*         0x100040fe        0x2 
 .text.__wrap_vprintf
                0x10004100       0x40 CMakeFiles/servo.dir/Users/Omniajam/Desktop/me433/Pico/pico-sdk/src/rp2_common/pico_stdio/stdio.c.obj
                0x10004100                __wrap_vprintf
 .text.__wrap_printf
                0x10004140       0x18 CMakeFiles/servo.dir/Users/Omniajam/Desktop/me433/Pico/pico-sdk/src/rp2_common/pico_stdio/stdio.c.obj
                0x10004140                __wrap_printf
 .text._retrieve_unique_id_on_boot
                0x10004158       0x10 CMakeFiles/servo.dir/Users/Omniajam/Desktop/me433/Pico/pico-sdk/src/rp2_common/pico_unique_id/unique_id.c.obj
 .text.flash_get_unique_id
                0x10004168       0x40 CMakeFiles/servo.dir/Users/Omniajam/Desktop/me433/Pico/pico-sdk/src/rp2_common/hardware_flash/flash.c.obj
                0x10004168                flash_get_unique_id
 .text.strlen   0x100041a8       0x5c /Applications/ArmGNUToolchain/13.2.Rel1/arm-none-eabi/bin/../lib/gcc/arm-none-eabi/13.2.1/../../../../arm-none-eabi/lib/thumb/v6-m/nofp/libg.a(libc_a-strlen-stub.o)
                0x100041a8                strlen
 *(.fini)
 .fini          0x10004204        0x4 /Applications/ArmGNUToolchain/13.2.Rel1/arm-none-eabi/bin/../lib/gcc/arm-none-eabi/13.2.1/thumb/v6-m/nofp/crti.o
                0x10004204                _fini
 .fini.__stub   0x10004208       0x50 linker stubs
 *crtbegin.o(.ctors)
 *crtbegin?.o(.ctors)
 *(EXCLUDE_FILE(*crtend.o *crtend?.o) .ctors)
 *(SORT_BY_NAME(.ctors.*))
 *(.ctors)
 *crtbegin.o(.dtors)
 *crtbegin?.o(.dtors)
 *(EXCLUDE_FILE(*crtend.o *crtend?.o) .dtors)
 *(SORT_BY_NAME(.dtors.*))
 *(.dtors)
 *(.eh_frame*)
 .eh_frame      0x10004258        0x0 /Applications/ArmGNUToolchain/13.2.Rel1/arm-none-eabi/bin/../lib/gcc/arm-none-eabi/13.2.1/thumb/v6-m/nofp/crtbegin.o
                0x10004258                        . = ALIGN (0x4)

.glue_7         0x10004258        0x0
 .glue_7        0x10004258        0x0 linker stubs

.glue_7t        0x10004258        0x0
 .glue_7t       0x10004258        0x0 linker stubs

.vfp11_veneer   0x10004258        0x0
 .vfp11_veneer  0x10004258        0x0 linker stubs

.v4_bx          0x10004258        0x0
 .v4_bx         0x10004258        0x0 linker stubs

.iplt           0x10004258        0x0
 .iplt          0x10004258        0x0 /Applications/ArmGNUToolchain/13.2.Rel1/arm-none-eabi/bin/../lib/gcc/arm-none-eabi/13.2.1/thumb/v6-m/nofp/crtbegin.o

.rodata         0x10004258     0x1020
 *(EXCLUDE_FILE(*libm.a: *libc.a:*lib_a-mem*.o *libgcc.a:) .rodata*)
 .rodata.main.str1.4
                0x10004258      0xba2 CMakeFiles/servo.dir/src/servo.c.obj
                                  0x7 (size before relaxing)
 .rodata.resolve_branch.str1.4
                0x10004dfa       0x66 CMakeFiles/servo.dir/Users/Omniajam/Desktop/me433/Pico/pico-sdk/src/rp2_common/hardware_irq/irq.c.obj
 .rodata.make_branch.str1.4
                0x10004dfa       0x30 CMakeFiles/servo.dir/Users/Omniajam/Desktop/me433/Pico/pico-sdk/src/rp2_common/hardware_irq/irq.c.obj
 .rodata.insert_branch_and_link.str1.4
                0x10004dfa       0x10 CMakeFiles/servo.dir/Users/Omniajam/Desktop/me433/Pico/pico-sdk/src/rp2_common/hardware_irq/irq.c.obj
 .rodata.irq_set_exclusive_handler.str1.4
                0x10004dfa       0x36 CMakeFiles/servo.dir/Users/Omniajam/Desktop/me433/Pico/pico-sdk/src/rp2_common/hardware_irq/irq.c.obj
 .rodata.irq_remove_handler.str1.4
                0x10004dfa       0x3a CMakeFiles/servo.dir/Users/Omniajam/Desktop/me433/Pico/pico-sdk/src/rp2_common/hardware_irq/irq.c.obj
 .rodata.irq_add_tail_to_free_list.str1.4
                0x10004dfa       0x3a CMakeFiles/servo.dir/Users/Omniajam/Desktop/me433/Pico/pico-sdk/src/rp2_common/hardware_irq/irq.c.obj
 *fill*         0x10004dfa        0x2 
 .rodata.__func__.0
                0x10004dfc       0x1a CMakeFiles/servo.dir/Users/Omniajam/Desktop/me433/Pico/pico-sdk/src/rp2_common/hardware_irq/irq.c.obj
 *fill*         0x10004e16        0x2 
 .rodata.__func__.1
                0x10004e18       0x17 CMakeFiles/servo.dir/Users/Omniajam/Desktop/me433/Pico/pico-sdk/src/rp2_common/hardware_irq/irq.c.obj
 *fill*         0x10004e2f        0x1 
 .rodata.__func__.2
                0x10004e30       0x13 CMakeFiles/servo.dir/Users/Omniajam/Desktop/me433/Pico/pico-sdk/src/rp2_common/hardware_irq/irq.c.obj
 *fill*         0x10004e43        0x1 
 .rodata.__func__.3
                0x10004e44        0xc CMakeFiles/servo.dir/Users/Omniajam/Desktop/me433/Pico/pico-sdk/src/rp2_common/hardware_irq/irq.c.obj
 .rodata.__func__.4
                0x10004e50        0xf CMakeFiles/servo.dir/Users/Omniajam/Desktop/me433/Pico/pico-sdk/src/rp2_common/hardware_irq/irq.c.obj
 *fill*         0x10004e5f        0x1 
 .rodata.__func__.6
                0x10004e60       0x1a CMakeFiles/servo.dir/Users/Omniajam/Desktop/me433/Pico/pico-sdk/src/rp2_common/hardware_irq/irq.c.obj
 .rodata.str1.4
                0x10004e7a       0x9d CMakeFiles/servo.dir/Users/Omniajam/Desktop/me433/Pico/pico-sdk/src/common/pico_sync/mutex.c.obj
 *fill*         0x10004e7a        0x2 
 .rodata.__func__.1
                0x10004e7c        0xb CMakeFiles/servo.dir/Users/Omniajam/Desktop/me433/Pico/pico-sdk/src/common/pico_sync/mutex.c.obj
 *fill*         0x10004e87        0x1 
 .rodata.__func__.3
                0x10004e88       0x18 CMakeFiles/servo.dir/Users/Omniajam/Desktop/me433/Pico/pico-sdk/src/common/pico_sync/mutex.c.obj
 .rodata.get_entry.str1.4
                0x10004ea0       0x6c CMakeFiles/servo.dir/Users/Omniajam/Desktop/me433/Pico/pico-sdk/src/common/pico_time/time.c.obj
 .rodata.update_us_since_boot.str1.4
                0x10004ea0       0x72 CMakeFiles/servo.dir/Users/Omniajam/Desktop/me433/Pico/pico-sdk/src/common/pico_time/time.c.obj
 .rodata.ph_get_node.str1.4
                0x10004ea0       0x77 CMakeFiles/servo.dir/Users/Omniajam/Desktop/me433/Pico/pico-sdk/src/common/pico_time/time.c.obj
 .rodata.ph_add_child_node.str1.4
                0x10004ea0       0x2e CMakeFiles/servo.dir/Users/Omniajam/Desktop/me433/Pico/pico-sdk/src/common/pico_time/time.c.obj
 .rodata.ph_insert_node.str1.4
                0x10004ea0        0x3 CMakeFiles/servo.dir/Users/Omniajam/Desktop/me433/Pico/pico-sdk/src/common/pico_time/time.c.obj
 .rodata.ph_free_node.str1.4
                0x10004ea0       0x38 CMakeFiles/servo.dir/Users/Omniajam/Desktop/me433/Pico/pico-sdk/src/common/pico_time/time.c.obj
 .rodata.add_alarm_under_lock.str1.4
                0x10004ea0       0x28 CMakeFiles/servo.dir/Users/Omniajam/Desktop/me433/Pico/pico-sdk/src/common/pico_time/time.c.obj
 .rodata.alarm_pool_alarm_callback.str1.4
                0x10004ea0       0x60 CMakeFiles/servo.dir/Users/Omniajam/Desktop/me433/Pico/pico-sdk/src/common/pico_time/time.c.obj
 .rodata.alarm_pool_get_default.str1.4
                0x10004ea0       0x21 CMakeFiles/servo.dir/Users/Omniajam/Desktop/me433/Pico/pico-sdk/src/common/pico_time/time.c.obj
 .rodata.alarm_pool_cancel_alarm.str1.4
                0x10004ea0       0x27 CMakeFiles/servo.dir/Users/Omniajam/Desktop/me433/Pico/pico-sdk/src/common/pico_time/time.c.obj
 .rodata.sleep_until.str1.4
                0x10004ea0       0x4d CMakeFiles/servo.dir/Users/Omniajam/Desktop/me433/Pico/pico-sdk/src/common/pico_time/time.c.obj
 .rodata.__func__.1
                0x10004ea0       0x18 CMakeFiles/servo.dir/Users/Omniajam/Desktop/me433/Pico/pico-sdk/src/common/pico_time/time.c.obj
 .rodata.__func__.3
                0x10004eb8       0x17 CMakeFiles/servo.dir/Users/Omniajam/Desktop/me433/Pico/pico-sdk/src/common/pico_time/time.c.obj
 *fill*         0x10004ecf        0x1 
 .rodata.__func__.4
                0x10004ed0       0x12 CMakeFiles/servo.dir/Users/Omniajam/Desktop/me433/Pico/pico-sdk/src/common/pico_time/time.c.obj
 *fill*         0x10004ee2        0x2 
 .rodata.__func__.5
                0x10004ee4        0xd CMakeFiles/servo.dir/Users/Omniajam/Desktop/me433/Pico/pico-sdk/src/common/pico_time/time.c.obj
 *fill*         0x10004ef1        0x3 
 .rodata.__func__.6
                0x10004ef4       0x12 CMakeFiles/servo.dir/Users/Omniajam/Desktop/me433/Pico/pico-sdk/src/common/pico_time/time.c.obj
 *fill*         0x10004f06        0x2 
 .rodata.__func__.7
                0x10004f08        0xf CMakeFiles/servo.dir/Users/Omniajam/Desktop/me433/Pico/pico-sdk/src/common/pico_time/time.c.obj
 *fill*         0x10004f17        0x1 
 .rodata.__func__.8
                0x10004f18        0xc CMakeFiles/servo.dir/Users/Omniajam/Desktop/me433/Pico/pico-sdk/src/common/pico_time/time.c.obj
 .rodata.__func__.9
                0x10004f24       0x15 CMakeFiles/servo.dir/Users/Omniajam/Desktop/me433/Pico/pico-sdk/src/common/pico_time/time.c.obj
 *fill*         0x10004f39        0x3 
 .rodata.__func__.10
                0x10004f3c       0x15 CMakeFiles/servo.dir/Users/Omniajam/Desktop/me433/Pico/pico-sdk/src/common/pico_time/time.c.obj
 *fill*         0x10004f51        0x3 
 .rodata.__func__.11
                0x10004f54       0x1a CMakeFiles/servo.dir/Users/Omniajam/Desktop/me433/Pico/pico-sdk/src/common/pico_time/time.c.obj
 *fill*         0x10004f6e        0x2 
 .rodata.__func__.12
                0x10004f70        0xa CMakeFiles/servo.dir/Users/Omniajam/Desktop/me433/Pico/pico-sdk/src/common/pico_time/time.c.obj
 .rodata.hardware_alarm_claim.str1.4
                0x10004f7a       0x22 CMakeFiles/servo.dir/Users/Omniajam/Desktop/me433/Pico/pico-sdk/src/rp2_common/hardware_timer/timer.c.obj
 .rodata.hardware_alarm_set_target.str1.4
                0x10004f7a       0x76 CMakeFiles/servo.dir/Users/Omniajam/Desktop/me433/Pico/pico-sdk/src/rp2_common/hardware_timer/timer.c.obj
 *fill*         0x10004f7a        0x2 
 .rodata.__func__.0
                0x10004f7c       0x1a CMakeFiles/servo.dir/Users/Omniajam/Desktop/me433/Pico/pico-sdk/src/rp2_common/hardware_timer/timer.c.obj
 .rodata.ph_get_node.str1.4
                0x10004f96       0x77 CMakeFiles/servo.dir/Users/Omniajam/Desktop/me433/Pico/pico-sdk/src/common/pico_util/pheap.c.obj
 .rodata.ph_add_child_node.str1.4
                0x10004f96       0x2e CMakeFiles/servo.dir/Users/Omniajam/Desktop/me433/Pico/pico-sdk/src/common/pico_util/pheap.c.obj
 .rodata.ph_remove_any_head.str1.4
                0x10004f96       0xb4 CMakeFiles/servo.dir/Users/Omniajam/Desktop/me433/Pico/pico-sdk/src/common/pico_util/pheap.c.obj
 .rodata.ph_remove_and_free_node.str1.4
                0x10004f96       0x26 CMakeFiles/servo.dir/Users/Omniajam/Desktop/me433/Pico/pico-sdk/src/common/pico_util/pheap.c.obj
 *fill*         0x10004f96        0x2 
 .rodata.__func__.0
                0x10004f98       0x18 CMakeFiles/servo.dir/Users/Omniajam/Desktop/me433/Pico/pico-sdk/src/common/pico_util/pheap.c.obj
 .rodata.__func__.1
                0x10004fb0       0x13 CMakeFiles/servo.dir/Users/Omniajam/Desktop/me433/Pico/pico-sdk/src/common/pico_util/pheap.c.obj
 *fill*         0x10004fc3        0x1 
 .rodata.__func__.2
                0x10004fc4       0x12 CMakeFiles/servo.dir/Users/Omniajam/Desktop/me433/Pico/pico-sdk/src/common/pico_util/pheap.c.obj
 *fill*         0x10004fd6        0x2 
 .rodata.__func__.3
                0x10004fd8        0xc CMakeFiles/servo.dir/Users/Omniajam/Desktop/me433/Pico/pico-sdk/src/common/pico_util/pheap.c.obj
 .rodata.clock_configure.str1.4
                0x10004fe4       0x68 CMakeFiles/servo.dir/Users/Omniajam/Desktop/me433/Pico/pico-sdk/src/rp2_common/hardware_clocks/clocks.c.obj
 .rodata.__func__.1
                0x10004fe4       0x10 CMakeFiles/servo.dir/Users/Omniajam/Desktop/me433/Pico/pico-sdk/src/rp2_common/hardware_clocks/clocks.c.obj
 .rodata.pll_init.str1.4
                0x10004ff4      0x134 CMakeFiles/servo.dir/Users/Omniajam/Desktop/me433/Pico/pico-sdk/src/rp2_common/hardware_pll/pll.c.obj
 .rodata.__func__.0
                0x10004ff4        0x9 CMakeFiles/servo.dir/Users/Omniajam/Desktop/me433/Pico/pico-sdk/src/rp2_common/hardware_pll/pll.c.obj
 .rodata.__assert_func.str1.4
                0x10004ffd       0x43 CMakeFiles/servo.dir/Users/Omniajam/Desktop/me433/Pico/pico-sdk/src/rp2_common/pico_runtime/runtime.c.obj
 .rodata.runtime_init.str1.4
                0x10004ffd       0x72 CMakeFiles/servo.dir/Users/Omniajam/Desktop/me433/Pico/pico-sdk/src/rp2_common/pico_runtime/runtime.c.obj
 .rodata.panic.str1.4
                0x10004ffd       0x12 CMakeFiles/servo.dir/Users/Omniajam/Desktop/me433/Pico/pico-sdk/src/rp2_common/pico_runtime/runtime.c.obj
 *fill*         0x10004ffd        0x3 
 .rodata.__func__.2
                0x10005000        0xd CMakeFiles/servo.dir/Users/Omniajam/Desktop/me433/Pico/pico-sdk/src/rp2_common/pico_runtime/runtime.c.obj
 .rodata._ftoa.str1.4
                0x1000500d       0x15 CMakeFiles/servo.dir/Users/Omniajam/Desktop/me433/Pico/pico-sdk/src/rp2_common/pico_printf/printf.c.obj
 *fill*         0x1000500d        0x3 
 .rodata._vsnprintf
                0x10005010      0x19c CMakeFiles/servo.dir/Users/Omniajam/Desktop/me433/Pico/pico-sdk/src/rp2_common/pico_printf/printf.c.obj
 *fill*         0x100051ac        0x4 
 .rodata.pow10.0
                0x100051b0       0x50 CMakeFiles/servo.dir/Users/Omniajam/Desktop/me433/Pico/pico-sdk/src/rp2_common/pico_printf/printf.c.obj
 .rodata.__aeabi_double_init.str1.4
                0x10005200       0xad CMakeFiles/servo.dir/Users/Omniajam/Desktop/me433/Pico/pico-sdk/src/rp2_common/pico_double/double_init_rom.c.obj
 .rodata.__func__.0
                0x10005200       0x14 CMakeFiles/servo.dir/Users/Omniajam/Desktop/me433/Pico/pico-sdk/src/rp2_common/pico_double/double_init_rom.c.obj
 .rodata.__aeabi_float_init.str1.4
                0x10005214       0x8f CMakeFiles/servo.dir/Users/Omniajam/Desktop/me433/Pico/pico-sdk/src/rp2_common/pico_float/float_init_rom.c.obj
 .rodata.__func__.0
                0x10005214       0x13 CMakeFiles/servo.dir/Users/Omniajam/Desktop/me433/Pico/pico-sdk/src/rp2_common/pico_float/float_init_rom.c.obj
 .rodata.str1.4
                0x10005227       0x3c CMakeFiles/servo.dir/Users/Omniajam/Desktop/me433/Pico/pico-sdk/src/rp2_common/pico_standard_link/binary_info.c.obj
 *fill*         0x10005227        0x1 
 .rodata.__bi_81
                0x10005228        0xc CMakeFiles/servo.dir/Users/Omniajam/Desktop/me433/Pico/pico-sdk/src/rp2_common/pico_standard_link/binary_info.c.obj
 .rodata.__bi_75
                0x10005234        0xc CMakeFiles/servo.dir/Users/Omniajam/Desktop/me433/Pico/pico-sdk/src/rp2_common/pico_standard_link/binary_info.c.obj
 .rodata.__bi_44
                0x10005240        0xc CMakeFiles/servo.dir/Users/Omniajam/Desktop/me433/Pico/pico-sdk/src/rp2_common/pico_standard_link/binary_info.c.obj
 .rodata.update_us_since_boot.str1.4
                0x1000524c       0x72 CMakeFiles/servo.dir/Users/Omniajam/Desktop/me433/Pico/pico-sdk/src/rp2_common/pico_stdio/stdio.c.obj
 .rodata.crlf_str.2
                0x1000524c        0x2 CMakeFiles/servo.dir/Users/Omniajam/Desktop/me433/Pico/pico-sdk/src/rp2_common/pico_stdio/stdio.c.obj
 *fill*         0x1000524e        0x2 
 .rodata.__func__.3
                0x10005250       0x15 CMakeFiles/servo.dir/Users/Omniajam/Desktop/me433/Pico/pico-sdk/src/rp2_common/pico_stdio/stdio.c.obj
 .rodata.str1.4
                0x10005265      0x16a CMakeFiles/servo.dir/Users/Omniajam/Desktop/me433/Pico/pico-sdk/src/rp2_common/hardware_flash/flash.c.obj
 *fill*         0x10005265        0x3 
 .rodata.__func__.0
                0x10005268        0xd CMakeFiles/servo.dir/Users/Omniajam/Desktop/me433/Pico/pico-sdk/src/rp2_common/hardware_flash/flash.c.obj
                0x10005278                        . = ALIGN (0x4)
 *fill*         0x10005275        0x3 
 *(SORT_BY_ALIGNMENT(SORT_BY_NAME(.flashdata*)))
                0x10005278                        . = ALIGN (0x4)

.ARM.extab
 *(.ARM.extab* .gnu.linkonce.armextab.*)
                0x10005278                        __exidx_start = .

.ARM.exidx
 *(.ARM.exidx* .gnu.linkonce.armexidx.*)
                0x10005278                        __exidx_end = .
                0x10005278                        . = ALIGN (0x4)
                0x10005278                        __binary_info_start = .

.binary_info    0x10005278       0x1c
 *(.binary_info.keep.*)
 .binary_info.keep.__bi_ptr81
                0x10005278        0x4 CMakeFiles/servo.dir/Users/Omniajam/Desktop/me433/Pico/pico-sdk/src/rp2_common/pico_standard_link/binary_info.c.obj
 .binary_info.keep.__bi_ptr75
                0x1000527c        0x4 CMakeFiles/servo.dir/Users/Omniajam/Desktop/me433/Pico/pico-sdk/src/rp2_common/pico_standard_link/binary_info.c.obj
 .binary_info.keep.__bi_ptr50
                0x10005280        0x4 CMakeFiles/servo.dir/Users/Omniajam/Desktop/me433/Pico/pico-sdk/src/rp2_common/pico_standard_link/binary_info.c.obj
 .binary_info.keep.__bi_ptr44
                0x10005284        0x4 CMakeFiles/servo.dir/Users/Omniajam/Desktop/me433/Pico/pico-sdk/src/rp2_common/pico_standard_link/binary_info.c.obj
 .binary_info.keep.__bi_ptr38
                0x10005288        0x4 CMakeFiles/servo.dir/Users/Omniajam/Desktop/me433/Pico/pico-sdk/src/rp2_common/pico_standard_link/binary_info.c.obj
 .binary_info.keep.__bi_ptr30
                0x1000528c        0x4 CMakeFiles/servo.dir/Users/Omniajam/Desktop/me433/Pico/pico-sdk/src/rp2_common/pico_standard_link/binary_info.c.obj
 .binary_info.keep.__bi_ptr22
                0x10005290        0x4 CMakeFiles/servo.dir/Users/Omniajam/Desktop/me433/Pico/pico-sdk/src/rp2_common/pico_standard_link/binary_info.c.obj
 *(.binary_info.*)
                0x10005294                        __binary_info_end = .

.rel.dyn        0x10005294        0x0
 .rel.iplt      0x10005294        0x0 /Applications/ArmGNUToolchain/13.2.Rel1/arm-none-eabi/bin/../lib/gcc/arm-none-eabi/13.2.1/thumb/v6-m/nofp/crtbegin.o
                0x10005294                        . = ALIGN (0x4)

.ram_vector_table
                0x20000000       0xc0
 *(.ram_vector_table)
 .ram_vector_table
                0x20000000       0xc0 CMakeFiles/servo.dir/Users/Omniajam/Desktop/me433/Pico/pico-sdk/src/rp2_common/pico_runtime/runtime.c.obj
                0x20000000                ram_vector_table

.data           0x200000c0      0x370 load address 0x10005294
                0x200000c0                        __data_start__ = .
 *(vtable)
 *(.time_critical*)
 .time_critical.mutex_try_enter
                0x200000c0       0x46 CMakeFiles/servo.dir/Users/Omniajam/Desktop/me433/Pico/pico-sdk/src/common/pico_sync/mutex.c.obj
                0x200000c0                mutex_try_enter
 *fill*         0x20000106        0x2 
 .time_critical.mutex_enter_block_until
                0x20000108       0x8c CMakeFiles/servo.dir/Users/Omniajam/Desktop/me433/Pico/pico-sdk/src/common/pico_sync/mutex.c.obj
                0x20000108                mutex_enter_block_until
 .time_critical.mutex_try_enter_block_until
                0x20000194       0x34 CMakeFiles/servo.dir/Users/Omniajam/Desktop/me433/Pico/pico-sdk/src/common/pico_sync/mutex.c.obj
                0x20000194                mutex_try_enter_block_until
 .time_critical.mutex_exit
                0x200001c8       0x4c CMakeFiles/servo.dir/Users/Omniajam/Desktop/me433/Pico/pico-sdk/src/common/pico_sync/mutex.c.obj
                0x200001c8                mutex_exit
 .time_critical.flash_init_boot2_copyout
                0x20000214       0x30 CMakeFiles/servo.dir/Users/Omniajam/Desktop/me433/Pico/pico-sdk/src/rp2_common/hardware_flash/flash.c.obj
 .time_critical.flash_enable_xip_via_boot2
                0x20000244        0xc CMakeFiles/servo.dir/Users/Omniajam/Desktop/me433/Pico/pico-sdk/src/rp2_common/hardware_flash/flash.c.obj
 .time_critical.flash_cs_force
                0x20000250       0x28 CMakeFiles/servo.dir/Users/Omniajam/Desktop/me433/Pico/pico-sdk/src/rp2_common/hardware_flash/flash.c.obj
 .time_critical.flash_do_cmd
                0x20000278       0xd8 CMakeFiles/servo.dir/Users/Omniajam/Desktop/me433/Pico/pico-sdk/src/rp2_common/hardware_flash/flash.c.obj
                0x20000278                flash_do_cmd
 *(.text*)
 .text          0x20000350        0x4 /Applications/ArmGNUToolchain/13.2.Rel1/arm-none-eabi/bin/../lib/gcc/arm-none-eabi/13.2.1/thumb/v6-m/nofp/libgcc.a(_dvmd_tls.o)
                0x20000350                __aeabi_ldiv0
                0x20000350                __aeabi_idiv0
 *fill*         0x20000354        0x4 
 .text.__stub   0x20000358       0x20 linker stubs
                0x20000378                        . = ALIGN (0x4)
 *(.rodata*)
                0x20000378                        . = ALIGN (0x4)
 *(.data*)
 .data.striped_spin_lock_num
                0x20000378        0x1 CMakeFiles/servo.dir/Users/Omniajam/Desktop/me433/Pico/pico-sdk/src/rp2_common/hardware_sync/sync.c.obj
 *fill*         0x20000379        0x3 
 .data          0x2000037c       0x48 CMakeFiles/servo.dir/Users/Omniajam/Desktop/me433/Pico/pico-sdk/src/rp2_common/hardware_irq/irq_handler_chain.S.obj
                0x2000037c                irq_handler_chain_slots
                0x200003ac                irq_handler_chain_first_slot
                0x200003b6                irq_handler_chain_remove_tail
 .data.default_alarm_pool
                0x200003c4       0x18 CMakeFiles/servo.dir/Users/Omniajam/Desktop/me433/Pico/pico-sdk/src/common/pico_time/time.c.obj
 .data.default_alarm_pool_heap
                0x200003dc       0x10 CMakeFiles/servo.dir/Users/Omniajam/Desktop/me433/Pico/pico-sdk/src/common/pico_time/time.c.obj
 *fill*         0x200003ec        0x4 
 .data.aeabi_bits_funcs
                0x200003f0       0x10 CMakeFiles/servo.dir/Users/Omniajam/Desktop/me433/Pico/pico-sdk/src/rp2_common/pico_bit_ops/bit_ops_aeabi.S.obj
                0x200003f0                aeabi_bits_funcs
                0x20000400                aeabi_bits_funcs_end
 .data.aeabi_mem_funcs
                0x20000400       0x10 CMakeFiles/servo.dir/Users/Omniajam/Desktop/me433/Pico/pico-sdk/src/rp2_common/pico_mem_ops/mem_ops_aeabi.S.obj
                0x20000400                aeabi_mem_funcs
                0x20000410                aeabi_mem_funcs_end
                0x20000410                        . = ALIGN (0x4)
 *(.after_data.*)
                0x20000410                        . = ALIGN (0x4)
                0x20000410                        PROVIDE (__mutex_array_start = .)
 *(SORT_BY_NAME(.mutex_array.*))
 *(.mutex_array)
 .mutex_array   0x20000410        0x8 CMakeFiles/servo.dir/Users/Omniajam/Desktop/me433/Pico/pico-sdk/src/rp2_common/pico_stdio/stdio.c.obj
                0x20000418                        PROVIDE (__mutex_array_end = .)
                0x20000418                        . = ALIGN (0x4)
                0x20000418                        PROVIDE (__preinit_array_start = .)
 *(SORT_BY_NAME(.preinit_array.*))
 .preinit_array.00001
                0x20000418        0x4 CMakeFiles/servo.dir/Users/Omniajam/Desktop/me433/Pico/pico-sdk/src/rp2_common/pico_mem_ops/mem_ops_aeabi.S.obj
 .preinit_array.00010
                0x2000041c        0x4 CMakeFiles/servo.dir/Users/Omniajam/Desktop/me433/Pico/pico-sdk/src/rp2_common/pico_bit_ops/bit_ops_aeabi.S.obj
 .preinit_array.00020
                0x20000420        0x4 CMakeFiles/servo.dir/Users/Omniajam/Desktop/me433/Pico/pico-sdk/src/rp2_common/pico_double/double_aeabi.S.obj
 .preinit_array.00020
                0x20000424        0x4 CMakeFiles/servo.dir/Users/Omniajam/Desktop/me433/Pico/pico-sdk/src/rp2_common/pico_float/float_aeabi.S.obj
 *(.preinit_array)
                0x20000428                        PROVIDE (__preinit_array_end = .)
                0x20000428                        . = ALIGN (0x4)
                0x20000428                        PROVIDE (__init_array_start = .)
 *(SORT_BY_NAME(.init_array.*))
 *(.init_array)
 .init_array    0x20000428        0x4 /Applications/ArmGNUToolchain/13.2.Rel1/arm-none-eabi/bin/../lib/gcc/arm-none-eabi/13.2.1/thumb/v6-m/nofp/crtbegin.o
 .init_array    0x2000042c        0x4 CMakeFiles/servo.dir/Users/Omniajam/Desktop/me433/Pico/pico-sdk/src/rp2_common/pico_unique_id/unique_id.c.obj
                0x20000430                        PROVIDE (__init_array_end = .)
                0x20000430                        . = ALIGN (0x4)
                [!provide]                        PROVIDE (__fini_array_start = .)
 *(SORT_BY_NAME(.fini_array.*))
 *(.fini_array)
                [!provide]                        PROVIDE (__fini_array_end = .)
 *(.jcr)
                0x20000430                        . = ALIGN (0x4)
                0x20000430                        __data_end__ = .
                0x10005294                        __etext = LOADADDR (.data)

.tm_clone_table
                0x20000430        0x0 load address 0x10005604
 .tm_clone_table
                0x20000430        0x0 /Applications/ArmGNUToolchain/13.2.Rel1/arm-none-eabi/bin/../lib/gcc/arm-none-eabi/13.2.1/thumb/v6-m/nofp/crtbegin.o
 .tm_clone_table
                0x20000430        0x0 /Applications/ArmGNUToolchain/13.2.Rel1/arm-none-eabi/bin/../lib/gcc/arm-none-eabi/13.2.1/thumb/v6-m/nofp/crtend.o

.igot.plt       0x20000430        0x0 load address 0x10005604
 .igot.plt      0x20000430        0x0 /Applications/ArmGNUToolchain/13.2.Rel1/arm-none-eabi/bin/../lib/gcc/arm-none-eabi/13.2.1/thumb/v6-m/nofp/crtbegin.o

.uninitialized_data
                0x20000430        0x0 load address 0x10005604
                0x20000430                        . = ALIGN (0x4)
 *(.uninitialized_data*)

.scratch_x      0x20040000        0x0 load address 0x10005604
                0x20040000                        __scratch_x_start__ = .
 *(.scratch_x.*)
                0x20040000                        . = ALIGN (0x4)
                0x20040000                        __scratch_x_end__ = .
                0x10005604                        __scratch_x_source__ = LOADADDR (.scratch_x)

.scratch_y      0x20041000        0x0 load address 0x10005604
                0x20041000                        __scratch_y_start__ = .
 *(.scratch_y.*)
                0x20041000                        . = ALIGN (0x4)
                0x20041000                        __scratch_y_end__ = .
                0x10005604                        __scratch_y_source__ = LOADADDR (.scratch_y)

.bss            0x20000430      0x4d0
                0x20000430                        . = ALIGN (0x4)
                0x20000430                        __bss_start__ = .
 *(SORT_BY_ALIGNMENT(SORT_BY_NAME(.bss*)))
 .bss.default_alarm_pool_entries
                0x20000430      0x100 CMakeFiles/servo.dir/Users/Omniajam/Desktop/me433/Pico/pico-sdk/src/common/pico_time/time.c.obj
 .bss.alarm_callbacks
                0x20000530       0x10 CMakeFiles/servo.dir/Users/Omniajam/Desktop/me433/Pico/pico-sdk/src/rp2_common/hardware_timer/timer.c.obj
 .bss.boot2_copyout
                0x20000540      0x100 CMakeFiles/servo.dir/Users/Omniajam/Desktop/me433/Pico/pico-sdk/src/rp2_common/hardware_flash/flash.c.obj
 .bss.configured_freq
                0x20000640       0x28 CMakeFiles/servo.dir/Users/Omniajam/Desktop/me433/Pico/pico-sdk/src/rp2_common/hardware_clocks/clocks.c.obj
 .bss.current   0x20000668        0x4 CMakeFiles/servo.dir/src/servo.c.obj
                0x20000668                current
 .bss.default_alarm_pool_entry_ids_high
                0x2000066c       0x10 CMakeFiles/servo.dir/Users/Omniajam/Desktop/me433/Pico/pico-sdk/src/common/pico_time/time.c.obj
 .bss.default_alarm_pool_heap_nodes
                0x2000067c       0x30 CMakeFiles/servo.dir/Users/Omniajam/Desktop/me433/Pico/pico-sdk/src/common/pico_time/time.c.obj
 .bss.drivers   0x200006ac        0x4 CMakeFiles/servo.dir/Users/Omniajam/Desktop/me433/Pico/pico-sdk/src/rp2_common/pico_stdio/stdio.c.obj
 .bss.filter    0x200006b0        0x4 CMakeFiles/servo.dir/Users/Omniajam/Desktop/me433/Pico/pico-sdk/src/rp2_common/pico_stdio/stdio.c.obj
 .bss.object.0  0x200006b4       0x18 /Applications/ArmGNUToolchain/13.2.Rel1/arm-none-eabi/bin/../lib/gcc/arm-none-eabi/13.2.1/thumb/v6-m/nofp/crtbegin.o
 .bss.pools     0x200006cc       0x10 CMakeFiles/servo.dir/Users/Omniajam/Desktop/me433/Pico/pico-sdk/src/common/pico_time/time.c.obj
 .bss.retrieved_id
                0x200006dc        0x8 CMakeFiles/servo.dir/Users/Omniajam/Desktop/me433/Pico/pico-sdk/src/rp2_common/pico_unique_id/unique_id.c.obj
 .bss.sd_table  0x200006e4      0x100 CMakeFiles/servo.dir/Users/Omniajam/Desktop/me433/Pico/pico-sdk/src/rp2_common/pico_double/double_init_rom.c.obj
                0x200006e4                sd_table
 .bss.sf_clz_func
                0x200007e4        0x4 CMakeFiles/servo.dir/Users/Omniajam/Desktop/me433/Pico/pico-sdk/src/rp2_common/pico_double/double_init_rom.c.obj
                0x200007e4                sf_clz_func
 .bss.sf_table  0x200007e8      0x100 CMakeFiles/servo.dir/Users/Omniajam/Desktop/me433/Pico/pico-sdk/src/rp2_common/pico_float/float_init_rom.c.obj
                0x200007e8                sf_table
 .bss.sleep_notifier
                0x200008e8        0x4 CMakeFiles/servo.dir/Users/Omniajam/Desktop/me433/Pico/pico-sdk/src/common/pico_time/time.c.obj
 .bss.target_hi
                0x200008ec       0x10 CMakeFiles/servo.dir/Users/Omniajam/Desktop/me433/Pico/pico-sdk/src/rp2_common/hardware_timer/timer.c.obj
 .bss.boot2_copyout_valid
                0x200008fc        0x1 CMakeFiles/servo.dir/Users/Omniajam/Desktop/me433/Pico/pico-sdk/src/rp2_common/hardware_flash/flash.c.obj
 .bss.claimed   0x200008fd        0x1 CMakeFiles/servo.dir/Users/Omniajam/Desktop/me433/Pico/pico-sdk/src/rp2_common/hardware_timer/timer.c.obj
 .bss.irq_hander_chain_free_slot_head
                0x200008fe        0x1 CMakeFiles/servo.dir/Users/Omniajam/Desktop/me433/Pico/pico-sdk/src/rp2_common/hardware_irq/irq.c.obj
 .bss.timer_callbacks_pending
                0x200008ff        0x1 CMakeFiles/servo.dir/Users/Omniajam/Desktop/me433/Pico/pico-sdk/src/rp2_common/hardware_timer/timer.c.obj
 *(COMMON)
                0x20000900                        . = ALIGN (0x4)
                0x20000900                        __bss_end__ = .

.heap           0x20000900      0x800
                0x20000900                        __end__ = .
                0x20000900                        end = __end__
 *(.heap*)
 .heap          0x20000900      0x800 CMakeFiles/servo.dir/Users/Omniajam/Desktop/me433/Pico/pico-sdk/src/rp2_common/pico_standard_link/crt0.S.obj
                0x20001100                        __HeapLimit = .

.stack1_dummy
 *(.stack1*)

.stack_dummy    0x20041000      0x800
 *(.stack*)
 .stack         0x20041000      0x800 CMakeFiles/servo.dir/Users/Omniajam/Desktop/me433/Pico/pico-sdk/src/rp2_common/pico_standard_link/crt0.S.obj

.flash_end      0x10005604        0x0
                0x10005604                        PROVIDE (__flash_binary_end = .)
                0x20040000                        __StackLimit = (ORIGIN (RAM) + LENGTH (RAM))
                0x20041000                        __StackOneTop = (ORIGIN (SCRATCH_X) + LENGTH (SCRATCH_X))
                0x20042000                        __StackTop = (ORIGIN (SCRATCH_Y) + LENGTH (SCRATCH_Y))
                0x20041000                        __StackOneBottom = (__StackOneTop - SIZEOF (.stack1_dummy))
                0x20041800                        __StackBottom = (__StackTop - SIZEOF (.stack_dummy))
                0x20042000                        PROVIDE (__stack = __StackTop)
                0x00000001                        ASSERT ((__StackLimit >= __HeapLimit), region RAM overflowed)
                0x00000001                        ASSERT (((__binary_info_header_end - __logical_binary_start) <= 0x100), Binary info must be in first 256 bytes of the binary)
LOAD CMakeFiles/servo.dir/src/servo.c.obj
LOAD CMakeFiles/servo.dir/Users/Omniajam/Desktop/me433/Pico/pico-sdk/src/rp2_common/pico_stdlib/stdlib.c.obj
LOAD CMakeFiles/servo.dir/Users/Omniajam/Desktop/me433/Pico/pico-sdk/src/rp2_common/hardware_gpio/gpio.c.obj
LOAD CMakeFiles/servo.dir/Users/Omniajam/Desktop/me433/Pico/pico-sdk/src/rp2_common/pico_platform/platform.c.obj
LOAD CMakeFiles/servo.dir/Users/Omniajam/Desktop/me433/Pico/pico-sdk/src/rp2_common/hardware_claim/claim.c.obj
LOAD CMakeFiles/servo.dir/Users/Omniajam/Desktop/me433/Pico/pico-sdk/src/rp2_common/hardware_sync/sync.c.obj
LOAD CMakeFiles/servo.dir/Users/Omniajam/Desktop/me433/Pico/pico-sdk/src/rp2_common/hardware_irq/irq.c.obj
LOAD CMakeFiles/servo.dir/Users/Omniajam/Desktop/me433/Pico/pico-sdk/src/rp2_common/hardware_irq/irq_handler_chain.S.obj
LOAD CMakeFiles/servo.dir/Users/Omniajam/Desktop/me433/Pico/pico-sdk/src/common/pico_sync/sem.c.obj
LOAD CMakeFiles/servo.dir/Users/Omniajam/Desktop/me433/Pico/pico-sdk/src/common/pico_sync/lock_core.c.obj
LOAD CMakeFiles/servo.dir/Users/Omniajam/Desktop/me433/Pico/pico-sdk/src/common/pico_sync/mutex.c.obj
LOAD CMakeFiles/servo.dir/Users/Omniajam/Desktop/me433/Pico/pico-sdk/src/common/pico_sync/critical_section.c.obj
LOAD CMakeFiles/servo.dir/Users/Omniajam/Desktop/me433/Pico/pico-sdk/src/common/pico_time/time.c.obj
LOAD CMakeFiles/servo.dir/Users/Omniajam/Desktop/me433/Pico/pico-sdk/src/common/pico_time/timeout_helper.c.obj
LOAD CMakeFiles/servo.dir/Users/Omniajam/Desktop/me433/Pico/pico-sdk/src/rp2_common/hardware_timer/timer.c.obj
LOAD CMakeFiles/servo.dir/Users/Omniajam/Desktop/me433/Pico/pico-sdk/src/common/pico_util/datetime.c.obj
LOAD CMakeFiles/servo.dir/Users/Omniajam/Desktop/me433/Pico/pico-sdk/src/common/pico_util/pheap.c.obj
LOAD CMakeFiles/servo.dir/Users/Omniajam/Desktop/me433/Pico/pico-sdk/src/common/pico_util/queue.c.obj
LOAD CMakeFiles/servo.dir/Users/Omniajam/Desktop/me433/Pico/pico-sdk/src/rp2_common/hardware_uart/uart.c.obj
LOAD CMakeFiles/servo.dir/Users/Omniajam/Desktop/me433/Pico/pico-sdk/src/rp2_common/hardware_clocks/clocks.c.obj
LOAD CMakeFiles/servo.dir/Users/Omniajam/Desktop/me433/Pico/pico-sdk/src/rp2_common/hardware_pll/pll.c.obj
LOAD CMakeFiles/servo.dir/Users/Omniajam/Desktop/me433/Pico/pico-sdk/src/rp2_common/hardware_vreg/vreg.c.obj
LOAD CMakeFiles/servo.dir/Users/Omniajam/Desktop/me433/Pico/pico-sdk/src/rp2_common/hardware_watchdog/watchdog.c.obj
LOAD CMakeFiles/servo.dir/Users/Omniajam/Desktop/me433/Pico/pico-sdk/src/rp2_common/hardware_xosc/xosc.c.obj
LOAD CMakeFiles/servo.dir/Users/Omniajam/Desktop/me433/Pico/pico-sdk/src/rp2_common/hardware_divider/divider.S.obj
LOAD CMakeFiles/servo.dir/Users/Omniajam/Desktop/me433/Pico/pico-sdk/src/rp2_common/pico_runtime/runtime.c.obj
LOAD CMakeFiles/servo.dir/Users/Omniajam/Desktop/me433/Pico/pico-sdk/src/rp2_common/pico_printf/printf.c.obj
LOAD CMakeFiles/servo.dir/Users/Omniajam/Desktop/me433/Pico/pico-sdk/src/rp2_common/pico_bit_ops/bit_ops_aeabi.S.obj
LOAD CMakeFiles/servo.dir/Users/Omniajam/Desktop/me433/Pico/pico-sdk/src/rp2_common/pico_bootrom/bootrom.c.obj
LOAD CMakeFiles/servo.dir/Users/Omniajam/Desktop/me433/Pico/pico-sdk/src/rp2_common/pico_divider/divider.S.obj
LOAD CMakeFiles/servo.dir/Users/Omniajam/Desktop/me433/Pico/pico-sdk/src/rp2_common/pico_double/double_aeabi.S.obj
LOAD CMakeFiles/servo.dir/Users/Omniajam/Desktop/me433/Pico/pico-sdk/src/rp2_common/pico_double/double_init_rom.c.obj
LOAD CMakeFiles/servo.dir/Users/Omniajam/Desktop/me433/Pico/pico-sdk/src/rp2_common/pico_double/double_math.c.obj
LOAD CMakeFiles/servo.dir/Users/Omniajam/Desktop/me433/Pico/pico-sdk/src/rp2_common/pico_double/double_v1_rom_shim.S.obj
LOAD CMakeFiles/servo.dir/Users/Omniajam/Desktop/me433/Pico/pico-sdk/src/rp2_common/pico_int64_ops/pico_int64_ops_aeabi.S.obj
LOAD CMakeFiles/servo.dir/Users/Omniajam/Desktop/me433/Pico/pico-sdk/src/rp2_common/pico_float/float_aeabi.S.obj
LOAD CMakeFiles/servo.dir/Users/Omniajam/Desktop/me433/Pico/pico-sdk/src/rp2_common/pico_float/float_init_rom.c.obj
LOAD CMakeFiles/servo.dir/Users/Omniajam/Desktop/me433/Pico/pico-sdk/src/rp2_common/pico_float/float_math.c.obj
LOAD CMakeFiles/servo.dir/Users/Omniajam/Desktop/me433/Pico/pico-sdk/src/rp2_common/pico_float/float_v1_rom_shim.S.obj
LOAD CMakeFiles/servo.dir/Users/Omniajam/Desktop/me433/Pico/pico-sdk/src/rp2_common/pico_malloc/pico_malloc.c.obj
LOAD CMakeFiles/servo.dir/Users/Omniajam/Desktop/me433/Pico/pico-sdk/src/rp2_common/pico_mem_ops/mem_ops_aeabi.S.obj
LOAD CMakeFiles/servo.dir/Users/Omniajam/Desktop/me433/Pico/pico-sdk/src/rp2_common/pico_standard_link/crt0.S.obj
LOAD CMakeFiles/servo.dir/Users/Omniajam/Desktop/me433/Pico/pico-sdk/src/rp2_common/pico_standard_link/new_delete.cpp.obj
LOAD CMakeFiles/servo.dir/Users/Omniajam/Desktop/me433/Pico/pico-sdk/src/rp2_common/pico_standard_link/binary_info.c.obj
LOAD CMakeFiles/servo.dir/Users/Omniajam/Desktop/me433/Pico/pico-sdk/src/rp2_common/pico_stdio/stdio.c.obj
LOAD CMakeFiles/servo.dir/Users/Omniajam/Desktop/me433/Pico/pico-sdk/src/rp2_common/pico_stdio_usb/reset_interface.c.obj
LOAD CMakeFiles/servo.dir/Users/Omniajam/Desktop/me433/Pico/pico-sdk/src/rp2_common/pico_stdio_usb/stdio_usb.c.obj
LOAD CMakeFiles/servo.dir/Users/Omniajam/Desktop/me433/Pico/pico-sdk/src/rp2_common/pico_stdio_usb/stdio_usb_descriptors.c.obj
LOAD CMakeFiles/servo.dir/Users/Omniajam/Desktop/me433/Pico/pico-sdk/src/rp2_common/pico_unique_id/unique_id.c.obj
LOAD CMakeFiles/servo.dir/Users/Omniajam/Desktop/me433/Pico/pico-sdk/src/rp2_common/hardware_flash/flash.c.obj
LOAD CMakeFiles/servo.dir/Users/Omniajam/Desktop/me433/Pico/pico-sdk/lib/tinyusb/src/portable/raspberrypi/rp2040/dcd_rp2040.c.obj
LOAD CMakeFiles/servo.dir/Users/Omniajam/Desktop/me433/Pico/pico-sdk/lib/tinyusb/src/portable/raspberrypi/rp2040/rp2040_usb.c.obj
LOAD CMakeFiles/servo.dir/Users/Omniajam/Desktop/me433/Pico/pico-sdk/lib/tinyusb/src/device/usbd.c.obj
LOAD CMakeFiles/servo.dir/Users/Omniajam/Desktop/me433/Pico/pico-sdk/lib/tinyusb/src/device/usbd_control.c.obj
LOAD CMakeFiles/servo.dir/Users/Omniajam/Desktop/me433/Pico/pico-sdk/lib/tinyusb/src/class/audio/audio_device.c.obj
LOAD CMakeFiles/servo.dir/Users/Omniajam/Desktop/me433/Pico/pico-sdk/lib/tinyusb/src/class/cdc/cdc_device.c.obj
LOAD CMakeFiles/servo.dir/Users/Omniajam/Desktop/me433/Pico/pico-sdk/lib/tinyusb/src/class/dfu/dfu_device.c.obj
LOAD CMakeFiles/servo.dir/Users/Omniajam/Desktop/me433/Pico/pico-sdk/lib/tinyusb/src/class/dfu/dfu_rt_device.c.obj
LOAD CMakeFiles/servo.dir/Users/Omniajam/Desktop/me433/Pico/pico-sdk/lib/tinyusb/src/class/hid/hid_device.c.obj
LOAD CMakeFiles/servo.dir/Users/Omniajam/Desktop/me433/Pico/pico-sdk/lib/tinyusb/src/class/midi/midi_device.c.obj
LOAD CMakeFiles/servo.dir/Users/Omniajam/Desktop/me433/Pico/pico-sdk/lib/tinyusb/src/class/msc/msc_device.c.obj
LOAD CMakeFiles/servo.dir/Users/Omniajam/Desktop/me433/Pico/pico-sdk/lib/tinyusb/src/class/net/ecm_rndis_device.c.obj
LOAD CMakeFiles/servo.dir/Users/Omniajam/Desktop/me433/Pico/pico-sdk/lib/tinyusb/src/class/net/ncm_device.c.obj
LOAD CMakeFiles/servo.dir/Users/Omniajam/Desktop/me433/Pico/pico-sdk/lib/tinyusb/src/class/usbtmc/usbtmc_device.c.obj
LOAD CMakeFiles/servo.dir/Users/Omniajam/Desktop/me433/Pico/pico-sdk/lib/tinyusb/src/class/vendor/vendor_device.c.obj
LOAD CMakeFiles/servo.dir/Users/Omniajam/Desktop/me433/Pico/pico-sdk/lib/tinyusb/src/class/video/video_device.c.obj
LOAD CMakeFiles/servo.dir/Users/Omniajam/Desktop/me433/Pico/pico-sdk/lib/tinyusb/src/tusb.c.obj
LOAD CMakeFiles/servo.dir/Users/Omniajam/Desktop/me433/Pico/pico-sdk/lib/tinyusb/src/common/tusb_fifo.c.obj
LOAD CMakeFiles/servo.dir/Users/Omniajam/Desktop/me433/Pico/pico-sdk/src/rp2_common/pico_fix/rp2040_usb_device_enumeration/rp2040_usb_device_enumeration.c.obj
LOAD CMakeFiles/servo.dir/Users/Omniajam/Desktop/me433/Pico/pico-sdk/src/rp2_common/hardware_i2c/i2c.c.obj
LOAD CMakeFiles/servo.dir/Users/Omniajam/Desktop/me433/Pico/pico-sdk/src/rp2_common/hardware_adc/adc.c.obj
LOAD /var/folders/pw/rqjygm7d3llcd2_n2yzs1wm80000gn/T//cc8NFHy5.o
LOAD /Applications/ArmGNUToolchain/13.2.Rel1/arm-none-eabi/bin/../lib/gcc/arm-none-eabi/13.2.1/../../../../arm-none-eabi/lib/thumb/v6-m/nofp/libstdc++.a
LOAD /Applications/ArmGNUToolchain/13.2.Rel1/arm-none-eabi/bin/../lib/gcc/arm-none-eabi/13.2.1/../../../../arm-none-eabi/lib/thumb/v6-m/nofp/libm.a
START GROUP
LOAD /Applications/ArmGNUToolchain/13.2.Rel1/arm-none-eabi/bin/../lib/gcc/arm-none-eabi/13.2.1/thumb/v6-m/nofp/libgcc.a
LOAD /Applications/ArmGNUToolchain/13.2.Rel1/arm-none-eabi/bin/../lib/gcc/arm-none-eabi/13.2.1/../../../../arm-none-eabi/lib/thumb/v6-m/nofp/libg.a
LOAD /Applications/ArmGNUToolchain/13.2.Rel1/arm-none-eabi/bin/../lib/gcc/arm-none-eabi/13.2.1/../../../../arm-none-eabi/lib/thumb/v6-m/nofp/libc.a
END GROUP
START GROUP
LOAD /Applications/ArmGNUToolchain/13.2.Rel1/arm-none-eabi/bin/../lib/gcc/arm-none-eabi/13.2.1/thumb/v6-m/nofp/libgcc.a
LOAD /Applications/ArmGNUToolchain/13.2.Rel1/arm-none-eabi/bin/../lib/gcc/arm-none-eabi/13.2.1/../../../../arm-none-eabi/lib/thumb/v6-m/nofp/libc.a
LOAD /Applications/ArmGNUToolchain/13.2.Rel1/arm-none-eabi/bin/../lib/gcc/arm-none-eabi/13.2.1/../../../../arm-none-eabi/lib/thumb/v6-m/nofp/libnosys.a
END GROUP
LOAD /Applications/ArmGNUToolchain/13.2.Rel1/arm-none-eabi/bin/../lib/gcc/arm-none-eabi/13.2.1/thumb/v6-m/nofp/crtend.o
LOAD /Applications/ArmGNUToolchain/13.2.Rel1/arm-none-eabi/bin/../lib/gcc/arm-none-eabi/13.2.1/thumb/v6-m/nofp/crtn.o
OUTPUT(servo.elf elf32-littlearm)
LOAD linker stubs

.ARM.attributes
                0x00000000       0x28
 .ARM.attributes
                0x00000000       0x1e /Applications/ArmGNUToolchain/13.2.Rel1/arm-none-eabi/bin/../lib/gcc/arm-none-eabi/13.2.1/thumb/v6-m/nofp/crti.o
 .ARM.attributes
                0x0000001e       0x2c /Applications/ArmGNUToolchain/13.2.Rel1/arm-none-eabi/bin/../lib/gcc/arm-none-eabi/13.2.1/thumb/v6-m/nofp/crtbegin.o
 .ARM.attributes
                0x0000004a       0x2c CMakeFiles/servo.dir/src/servo.c.obj
 .ARM.attributes
                0x00000076       0x2c CMakeFiles/servo.dir/Users/Omniajam/Desktop/me433/Pico/pico-sdk/src/rp2_common/hardware_gpio/gpio.c.obj
 .ARM.attributes
                0x000000a2       0x2c CMakeFiles/servo.dir/Users/Omniajam/Desktop/me433/Pico/pico-sdk/src/rp2_common/pico_platform/platform.c.obj
 .ARM.attributes
                0x000000ce       0x2c CMakeFiles/servo.dir/Users/Omniajam/Desktop/me433/Pico/pico-sdk/src/rp2_common/hardware_claim/claim.c.obj
 .ARM.attributes
                0x000000fa       0x2c CMakeFiles/servo.dir/Users/Omniajam/Desktop/me433/Pico/pico-sdk/src/rp2_common/hardware_sync/sync.c.obj
 .ARM.attributes
                0x00000126       0x2c CMakeFiles/servo.dir/Users/Omniajam/Desktop/me433/Pico/pico-sdk/src/rp2_common/hardware_irq/irq.c.obj
 .ARM.attributes
                0x00000152       0x22 CMakeFiles/servo.dir/Users/Omniajam/Desktop/me433/Pico/pico-sdk/src/rp2_common/hardware_irq/irq_handler_chain.S.obj
 .ARM.attributes
                0x00000174       0x2c CMakeFiles/servo.dir/Users/Omniajam/Desktop/me433/Pico/pico-sdk/src/common/pico_sync/lock_core.c.obj
 .ARM.attributes
                0x000001a0       0x2c CMakeFiles/servo.dir/Users/Omniajam/Desktop/me433/Pico/pico-sdk/src/common/pico_sync/mutex.c.obj
 .ARM.attributes
                0x000001cc       0x2c CMakeFiles/servo.dir/Users/Omniajam/Desktop/me433/Pico/pico-sdk/src/common/pico_time/time.c.obj
 .ARM.attributes
                0x000001f8       0x2c CMakeFiles/servo.dir/Users/Omniajam/Desktop/me433/Pico/pico-sdk/src/rp2_common/hardware_timer/timer.c.obj
 .ARM.attributes
                0x00000224       0x2c CMakeFiles/servo.dir/Users/Omniajam/Desktop/me433/Pico/pico-sdk/src/common/pico_util/pheap.c.obj
 .ARM.attributes
                0x00000250       0x2c CMakeFiles/servo.dir/Users/Omniajam/Desktop/me433/Pico/pico-sdk/src/rp2_common/hardware_clocks/clocks.c.obj
 .ARM.attributes
                0x0000027c       0x2c CMakeFiles/servo.dir/Users/Omniajam/Desktop/me433/Pico/pico-sdk/src/rp2_common/hardware_pll/pll.c.obj
 .ARM.attributes
                0x000002a8       0x2c CMakeFiles/servo.dir/Users/Omniajam/Desktop/me433/Pico/pico-sdk/src/rp2_common/hardware_watchdog/watchdog.c.obj
 .ARM.attributes
                0x000002d4       0x2c CMakeFiles/servo.dir/Users/Omniajam/Desktop/me433/Pico/pico-sdk/src/rp2_common/hardware_xosc/xosc.c.obj
 .ARM.attributes
                0x00000300       0x2c CMakeFiles/servo.dir/Users/Omniajam/Desktop/me433/Pico/pico-sdk/src/rp2_common/pico_runtime/runtime.c.obj
 .ARM.attributes
                0x0000032c       0x2c CMakeFiles/servo.dir/Users/Omniajam/Desktop/me433/Pico/pico-sdk/src/rp2_common/pico_printf/printf.c.obj
 .ARM.attributes
                0x00000358       0x22 CMakeFiles/servo.dir/Users/Omniajam/Desktop/me433/Pico/pico-sdk/src/rp2_common/pico_bit_ops/bit_ops_aeabi.S.obj
 .ARM.attributes
                0x0000037a       0x2c CMakeFiles/servo.dir/Users/Omniajam/Desktop/me433/Pico/pico-sdk/src/rp2_common/pico_bootrom/bootrom.c.obj
 .ARM.attributes
                0x000003a6       0x22 CMakeFiles/servo.dir/Users/Omniajam/Desktop/me433/Pico/pico-sdk/src/rp2_common/pico_divider/divider.S.obj
 .ARM.attributes
                0x000003c8       0x22 CMakeFiles/servo.dir/Users/Omniajam/Desktop/me433/Pico/pico-sdk/src/rp2_common/pico_double/double_aeabi.S.obj
 .ARM.attributes
                0x000003ea       0x2c CMakeFiles/servo.dir/Users/Omniajam/Desktop/me433/Pico/pico-sdk/src/rp2_common/pico_double/double_init_rom.c.obj
 .ARM.attributes
                0x00000416       0x22 CMakeFiles/servo.dir/Users/Omniajam/Desktop/me433/Pico/pico-sdk/src/rp2_common/pico_double/double_v1_rom_shim.S.obj
 .ARM.attributes
                0x00000438       0x22 CMakeFiles/servo.dir/Users/Omniajam/Desktop/me433/Pico/pico-sdk/src/rp2_common/pico_int64_ops/pico_int64_ops_aeabi.S.obj
 .ARM.attributes
                0x0000045a       0x22 CMakeFiles/servo.dir/Users/Omniajam/Desktop/me433/Pico/pico-sdk/src/rp2_common/pico_float/float_aeabi.S.obj
 .ARM.attributes
                0x0000047c       0x2c CMakeFiles/servo.dir/Users/Omniajam/Desktop/me433/Pico/pico-sdk/src/rp2_common/pico_float/float_init_rom.c.obj
 .ARM.attributes
                0x000004a8       0x22 CMakeFiles/servo.dir/Users/Omniajam/Desktop/me433/Pico/pico-sdk/src/rp2_common/pico_float/float_v1_rom_shim.S.obj
 .ARM.attributes
                0x000004ca       0x22 CMakeFiles/servo.dir/Users/Omniajam/Desktop/me433/Pico/pico-sdk/src/rp2_common/pico_mem_ops/mem_ops_aeabi.S.obj
 .ARM.attributes
                0x000004ec       0x22 CMakeFiles/servo.dir/Users/Omniajam/Desktop/me433/Pico/pico-sdk/src/rp2_common/pico_standard_link/crt0.S.obj
 .ARM.attributes
                0x0000050e       0x2c CMakeFiles/servo.dir/Users/Omniajam/Desktop/me433/Pico/pico-sdk/src/rp2_common/pico_standard_link/binary_info.c.obj
 .ARM.attributes
                0x0000053a       0x2c CMakeFiles/servo.dir/Users/Omniajam/Desktop/me433/Pico/pico-sdk/src/rp2_common/pico_stdio/stdio.c.obj
 .ARM.attributes
                0x00000566       0x2c CMakeFiles/servo.dir/Users/Omniajam/Desktop/me433/Pico/pico-sdk/src/rp2_common/pico_unique_id/unique_id.c.obj
 .ARM.attributes
                0x00000592       0x2c CMakeFiles/servo.dir/Users/Omniajam/Desktop/me433/Pico/pico-sdk/src/rp2_common/hardware_flash/flash.c.obj
 .ARM.attributes
                0x000005be       0x22 /var/folders/pw/rqjygm7d3llcd2_n2yzs1wm80000gn/T//cc8NFHy5.o
 .ARM.attributes
                0x000005e0       0x1e /Applications/ArmGNUToolchain/13.2.Rel1/arm-none-eabi/bin/../lib/gcc/arm-none-eabi/13.2.1/thumb/v6-m/nofp/libgcc.a(_dvmd_tls.o)
 .ARM.attributes
                0x000005fe       0x2c /Applications/ArmGNUToolchain/13.2.Rel1/arm-none-eabi/bin/../lib/gcc/arm-none-eabi/13.2.1/../../../../arm-none-eabi/lib/thumb/v6-m/nofp/libg.a(libc_a-strlen-stub.o)
 .ARM.attributes
                0x0000062a       0x2c /Applications/ArmGNUToolchain/13.2.Rel1/arm-none-eabi/bin/../lib/gcc/arm-none-eabi/13.2.1/thumb/v6-m/nofp/crtend.o

.comment        0x00000000       0x44
 .comment       0x00000000       0x44 CMakeFiles/servo.dir/src/servo.c.obj
                                 0x45 (size before relaxing)
 .comment       0x00000044       0x45 CMakeFiles/servo.dir/Users/Omniajam/Desktop/me433/Pico/pico-sdk/src/rp2_common/hardware_gpio/gpio.c.obj
 .comment       0x00000044       0x45 CMakeFiles/servo.dir/Users/Omniajam/Desktop/me433/Pico/pico-sdk/src/rp2_common/pico_platform/platform.c.obj
 .comment       0x00000044       0x45 CMakeFiles/servo.dir/Users/Omniajam/Desktop/me433/Pico/pico-sdk/src/rp2_common/hardware_claim/claim.c.obj
 .comment       0x00000044       0x45 CMakeFiles/servo.dir/Users/Omniajam/Desktop/me433/Pico/pico-sdk/src/rp2_common/hardware_sync/sync.c.obj
 .comment       0x00000044       0x45 CMakeFiles/servo.dir/Users/Omniajam/Desktop/me433/Pico/pico-sdk/src/rp2_common/hardware_irq/irq.c.obj
 .comment       0x00000044       0x45 CMakeFiles/servo.dir/Users/Omniajam/Desktop/me433/Pico/pico-sdk/src/common/pico_sync/lock_core.c.obj
 .comment       0x00000044       0x45 CMakeFiles/servo.dir/Users/Omniajam/Desktop/me433/Pico/pico-sdk/src/common/pico_sync/mutex.c.obj
 .comment       0x00000044       0x45 CMakeFiles/servo.dir/Users/Omniajam/Desktop/me433/Pico/pico-sdk/src/common/pico_time/time.c.obj
 .comment       0x00000044       0x45 CMakeFiles/servo.dir/Users/Omniajam/Desktop/me433/Pico/pico-sdk/src/rp2_common/hardware_timer/timer.c.obj
 .comment       0x00000044       0x45 CMakeFiles/servo.dir/Users/Omniajam/Desktop/me433/Pico/pico-sdk/src/common/pico_util/pheap.c.obj
 .comment       0x00000044       0x45 CMakeFiles/servo.dir/Users/Omniajam/Desktop/me433/Pico/pico-sdk/src/rp2_common/hardware_clocks/clocks.c.obj
 .comment       0x00000044       0x45 CMakeFiles/servo.dir/Users/Omniajam/Desktop/me433/Pico/pico-sdk/src/rp2_common/hardware_pll/pll.c.obj
 .comment       0x00000044       0x45 CMakeFiles/servo.dir/Users/Omniajam/Desktop/me433/Pico/pico-sdk/src/rp2_common/hardware_watchdog/watchdog.c.obj
 .comment       0x00000044       0x45 CMakeFiles/servo.dir/Users/Omniajam/Desktop/me433/Pico/pico-sdk/src/rp2_common/hardware_xosc/xosc.c.obj
 .comment       0x00000044       0x45 CMakeFiles/servo.dir/Users/Omniajam/Desktop/me433/Pico/pico-sdk/src/rp2_common/pico_runtime/runtime.c.obj
 .comment       0x00000044       0x45 CMakeFiles/servo.dir/Users/Omniajam/Desktop/me433/Pico/pico-sdk/src/rp2_common/pico_printf/printf.c.obj
 .comment       0x00000044       0x45 CMakeFiles/servo.dir/Users/Omniajam/Desktop/me433/Pico/pico-sdk/src/rp2_common/pico_bootrom/bootrom.c.obj
 .comment       0x00000044       0x45 CMakeFiles/servo.dir/Users/Omniajam/Desktop/me433/Pico/pico-sdk/src/rp2_common/pico_double/double_init_rom.c.obj
 .comment       0x00000044       0x45 CMakeFiles/servo.dir/Users/Omniajam/Desktop/me433/Pico/pico-sdk/src/rp2_common/pico_float/float_init_rom.c.obj
 .comment       0x00000044       0x45 CMakeFiles/servo.dir/Users/Omniajam/Desktop/me433/Pico/pico-sdk/src/rp2_common/pico_standard_link/binary_info.c.obj
 .comment       0x00000044       0x45 CMakeFiles/servo.dir/Users/Omniajam/Desktop/me433/Pico/pico-sdk/src/rp2_common/pico_stdio/stdio.c.obj
 .comment       0x00000044       0x45 CMakeFiles/servo.dir/Users/Omniajam/Desktop/me433/Pico/pico-sdk/src/rp2_common/pico_unique_id/unique_id.c.obj
 .comment       0x00000044       0x45 CMakeFiles/servo.dir/Users/Omniajam/Desktop/me433/Pico/pico-sdk/src/rp2_common/hardware_flash/flash.c.obj

.debug_info     0x00000000    0x14435
 .debug_info    0x00000000      0xcfc CMakeFiles/servo.dir/src/servo.c.obj
 .debug_info    0x00000cfc     0x184b CMakeFiles/servo.dir/Users/Omniajam/Desktop/me433/Pico/pico-sdk/src/rp2_common/hardware_gpio/gpio.c.obj
 .debug_info    0x00002547      0x1fb CMakeFiles/servo.dir/Users/Omniajam/Desktop/me433/Pico/pico-sdk/src/rp2_common/pico_platform/platform.c.obj
 .debug_info    0x00002742      0x69a CMakeFiles/servo.dir/Users/Omniajam/Desktop/me433/Pico/pico-sdk/src/rp2_common/hardware_claim/claim.c.obj
 .debug_info    0x00002ddc      0x5fa CMakeFiles/servo.dir/Users/Omniajam/Desktop/me433/Pico/pico-sdk/src/rp2_common/hardware_sync/sync.c.obj
 .debug_info    0x000033d6     0x1c43 CMakeFiles/servo.dir/Users/Omniajam/Desktop/me433/Pico/pico-sdk/src/rp2_common/hardware_irq/irq.c.obj
 .debug_info    0x00005019      0x1a3 CMakeFiles/servo.dir/Users/Omniajam/Desktop/me433/Pico/pico-sdk/src/common/pico_sync/lock_core.c.obj
 .debug_info    0x000051bc     0x1d29 CMakeFiles/servo.dir/Users/Omniajam/Desktop/me433/Pico/pico-sdk/src/common/pico_sync/mutex.c.obj
 .debug_info    0x00006ee5     0x33f9 CMakeFiles/servo.dir/Users/Omniajam/Desktop/me433/Pico/pico-sdk/src/common/pico_time/time.c.obj
 .debug_info    0x0000a2de     0x145b CMakeFiles/servo.dir/Users/Omniajam/Desktop/me433/Pico/pico-sdk/src/rp2_common/hardware_timer/timer.c.obj
 .debug_info    0x0000b739      0xe82 CMakeFiles/servo.dir/Users/Omniajam/Desktop/me433/Pico/pico-sdk/src/common/pico_util/pheap.c.obj
 .debug_info    0x0000c5bb      0xfe7 CMakeFiles/servo.dir/Users/Omniajam/Desktop/me433/Pico/pico-sdk/src/rp2_common/hardware_clocks/clocks.c.obj
 .debug_info    0x0000d5a2      0x505 CMakeFiles/servo.dir/Users/Omniajam/Desktop/me433/Pico/pico-sdk/src/rp2_common/hardware_pll/pll.c.obj
 .debug_info    0x0000daa7      0x4d8 CMakeFiles/servo.dir/Users/Omniajam/Desktop/me433/Pico/pico-sdk/src/rp2_common/hardware_watchdog/watchdog.c.obj
 .debug_info    0x0000df7f      0x1c7 CMakeFiles/servo.dir/Users/Omniajam/Desktop/me433/Pico/pico-sdk/src/rp2_common/hardware_xosc/xosc.c.obj
 .debug_info    0x0000e146      0xf23 CMakeFiles/servo.dir/Users/Omniajam/Desktop/me433/Pico/pico-sdk/src/rp2_common/pico_runtime/runtime.c.obj
 .debug_info    0x0000f069     0x19db CMakeFiles/servo.dir/Users/Omniajam/Desktop/me433/Pico/pico-sdk/src/rp2_common/pico_printf/printf.c.obj
 .debug_info    0x00010a44       0x23 CMakeFiles/servo.dir/Users/Omniajam/Desktop/me433/Pico/pico-sdk/src/rp2_common/pico_bit_ops/bit_ops_aeabi.S.obj
 .debug_info    0x00010a67      0x331 CMakeFiles/servo.dir/Users/Omniajam/Desktop/me433/Pico/pico-sdk/src/rp2_common/pico_bootrom/bootrom.c.obj
 .debug_info    0x00010d98       0x23 CMakeFiles/servo.dir/Users/Omniajam/Desktop/me433/Pico/pico-sdk/src/rp2_common/pico_divider/divider.S.obj
 .debug_info    0x00010dbb       0x23 CMakeFiles/servo.dir/Users/Omniajam/Desktop/me433/Pico/pico-sdk/src/rp2_common/pico_double/double_aeabi.S.obj
 .debug_info    0x00010dde      0x33b CMakeFiles/servo.dir/Users/Omniajam/Desktop/me433/Pico/pico-sdk/src/rp2_common/pico_double/double_init_rom.c.obj
 .debug_info    0x00011119       0x23 CMakeFiles/servo.dir/Users/Omniajam/Desktop/me433/Pico/pico-sdk/src/rp2_common/pico_double/double_v1_rom_shim.S.obj
 .debug_info    0x0001113c       0x24 CMakeFiles/servo.dir/Users/Omniajam/Desktop/me433/Pico/pico-sdk/src/rp2_common/pico_int64_ops/pico_int64_ops_aeabi.S.obj
 .debug_info    0x00011160       0x23 CMakeFiles/servo.dir/Users/Omniajam/Desktop/me433/Pico/pico-sdk/src/rp2_common/pico_float/float_aeabi.S.obj
 .debug_info    0x00011183      0x34f CMakeFiles/servo.dir/Users/Omniajam/Desktop/me433/Pico/pico-sdk/src/rp2_common/pico_float/float_init_rom.c.obj
 .debug_info    0x000114d2       0x23 CMakeFiles/servo.dir/Users/Omniajam/Desktop/me433/Pico/pico-sdk/src/rp2_common/pico_float/float_v1_rom_shim.S.obj
 .debug_info    0x000114f5       0x23 CMakeFiles/servo.dir/Users/Omniajam/Desktop/me433/Pico/pico-sdk/src/rp2_common/pico_mem_ops/mem_ops_aeabi.S.obj
 .debug_info    0x00011518       0x23 CMakeFiles/servo.dir/Users/Omniajam/Desktop/me433/Pico/pico-sdk/src/rp2_common/pico_standard_link/crt0.S.obj
 .debug_info    0x0001153b      0x2b8 CMakeFiles/servo.dir/Users/Omniajam/Desktop/me433/Pico/pico-sdk/src/rp2_common/pico_standard_link/binary_info.c.obj
 .debug_info    0x000117f3     0x1747 CMakeFiles/servo.dir/Users/Omniajam/Desktop/me433/Pico/pico-sdk/src/rp2_common/pico_stdio/stdio.c.obj
 .debug_info    0x00012f3a      0x281 CMakeFiles/servo.dir/Users/Omniajam/Desktop/me433/Pico/pico-sdk/src/rp2_common/pico_unique_id/unique_id.c.obj
 .debug_info    0x000131bb     0x127a CMakeFiles/servo.dir/Users/Omniajam/Desktop/me433/Pico/pico-sdk/src/rp2_common/hardware_flash/flash.c.obj

.debug_abbrev   0x00000000     0x4387
 .debug_abbrev  0x00000000      0x342 CMakeFiles/servo.dir/src/servo.c.obj
 .debug_abbrev  0x00000342      0x3a6 CMakeFiles/servo.dir/Users/Omniajam/Desktop/me433/Pico/pico-sdk/src/rp2_common/hardware_gpio/gpio.c.obj
 .debug_abbrev  0x000006e8       0xf8 CMakeFiles/servo.dir/Users/Omniajam/Desktop/me433/Pico/pico-sdk/src/rp2_common/pico_platform/platform.c.obj
 .debug_abbrev  0x000007e0      0x2ce CMakeFiles/servo.dir/Users/Omniajam/Desktop/me433/Pico/pico-sdk/src/rp2_common/hardware_claim/claim.c.obj
 .debug_abbrev  0x00000aae      0x249 CMakeFiles/servo.dir/Users/Omniajam/Desktop/me433/Pico/pico-sdk/src/rp2_common/hardware_sync/sync.c.obj
 .debug_abbrev  0x00000cf7      0x500 CMakeFiles/servo.dir/Users/Omniajam/Desktop/me433/Pico/pico-sdk/src/rp2_common/hardware_irq/irq.c.obj
 .debug_abbrev  0x000011f7      0x116 CMakeFiles/servo.dir/Users/Omniajam/Desktop/me433/Pico/pico-sdk/src/common/pico_sync/lock_core.c.obj
 .debug_abbrev  0x0000130d      0x3f1 CMakeFiles/servo.dir/Users/Omniajam/Desktop/me433/Pico/pico-sdk/src/common/pico_sync/mutex.c.obj
 .debug_abbrev  0x000016fe      0x5c3 CMakeFiles/servo.dir/Users/Omniajam/Desktop/me433/Pico/pico-sdk/src/common/pico_time/time.c.obj
 .debug_abbrev  0x00001cc1      0x3d5 CMakeFiles/servo.dir/Users/Omniajam/Desktop/me433/Pico/pico-sdk/src/rp2_common/hardware_timer/timer.c.obj
 .debug_abbrev  0x00002096      0x290 CMakeFiles/servo.dir/Users/Omniajam/Desktop/me433/Pico/pico-sdk/src/common/pico_util/pheap.c.obj
 .debug_abbrev  0x00002326      0x434 CMakeFiles/servo.dir/Users/Omniajam/Desktop/me433/Pico/pico-sdk/src/rp2_common/hardware_clocks/clocks.c.obj
 .debug_abbrev  0x0000275a      0x1e7 CMakeFiles/servo.dir/Users/Omniajam/Desktop/me433/Pico/pico-sdk/src/rp2_common/hardware_pll/pll.c.obj
 .debug_abbrev  0x00002941      0x1a8 CMakeFiles/servo.dir/Users/Omniajam/Desktop/me433/Pico/pico-sdk/src/rp2_common/hardware_watchdog/watchdog.c.obj
 .debug_abbrev  0x00002ae9      0x10c CMakeFiles/servo.dir/Users/Omniajam/Desktop/me433/Pico/pico-sdk/src/rp2_common/hardware_xosc/xosc.c.obj
 .debug_abbrev  0x00002bf5      0x530 CMakeFiles/servo.dir/Users/Omniajam/Desktop/me433/Pico/pico-sdk/src/rp2_common/pico_runtime/runtime.c.obj
 .debug_abbrev  0x00003125      0x371 CMakeFiles/servo.dir/Users/Omniajam/Desktop/me433/Pico/pico-sdk/src/rp2_common/pico_printf/printf.c.obj
 .debug_abbrev  0x00003496       0x12 CMakeFiles/servo.dir/Users/Omniajam/Desktop/me433/Pico/pico-sdk/src/rp2_common/pico_bit_ops/bit_ops_aeabi.S.obj
 .debug_abbrev  0x000034a8      0x167 CMakeFiles/servo.dir/Users/Omniajam/Desktop/me433/Pico/pico-sdk/src/rp2_common/pico_bootrom/bootrom.c.obj
 .debug_abbrev  0x0000360f       0x12 CMakeFiles/servo.dir/Users/Omniajam/Desktop/me433/Pico/pico-sdk/src/rp2_common/pico_divider/divider.S.obj
 .debug_abbrev  0x00003621       0x12 CMakeFiles/servo.dir/Users/Omniajam/Desktop/me433/Pico/pico-sdk/src/rp2_common/pico_double/double_aeabi.S.obj
 .debug_abbrev  0x00003633      0x1c3 CMakeFiles/servo.dir/Users/Omniajam/Desktop/me433/Pico/pico-sdk/src/rp2_common/pico_double/double_init_rom.c.obj
 .debug_abbrev  0x000037f6       0x12 CMakeFiles/servo.dir/Users/Omniajam/Desktop/me433/Pico/pico-sdk/src/rp2_common/pico_double/double_v1_rom_shim.S.obj
 .debug_abbrev  0x00003808       0x14 CMakeFiles/servo.dir/Users/Omniajam/Desktop/me433/Pico/pico-sdk/src/rp2_common/pico_int64_ops/pico_int64_ops_aeabi.S.obj
 .debug_abbrev  0x0000381c       0x12 CMakeFiles/servo.dir/Users/Omniajam/Desktop/me433/Pico/pico-sdk/src/rp2_common/pico_float/float_aeabi.S.obj