Archive member included to satisfy reference by file (symbol)

/Applications/ArmGNUToolchain/13.2.Rel1/arm-none-eabi/bin/../lib/gcc/arm-none-eabi/13.2.1/thumb/v6-m/nofp/libgcc.a(_dvmd_tls.o)
                              CMakeFiles/h_bridge.dir/Users/Omniajam/Desktop/me433/Pico/pico-sdk/src/rp2_common/pico_divider/divider.S.obj (__aeabi_idiv0)
/Applications/ArmGNUToolchain/13.2.Rel1/arm-none-eabi/bin/../lib/gcc/arm-none-eabi/13.2.1/../../../../arm-none-eabi/lib/thumb/v6-m/nofp/libg.a(libc_a-calloc.o)
                              CMakeFiles/h_bridge.dir/Users/Omniajam/Desktop/me433/Pico/pico-sdk/src/rp2_common/pico_malloc/pico_malloc.c.obj (calloc)
/Applications/ArmGNUToolchain/13.2.Rel1/arm-none-eabi/bin/../lib/gcc/arm-none-eabi/13.2.1/../../../../arm-none-eabi/lib/thumb/v6-m/nofp/libg.a(libc_a-callocr.o)
                              /Applications/ArmGNUToolchain/13.2.Rel1/arm-none-eabi/bin/../lib/gcc/arm-none-eabi/13.2.1/../../../../arm-none-eabi/lib/thumb/v6-m/nofp/libg.a(libc_a-calloc.o) (_calloc_r)
/Applications/ArmGNUToolchain/13.2.Rel1/arm-none-eabi/bin/../lib/gcc/arm-none-eabi/13.2.1/../../../../arm-none-eabi/lib/thumb/v6-m/nofp/libg.a(libc_a-malloc.o)
                              CMakeFiles/h_bridge.dir/Users/Omniajam/Desktop/me433/Pico/pico-sdk/src/rp2_common/pico_malloc/pico_malloc.c.obj (malloc)
/Applications/ArmGNUToolchain/13.2.Rel1/arm-none-eabi/bin/../lib/gcc/arm-none-eabi/13.2.1/../../../../arm-none-eabi/lib/thumb/v6-m/nofp/libg.a(libc_a-mallocr.o)
                              /Applications/ArmGNUToolchain/13.2.Rel1/arm-none-eabi/bin/../lib/gcc/arm-none-eabi/13.2.1/../../../../arm-none-eabi/lib/thumb/v6-m/nofp/libg.a(libc_a-callocr.o) (_malloc_r)
/Applications/ArmGNUToolchain/13.2.Rel1/arm-none-eabi/bin/../lib/gcc/arm-none-eabi/13.2.1/../../../../arm-none-eabi/lib/thumb/v6-m/nofp/libg.a(libc_a-mlock.o)
                              /Applications/ArmGNUToolchain/13.2.Rel1/arm-none-eabi/bin/../lib/gcc/arm-none-eabi/13.2.1/../../../../arm-none-eabi/lib/thumb/v6-m/nofp/libg.a(libc_a-mallocr.o) (__malloc_lock)
/Applications/ArmGNUToolchain/13.2.Rel1/arm-none-eabi/bin/../lib/gcc/arm-none-eabi/13.2.1/../../../../arm-none-eabi/lib/thumb/v6-m/nofp/libg.a(libc_a-realloc.o)
                              CMakeFiles/h_bridge.dir/Users/Omniajam/Desktop/me433/Pico/pico-sdk/src/rp2_common/pico_malloc/pico_malloc.c.obj (realloc)
/Applications/ArmGNUToolchain/13.2.Rel1/arm-none-eabi/bin/../lib/gcc/arm-none-eabi/13.2.1/../../../../arm-none-eabi/lib/thumb/v6-m/nofp/libg.a(libc_a-scanf.o)
                              CMakeFiles/h_bridge.dir/src/h_bridge.c.obj (scanf)
/Applications/ArmGNUToolchain/13.2.Rel1/arm-none-eabi/bin/../lib/gcc/arm-none-eabi/13.2.1/../../../../arm-none-eabi/lib/thumb/v6-m/nofp/libg.a(libc_a-reallocr.o)
                              /Applications/ArmGNUToolchain/13.2.Rel1/arm-none-eabi/bin/../lib/gcc/arm-none-eabi/13.2.1/../../../../arm-none-eabi/lib/thumb/v6-m/nofp/libg.a(libc_a-realloc.o) (_realloc_r)
/Applications/ArmGNUToolchain/13.2.Rel1/arm-none-eabi/bin/../lib/gcc/arm-none-eabi/13.2.1/../../../../arm-none-eabi/lib/thumb/v6-m/nofp/libg.a(libc_a-memmove.o)
                              /Applications/ArmGNUToolchain/13.2.Rel1/arm-none-eabi/bin/../lib/gcc/arm-none-eabi/13.2.1/../../../../arm-none-eabi/lib/thumb/v6-m/nofp/libg.a(libc_a-reallocr.o) (memmove)
/Applications/ArmGNUToolchain/13.2.Rel1/arm-none-eabi/bin/../lib/gcc/arm-none-eabi/13.2.1/../../../../arm-none-eabi/lib/thumb/v6-m/nofp/libg.a(libc_a-impure.o)
                              /Applications/ArmGNUToolchain/13.2.Rel1/arm-none-eabi/bin/../lib/gcc/arm-none-eabi/13.2.1/../../../../arm-none-eabi/lib/thumb/v6-m/nofp/libg.a(libc_a-calloc.o) (_impure_ptr)
/Applications/ArmGNUToolchain/13.2.Rel1/arm-none-eabi/bin/../lib/gcc/arm-none-eabi/13.2.1/../../../../arm-none-eabi/lib/thumb/v6-m/nofp/libg.a(libc_a-sbrkr.o)
                              /Applications/ArmGNUToolchain/13.2.Rel1/arm-none-eabi/bin/../lib/gcc/arm-none-eabi/13.2.1/../../../../arm-none-eabi/lib/thumb/v6-m/nofp/libg.a(libc_a-mallocr.o) (_sbrk_r)
/Applications/ArmGNUToolchain/13.2.Rel1/arm-none-eabi/bin/../lib/gcc/arm-none-eabi/13.2.1/../../../../arm-none-eabi/lib/thumb/v6-m/nofp/libg.a(libc_a-errno.o)
                              /Applications/ArmGNUToolchain/13.2.Rel1/arm-none-eabi/bin/../lib/gcc/arm-none-eabi/13.2.1/../../../../arm-none-eabi/lib/thumb/v6-m/nofp/libg.a(libc_a-callocr.o) (__errno)
/Applications/ArmGNUToolchain/13.2.Rel1/arm-none-eabi/bin/../lib/gcc/arm-none-eabi/13.2.1/../../../../arm-none-eabi/lib/thumb/v6-m/nofp/libg.a(libc_a-sysconf.o)
                              /Applications/ArmGNUToolchain/13.2.Rel1/arm-none-eabi/bin/../lib/gcc/arm-none-eabi/13.2.1/../../../../arm-none-eabi/lib/thumb/v6-m/nofp/libg.a(libc_a-mallocr.o) (sysconf)
/Applications/ArmGNUToolchain/13.2.Rel1/arm-none-eabi/bin/../lib/gcc/arm-none-eabi/13.2.1/../../../../arm-none-eabi/lib/thumb/v6-m/nofp/libg.a(libc_a-init.o)
[...]
Memory Configuration

Name             Origin             Length             Attributes
FLASH            0x10000000         0x00200000         xr
RAM              0x20000000         0x00040000         xrw
SCRATCH_X        0x20040000         0x00001000         xrw
SCRATCH_Y        0x20041000         0x00001000         xrw
*default*        0x00000000         0xffffffff

Linker script and memory map

LOAD /Applications/ArmGNUToolchain/13.2.Rel1/arm-none-eabi/bin/../lib/gcc/arm-none-eabi/13.2.1/thumb/v6-m/nofp/crti.o
LOAD /Applications/ArmGNUToolchain/13.2.Rel1/arm-none-eabi/bin/../lib/gcc/arm-none-eabi/13.2.1/thumb/v6-m/nofp/crtbegin.o
LOAD /Applications/ArmGNUToolchain/13.2.Rel1/arm-none-eabi/bin/../lib/gcc/arm-none-eabi/13.2.1/../../../../arm-none-eabi/lib/thumb/v6-m/nofp/crt0.o

.flash_begin    0x10000000        0x0
                0x10000000                        __flash_binary_start = .

.boot2          0x10000000      0x100
                0x10000000                        __boot2_start__ = .
 *(.boot2)
 .boot2         0x10000000      0x100 /var/folders/pw/rqjygm7d3llcd2_n2yzs1wm80000gn/T//ccjUIBQi.o
                0x10000100                        __boot2_end__ = .
                0x00000001                        ASSERT (((__boot2_end__ - __boot2_start__) == 0x100), ERROR: Pico second stage bootloader must be 256 bytes in size)

.text           0x10000100     0xd0a0
                0x10000100                        __logical_binary_start = .
 *(.vectors)
 .vectors       0x10000100       0xd4 CMakeFiles/h_bridge.dir/Users/Omniajam/Desktop/me433/Pico/pico-sdk/src/rp2_common/pico_standard_link/crt0.S.obj
                0x10000100                __VECTOR_TABLE
                0x10000100                __vectors
                0x100001c0                __default_isrs_start
                0x100001c0                isr_invalid
                0x100001c2                isr_nmi
                0x100001c4                isr_hardfault
                0x100001c6                isr_svcall
                0x100001c8                isr_pendsv
                0x100001ca                isr_systick
                0x100001cc                isr_irq28
                0x100001cc                isr_irq19
                0x100001cc                isr_irq0
                0x100001cc                isr_irq6
                0x100001cc                isr_irq22
                0x100001cc                isr_irq17
                0x100001cc                isr_irq14
                0x100001cc                isr_irq2
                0x100001cc                isr_irq10
                0x100001cc                isr_irq8
                0x100001cc                isr_irq24
                0x100001cc                isr_irq1
                0x100001cc                isr_irq7
                0x100001cc                isr_irq21
                0x100001cc                isr_irq20
                0x100001cc                isr_irq15
                0x100001cc                isr_irq25
                0x100001cc                isr_irq4
                0x100001cc                isr_irq16
                0x100001cc                isr_irq29
                0x100001cc                isr_irq26
                0x100001cc                __default_isrs_end
                0x100001cc                isr_irq3
                0x100001cc                isr_irq9
                0x100001cc                __unhandled_user_irq
                0x100001cc                isr_irq13
                0x100001cc                isr_irq27
                0x100001cc                isr_irq31
                0x100001cc                isr_irq5
                0x100001cc                isr_irq11
                0x100001cc                isr_irq23
                0x100001cc                isr_irq18
                0x100001cc                isr_irq30
                0x100001cc                isr_irq12
                0x100001d2                unhandled_user_irq_num_in_r0
 *(.binary_info_header)
 .binary_info_header
                0x100001d4       0x14 CMakeFiles/h_bridge.dir/Users/Omniajam/Desktop/me433/Pico/pico-sdk/src/rp2_common/pico_standard_link/crt0.S.obj
                0x100001e8                        __binary_info_header_end = .
 *(.reset)
 .reset         0x100001e8       0xa0 CMakeFiles/h_bridge.dir/Users/Omniajam/Desktop/me433/Pico/pico-sdk/src/rp2_common/pico_standard_link/crt0.S.obj
                0x100001e8                _entry_point
 .reset         0x10000288       0x30 CMakeFiles/h_bridge.dir/Users/Omniajam/Desktop/me433/Pico/pico-sdk/src/rp2_common/pico_standard_link/binary_info.c.obj
 *(.init)
 .init          0x100002b8        0x4 /Applications/ArmGNUToolchain/13.2.Rel1/arm-none-eabi/bin/../lib/gcc/arm-none-eabi/13.2.1/thumb/v6-m/nofp/crti.o
                0x100002b8                _init
 *(EXCLUDE_FILE(*libm.a: *libc.a:*lib_a-mem*.o *libgcc.a:) .text*)
 .text.register_tm_clones
                0x100002bc       0x28 /Applications/ArmGNUToolchain/13.2.Rel1/arm-none-eabi/bin/../lib/gcc/arm-none-eabi/13.2.1/thumb/v6-m/nofp/crtbegin.o
 .text.frame_dummy
                0x100002e4       0x24 /Applications/ArmGNUToolchain/13.2.Rel1/arm-none-eabi/bin/../lib/gcc/arm-none-eabi/13.2.1/thumb/v6-m/nofp/crtbegin.o
 .text.pwm_set_chan_level
                0x10000308       0x40 CMakeFiles/h_bridge.dir/src/h_bridge.c.obj
 .text.pwm_pin_init
                0x10000348       0x6c CMakeFiles/h_bridge.dir/src/h_bridge.c.obj
                0x10000348                pwm_pin_init
 .text.generate_gain_curves
                0x100003b4       0x6c CMakeFiles/h_bridge.dir/src/h_bridge.c.obj
                0x100003b4                generate_gain_curves
 .text.set_from_gain
                0x10000420       0x5c CMakeFiles/h_bridge.dir/src/h_bridge.c.obj
                0x10000420                set_from_gain
 .text.main     0x1000047c       0xa0 CMakeFiles/h_bridge.dir/src/h_bridge.c.obj
                0x1000047c                main
 .text.gpio_set_function
                0x1000051c       0x30 CMakeFiles/h_bridge.dir/Users/Omniajam/Desktop/me433/Pico/pico-sdk/src/rp2_common/hardware_gpio/gpio.c.obj
                0x1000051c                gpio_set_function
 .text.gpio_init
                0x1000054c       0x16 CMakeFiles/h_bridge.dir/Users/Omniajam/Desktop/me433/Pico/pico-sdk/src/rp2_common/hardware_gpio/gpio.c.obj
                0x1000054c                gpio_init
 *fill*         0x10000562        0x2 
 .text.running_on_fpga
                0x10000564       0x14 CMakeFiles/h_bridge.dir/Users/Omniajam/Desktop/me433/Pico/pico-sdk/src/rp2_common/pico_platform/platform.c.obj
                0x10000564                running_on_fpga
 .text.hw_claim_lock
                0x10000578       0x18 CMakeFiles/h_bridge.dir/Users/Omniajam/Desktop/me433/Pico/pico-sdk/src/rp2_common/hardware_claim/claim.c.obj
                0x10000578                hw_claim_lock
 .text.hw_claim_unlock
                0x10000590       0x14 CMakeFiles/h_bridge.dir/Users/Omniajam/Desktop/me433/Pico/pico-sdk/src/rp2_common/hardware_claim/claim.c.obj
                0x10000590                hw_claim_unlock
 .text.hw_claim_or_assert
                0x100005a4       0x32 CMakeFiles/h_bridge.dir/Users/Omniajam/Desktop/me433/Pico/pico-sdk/src/rp2_common/hardware_claim/claim.c.obj
                0x100005a4                hw_claim_or_assert
 .text.hw_claim_unused_from_range
                0x100005d6       0x50 CMakeFiles/h_bridge.dir/Users/Omniajam/Desktop/me433/Pico/pico-sdk/src/rp2_common/hardware_claim/claim.c.obj
                0x100005d6                hw_claim_unused_from_range
 *fill*         0x10000626        0x2 
 .text.spin_locks_reset
                0x10000628       0x20 CMakeFiles/h_bridge.dir/Users/Omniajam/Desktop/me433/Pico/pico-sdk/src/rp2_common/hardware_sync/sync.c.obj
                0x10000628                spin_locks_reset
 .text.next_striped_spin_lock_num
                0x10000648       0x1c CMakeFiles/h_bridge.dir/Users/Omniajam/Desktop/me433/Pico/pico-sdk/src/rp2_common/hardware_sync/sync.c.obj
                0x10000648                next_striped_spin_lock_num
 .text.spin_lock_claim_unused
                0x10000664       0x24 CMakeFiles/h_bridge.dir/Users/Omniajam/Desktop/me433/Pico/pico-sdk/src/rp2_common/hardware_sync/sync.c.obj
                0x10000664                spin_lock_claim_unused
 .text.set_raw_irq_handler_and_unlock
                0x10000688       0x28 CMakeFiles/h_bridge.dir/Users/Omniajam/Desktop/me433/Pico/pico-sdk/src/rp2_common/hardware_irq/irq.c.obj
 .text.resolve_branch
                0x100006b0       0x30 CMakeFiles/h_bridge.dir/Users/Omniajam/Desktop/me433/Pico/pico-sdk/src/rp2_common/hardware_irq/irq.c.obj
 .text.make_branch
                0x100006e0       0x48 CMakeFiles/h_bridge.dir/Users/Omniajam/Desktop/me433/Pico/pico-sdk/src/rp2_common/hardware_irq/irq.c.obj
 .text.insert_branch_and_link
                0x10000728       0x40 CMakeFiles/h_bridge.dir/Users/Omniajam/Desktop/me433/Pico/pico-sdk/src/rp2_common/hardware_irq/irq.c.obj
 .text.irq_is_enabled
                0x10000768       0x18 CMakeFiles/h_bridge.dir/Users/Omniajam/Desktop/me433/Pico/pico-sdk/src/rp2_common/hardware_irq/irq.c.obj
                0x10000768                irq_is_enabled
 .text.irq_set_mask_enabled
                0x10000780       0x20 CMakeFiles/h_bridge.dir/Users/Omniajam/Desktop/me433/Pico/pico-sdk/src/rp2_common/hardware_irq/irq.c.obj
                0x10000780                irq_set_mask_enabled
 .text.irq_set_enabled
                0x100007a0        0xe CMakeFiles/h_bridge.dir/Users/Omniajam/Desktop/me433/Pico/pico-sdk/src/rp2_common/hardware_irq/irq.c.obj
                0x100007a0                irq_set_enabled
 *fill*         0x100007ae        0x2 
 .text.irq_set_pending
                0x100007b0       0x10 CMakeFiles/h_bridge.dir/Users/Omniajam/Desktop/me433/Pico/pico-sdk/src/rp2_common/hardware_irq/irq.c.obj
                0x100007b0                irq_set_pending
 .text.irq_get_vtable_handler
                0x100007c0       0x10 CMakeFiles/h_bridge.dir/Users/Omniajam/Desktop/me433/Pico/pico-sdk/src/rp2_common/hardware_irq/irq.c.obj
                0x100007c0                irq_get_vtable_handler
 .text.irq_has_shared_handler
                0x100007d0       0x24 CMakeFiles/h_bridge.dir/Users/Omniajam/Desktop/me433/Pico/pico-sdk/src/rp2_common/hardware_irq/irq.c.obj
                0x100007d0                irq_has_shared_handler
 .text.irq_set_exclusive_handler
                0x100007f4       0x54 CMakeFiles/h_bridge.dir/Users/Omniajam/Desktop/me433/Pico/pico-sdk/src/rp2_common/hardware_irq/irq.c.obj
                0x100007f4                irq_set_exclusive_handler
 .text.irq_add_shared_handler
                0x10000848      0x210 CMakeFiles/h_bridge.dir/Users/Omniajam/Desktop/me433/Pico/pico-sdk/src/rp2_common/hardware_irq/irq.c.obj
                0x10000848                irq_add_shared_handler
 .text.irq_remove_handler
                0x10000a58      0x188 CMakeFiles/h_bridge.dir/Users/Omniajam/Desktop/me433/Pico/pico-sdk/src/rp2_common/hardware_irq/irq.c.obj
                0x10000a58                irq_remove_handler
 .text.irq_add_tail_to_free_list
                0x10000be0       0xf0 CMakeFiles/h_bridge.dir/Users/Omniajam/Desktop/me433/Pico/pico-sdk/src/rp2_common/hardware_irq/irq.c.obj
                0x10000be0                irq_add_tail_to_free_list
 .text.irq_init_priorities
                0x10000cd0       0x1c CMakeFiles/h_bridge.dir/Users/Omniajam/Desktop/me433/Pico/pico-sdk/src/rp2_common/hardware_irq/irq.c.obj
                0x10000cd0                irq_init_priorities
 .text.user_irq_claim_unused
                0x10000cec       0x2c CMakeFiles/h_bridge.dir/Users/Omniajam/Desktop/me433/Pico/pico-sdk/src/rp2_common/hardware_irq/irq.c.obj
                0x10000cec                user_irq_claim_unused
 .text.lock_init
                0x10000d18       0x10 CMakeFiles/h_bridge.dir/Users/Omniajam/Desktop/me433/Pico/pico-sdk/src/common/pico_sync/lock_core.c.obj
                0x10000d18                lock_init
 .text.update_us_since_boot
                0x10000d28       0x24 CMakeFiles/h_bridge.dir/Users/Omniajam/Desktop/me433/Pico/pico-sdk/src/common/pico_sync/mutex.c.obj
 .text.delayed_by_ms
                0x10000d4c       0x44 CMakeFiles/h_bridge.dir/Users/Omniajam/Desktop/me433/Pico/pico-sdk/src/common/pico_sync/mutex.c.obj
 .text.get_absolute_time
                0x10000d90       0x22 CMakeFiles/h_bridge.dir/Users/Omniajam/Desktop/me433/Pico/pico-sdk/src/common/pico_sync/mutex.c.obj
 .text.make_timeout_time_ms
                0x10000db2       0x20 CMakeFiles/h_bridge.dir/Users/Omniajam/Desktop/me433/Pico/pico-sdk/src/common/pico_sync/mutex.c.obj
 .text.mutex_init
                0x10000dd2       0x1a CMakeFiles/h_bridge.dir/Users/Omniajam/Desktop/me433/Pico/pico-sdk/src/common/pico_sync/mutex.c.obj
                0x10000dd2                mutex_init
 .text.recursive_mutex_init
                0x10000dec       0x1e CMakeFiles/h_bridge.dir/Users/Omniajam/Desktop/me433/Pico/pico-sdk/src/common/pico_sync/mutex.c.obj
                0x10000dec                recursive_mutex_init
 *fill*         0x10000e0a        0x2 
 .text.critical_section_init_with_lock_num
                0x10000e0c       0x14 CMakeFiles/h_bridge.dir/Users/Omniajam/Desktop/me433/Pico/pico-sdk/src/common/pico_sync/critical_section.c.obj
                0x10000e0c                critical_section_init_with_lock_num
 .text.critical_section_init
                0x10000e20       0x14 CMakeFiles/h_bridge.dir/Users/Omniajam/Desktop/me433/Pico/pico-sdk/src/common/pico_sync/critical_section.c.obj
                0x10000e20                critical_section_init
 .text.time_reached
                0x10000e34       0x28 CMakeFiles/h_bridge.dir/Users/Omniajam/Desktop/me433/Pico/pico-sdk/src/common/pico_time/time.c.obj
 .text.get_entry
                0x10000e5c       0x38 CMakeFiles/h_bridge.dir/Users/Omniajam/Desktop/me433/Pico/pico-sdk/src/common/pico_time/time.c.obj
 .text.timer_pool_entry_comparator
                0x10000e94       0x2e CMakeFiles/h_bridge.dir/Users/Omniajam/Desktop/me433/Pico/pico-sdk/src/common/pico_time/time.c.obj
                0x10000e94                timer_pool_entry_comparator
 *fill*         0x10000ec2        0x2 
 .text.update_us_since_boot
                0x10000ec4       0x24 CMakeFiles/h_bridge.dir/Users/Omniajam/Desktop/me433/Pico/pico-sdk/src/common/pico_time/time.c.obj
 .text.delayed_by_us
                0x10000ee8       0x34 CMakeFiles/h_bridge.dir/Users/Omniajam/Desktop/me433/Pico/pico-sdk/src/common/pico_time/time.c.obj
 .text.ph_get_node
                0x10000f1c       0x30 CMakeFiles/h_bridge.dir/Users/Omniajam/Desktop/me433/Pico/pico-sdk/src/common/pico_time/time.c.obj
 .text.ph_contains_node
                0x10000f4c       0x1e CMakeFiles/h_bridge.dir/Users/Omniajam/Desktop/me433/Pico/pico-sdk/src/common/pico_time/time.c.obj
 .text.ph_new_node
                0x10000f6a       0x28 CMakeFiles/h_bridge.dir/Users/Omniajam/Desktop/me433/Pico/pico-sdk/src/common/pico_time/time.c.obj
 *fill*         0x10000f92        0x2 
 .text.ph_add_child_node
                0x10000f94       0x6c CMakeFiles/h_bridge.dir/Users/Omniajam/Desktop/me433/Pico/pico-sdk/src/common/pico_time/time.c.obj
 .text.ph_merge_nodes
                0x10001000       0x3e CMakeFiles/h_bridge.dir/Users/Omniajam/Desktop/me433/Pico/pico-sdk/src/common/pico_time/time.c.obj
 *fill*         0x1000103e        0x2 
 .text.ph_insert_node
                0x10001040       0x3c CMakeFiles/h_bridge.dir/Users/Omniajam/Desktop/me433/Pico/pico-sdk/src/common/pico_time/time.c.obj
 .text.ph_free_node
                0x1000107c       0x5c CMakeFiles/h_bridge.dir/Users/Omniajam/Desktop/me433/Pico/pico-sdk/src/common/pico_time/time.c.obj
 .text.get_entry_id_high
                0x100010d8       0x30 CMakeFiles/h_bridge.dir/Users/Omniajam/Desktop/me433/Pico/pico-sdk/src/common/pico_time/time.c.obj
 .text.alarm_pool_post_alloc_init
                0x10001108       0x40 CMakeFiles/h_bridge.dir/Users/Omniajam/Desktop/me433/Pico/pico-sdk/src/common/pico_time/time.c.obj
 .text.sleep_until_callback
                0x10001148       0x30 CMakeFiles/h_bridge.dir/Users/Omniajam/Desktop/me433/Pico/pico-sdk/src/common/pico_time/time.c.obj
 .text.get_absolute_time
                0x10001178       0x22 CMakeFiles/h_bridge.dir/Users/Omniajam/Desktop/me433/Pico/pico-sdk/src/common/pico_time/time.c.obj
 .text.make_timeout_time_us
                0x1000119a       0x24 CMakeFiles/h_bridge.dir/Users/Omniajam/Desktop/me433/Pico/pico-sdk/src/common/pico_time/time.c.obj
 *fill*         0x100011be        0x2 
 .text.add_alarm_under_lock
                0x100011c0       0x94 CMakeFiles/h_bridge.dir/Users/Omniajam/Desktop/me433/Pico/pico-sdk/src/common/pico_time/time.c.obj
 .text.alarm_pool_alarm_callback
                0x10001254      0x210 CMakeFiles/h_bridge.dir/Users/Omniajam/Desktop/me433/Pico/pico-sdk/src/common/pico_time/time.c.obj
 .text.alarm_pool_init_default
                0x10001464       0x40 CMakeFiles/h_bridge.dir/Users/Omniajam/Desktop/me433/Pico/pico-sdk/src/common/pico_time/time.c.obj
                0x10001464                alarm_pool_init_default
 .text.alarm_pool_get_default
                0x100014a4       0x2c CMakeFiles/h_bridge.dir/Users/Omniajam/Desktop/me433/Pico/pico-sdk/src/common/pico_time/time.c.obj
                0x100014a4                alarm_pool_get_default
 .text.alarm_pool_add_alarm_at
                0x100014d0      0x10e CMakeFiles/h_bridge.dir/Users/Omniajam/Desktop/me433/Pico/pico-sdk/src/common/pico_time/time.c.obj
                0x100014d0                alarm_pool_add_alarm_at
 .text.add_alarm_at
                0x100015de       0x2e CMakeFiles/h_bridge.dir/Users/Omniajam/Desktop/me433/Pico/pico-sdk/src/common/pico_time/time.c.obj
 .text.alarm_pool_cancel_alarm
                0x1000160c       0xa8 CMakeFiles/h_bridge.dir/Users/Omniajam/Desktop/me433/Pico/pico-sdk/src/common/pico_time/time.c.obj
                0x1000160c                alarm_pool_cancel_alarm
 .text.cancel_alarm
                0x100016b4       0x10 CMakeFiles/h_bridge.dir/Users/Omniajam/Desktop/me433/Pico/pico-sdk/src/common/pico_time/time.c.obj
 .text.alarm_pool_core_num
                0x100016c4        0x4 CMakeFiles/h_bridge.dir/Users/Omniajam/Desktop/me433/Pico/pico-sdk/src/common/pico_time/time.c.obj
                0x100016c4                alarm_pool_core_num
 .text.sleep_until
                0x100016c8       0xb0 CMakeFiles/h_bridge.dir/Users/Omniajam/Desktop/me433/Pico/pico-sdk/src/common/pico_time/time.c.obj
                0x100016c8                sleep_until
 .text.sleep_us
                0x10001778       0x1a CMakeFiles/h_bridge.dir/Users/Omniajam/Desktop/me433/Pico/pico-sdk/src/common/pico_time/time.c.obj
                0x10001778                sleep_us
 .text.sleep_ms
                0x10001792       0x14 CMakeFiles/h_bridge.dir/Users/Omniajam/Desktop/me433/Pico/pico-sdk/src/common/pico_time/time.c.obj
                0x10001792                sleep_ms
 *fill*         0x100017a6        0x2 
 .text.best_effort_wfe_or_timeout
                0x100017a8       0x44 CMakeFiles/h_bridge.dir/Users/Omniajam/Desktop/me433/Pico/pico-sdk/src/common/pico_time/time.c.obj
                0x100017a8                best_effort_wfe_or_timeout
 .text.update_us_since_boot
                0x100017ec       0x24 CMakeFiles/h_bridge.dir/Users/Omniajam/Desktop/me433/Pico/pico-sdk/src/rp2_common/hardware_timer/timer.c.obj
 .text.hardware_alarm_irq_handler
                0x10001810       0x8c CMakeFiles/h_bridge.dir/Users/Omniajam/Desktop/me433/Pico/pico-sdk/src/rp2_common/hardware_timer/timer.c.obj
 .text.hardware_alarm_claim
                0x1000189c       0x18 CMakeFiles/h_bridge.dir/Users/Omniajam/Desktop/me433/Pico/pico-sdk/src/rp2_common/hardware_timer/timer.c.obj
                0x1000189c                hardware_alarm_claim
 .text.time_us_64
                0x100018b4       0x18 CMakeFiles/h_bridge.dir/Users/Omniajam/Desktop/me433/Pico/pico-sdk/src/rp2_common/hardware_timer/timer.c.obj
                0x100018b4                time_us_64
 .text.busy_wait_until
                0x100018cc       0x28 CMakeFiles/h_bridge.dir/Users/Omniajam/Desktop/me433/Pico/pico-sdk/src/rp2_common/hardware_timer/timer.c.obj
                0x100018cc                busy_wait_until
 .text.busy_wait_us
                0x100018f4       0x3a CMakeFiles/h_bridge.dir/Users/Omniajam/Desktop/me433/Pico/pico-sdk/src/rp2_common/hardware_timer/timer.c.obj
                0x100018f4                busy_wait_us
 *fill*         0x1000192e        0x2 
 .text.hardware_alarm_set_callback
                0x10001930       0x90 CMakeFiles/h_bridge.dir/Users/Omniajam/Desktop/me433/Pico/pico-sdk/src/rp2_common/hardware_timer/timer.c.obj
                0x10001930                hardware_alarm_set_callback
 .text.hardware_alarm_set_target
                0x100019c0       0xe8 CMakeFiles/h_bridge.dir/Users/Omniajam/Desktop/me433/Pico/pico-sdk/src/rp2_common/hardware_timer/timer.c.obj
                0x100019c0                hardware_alarm_set_target
 .text.hardware_alarm_cancel
                0x10001aa8       0x40 CMakeFiles/h_bridge.dir/Users/Omniajam/Desktop/me433/Pico/pico-sdk/src/rp2_common/hardware_timer/timer.c.obj
                0x10001aa8                hardware_alarm_cancel
 .text.ph_get_node
                0x10001ae8       0x30 CMakeFiles/h_bridge.dir/Users/Omniajam/Desktop/me433/Pico/pico-sdk/src/common/pico_util/pheap.c.obj
 .text.ph_add_child_node
                0x10001b18       0x6c CMakeFiles/h_bridge.dir/Users/Omniajam/Desktop/me433/Pico/pico-sdk/src/common/pico_util/pheap.c.obj
 .text.ph_merge_nodes
                0x10001b84       0x3e CMakeFiles/h_bridge.dir/Users/Omniajam/Desktop/me433/Pico/pico-sdk/src/common/pico_util/pheap.c.obj
 .text.ph_clear
                0x10001bc2       0x34 CMakeFiles/h_bridge.dir/Users/Omniajam/Desktop/me433/Pico/pico-sdk/src/common/pico_util/pheap.c.obj
                0x10001bc2                ph_clear
 .text.ph_post_alloc_init
                0x10001bf6        0xe CMakeFiles/h_bridge.dir/Users/Omniajam/Desktop/me433/Pico/pico-sdk/src/common/pico_util/pheap.c.obj
                0x10001bf6                ph_post_alloc_init
 .text.ph_merge_two_pass
                0x10001c04       0x5c CMakeFiles/h_bridge.dir/Users/Omniajam/Desktop/me433/Pico/pico-sdk/src/common/pico_util/pheap.c.obj
                0x10001c04                ph_merge_two_pass
 .text.ph_remove_any_head
                0x10001c60       0xc0 CMakeFiles/h_bridge.dir/Users/Omniajam/Desktop/me433/Pico/pico-sdk/src/common/pico_util/pheap.c.obj
 .text.ph_remove_head
                0x10001d20       0x14 CMakeFiles/h_bridge.dir/Users/Omniajam/Desktop/me433/Pico/pico-sdk/src/common/pico_util/pheap.c.obj
                0x10001d20                ph_remove_head
 .text.ph_remove_and_free_node
                0x10001d34       0xa0 CMakeFiles/h_bridge.dir/Users/Omniajam/Desktop/me433/Pico/pico-sdk/src/common/pico_util/pheap.c.obj
                0x10001d34                ph_remove_and_free_node
 .text.clock_configure
                0x10001dd4      0x108 CMakeFiles/h_bridge.dir/Users/Omniajam/Desktop/me433/Pico/pico-sdk/src/rp2_common/hardware_clocks/clocks.c.obj
                0x10001dd4                clock_configure
 .text.clocks_init
                0x10001edc      0x100 CMakeFiles/h_bridge.dir/Users/Omniajam/Desktop/me433/Pico/pico-sdk/src/rp2_common/hardware_clocks/clocks.c.obj
                0x10001edc                clocks_init
 .text.pll_init
                0x10001fdc      0x120 CMakeFiles/h_bridge.dir/Users/Omniajam/Desktop/me433/Pico/pico-sdk/src/rp2_common/hardware_pll/pll.c.obj
                0x10001fdc                pll_init
 .text.watchdog_start_tick
                0x100020fc       0x10 CMakeFiles/h_bridge.dir/Users/Omniajam/Desktop/me433/Pico/pico-sdk/src/rp2_common/hardware_watchdog/watchdog.c.obj
                0x100020fc                watchdog_start_tick
 .text.watchdog_update
                0x1000210c       0x14 CMakeFiles/h_bridge.dir/Users/Omniajam/Desktop/me433/Pico/pico-sdk/src/rp2_common/hardware_watchdog/watchdog.c.obj
                0x1000210c                watchdog_update
 .text._watchdog_enable
                0x10002120       0x78 CMakeFiles/h_bridge.dir/Users/Omniajam/Desktop/me433/Pico/pico-sdk/src/rp2_common/hardware_watchdog/watchdog.c.obj
                0x10002120                _watchdog_enable
 .text.watchdog_reboot
                0x10002198       0x48 CMakeFiles/h_bridge.dir/Users/Omniajam/Desktop/me433/Pico/pico-sdk/src/rp2_common/hardware_watchdog/watchdog.c.obj
                0x10002198                watchdog_reboot
 .text.xosc_init
                0x100021e0       0x28 CMakeFiles/h_bridge.dir/Users/Omniajam/Desktop/me433/Pico/pico-sdk/src/rp2_common/hardware_xosc/xosc.c.obj
                0x100021e0                xosc_init
 .text._exit    0x10002208        0x4 CMakeFiles/h_bridge.dir/Users/Omniajam/Desktop/me433/Pico/pico-sdk/src/rp2_common/pico_runtime/runtime.c.obj
                0x10002208                _exit
 .text._sbrk    0x1000220c       0x38 CMakeFiles/h_bridge.dir/Users/Omniajam/Desktop/me433/Pico/pico-sdk/src/rp2_common/pico_runtime/runtime.c.obj
                0x1000220c                _sbrk
 .text.exit     0x10002244        0x6 CMakeFiles/h_bridge.dir/Users/Omniajam/Desktop/me433/Pico/pico-sdk/src/rp2_common/pico_runtime/runtime.c.obj
                0x10002244                exit
 *fill*         0x1000224a        0x2 
 .text.__assert_func
                0x1000224c       0x38 CMakeFiles/h_bridge.dir/Users/Omniajam/Desktop/me433/Pico/pico-sdk/src/rp2_common/pico_runtime/runtime.c.obj
                0x1000224c                __assert_func
 .text.runtime_init
                0x10002284       0xf8 CMakeFiles/h_bridge.dir/Users/Omniajam/Desktop/me433/Pico/pico-sdk/src/rp2_common/pico_runtime/runtime.c.obj
                0x10002284                runtime_init
 .text.panic    0x1000237c       0x30 CMakeFiles/h_bridge.dir/Users/Omniajam/Desktop/me433/Pico/pico-sdk/src/rp2_common/pico_runtime/runtime.c.obj
                0x1000237c                panic
 .text._out_buffer
                0x100023ac        0x8 CMakeFiles/h_bridge.dir/Users/Omniajam/Desktop/me433/Pico/pico-sdk/src/rp2_common/pico_printf/printf.c.obj
 .text._out_null
                0x100023b4        0x2 CMakeFiles/h_bridge.dir/Users/Omniajam/Desktop/me433/Pico/pico-sdk/src/rp2_common/pico_printf/printf.c.obj
 .text._out_fct
                0x100023b6        0xe CMakeFiles/h_bridge.dir/Users/Omniajam/Desktop/me433/Pico/pico-sdk/src/rp2_common/pico_printf/printf.c.obj
 .text._atoi    0x100023c4       0x24 CMakeFiles/h_bridge.dir/Users/Omniajam/Desktop/me433/Pico/pico-sdk/src/rp2_common/pico_printf/printf.c.obj
 .text._out_rev
                0x100023e8       0xae CMakeFiles/h_bridge.dir/Users/Omniajam/Desktop/me433/Pico/pico-sdk/src/rp2_common/pico_printf/printf.c.obj
 .text._ntoa_format
                0x10002496      0x110 CMakeFiles/h_bridge.dir/Users/Omniajam/Desktop/me433/Pico/pico-sdk/src/rp2_common/pico_printf/printf.c.obj
 .text._ntoa_long
                0x100025a6       0xbc CMakeFiles/h_bridge.dir/Users/Omniajam/Desktop/me433/Pico/pico-sdk/src/rp2_common/pico_printf/printf.c.obj
 .text._ntoa_long_long
                0x10002662      0x10e CMakeFiles/h_bridge.dir/Users/Omniajam/Desktop/me433/Pico/pico-sdk/src/rp2_common/pico_printf/printf.c.obj
 .text._etoa    0x10002770      0x420 CMakeFiles/h_bridge.dir/Users/Omniajam/Desktop/me433/Pico/pico-sdk/src/rp2_common/pico_printf/printf.c.obj
 .text._ftoa    0x10002b90      0x354 CMakeFiles/h_bridge.dir/Users/Omniajam/Desktop/me433/Pico/pico-sdk/src/rp2_common/pico_printf/printf.c.obj
 .text._vsnprintf
                0x10002ee4      0x668 CMakeFiles/h_bridge.dir/Users/Omniajam/Desktop/me433/Pico/pico-sdk/src/rp2_common/pico_printf/printf.c.obj
 .text.__wrap_sprintf
                0x1000354c       0x2c CMakeFiles/h_bridge.dir/Users/Omniajam/Desktop/me433/Pico/pico-sdk/src/rp2_common/pico_printf/printf.c.obj
                0x1000354c                __wrap_sprintf
 .text.vfctprintf
                0x10003578       0x20 CMakeFiles/h_bridge.dir/Users/Omniajam/Desktop/me433/Pico/pico-sdk/src/rp2_common/pico_printf/printf.c.obj
                0x10003578                vfctprintf
 .text          0x10003598       0x10 CMakeFiles/h_bridge.dir/Users/Omniajam/Desktop/me433/Pico/pico-sdk/src/rp2_common/pico_bit_ops/bit_ops_aeabi.S.obj
 .text.rom_func_lookup
                0x100035a8       0x10 CMakeFiles/h_bridge.dir/Users/Omniajam/Desktop/me433/Pico/pico-sdk/src/rp2_common/pico_bootrom/bootrom.c.obj
                0x100035a8                rom_func_lookup
 .text.rom_data_lookup
                0x100035b8       0x10 CMakeFiles/h_bridge.dir/Users/Omniajam/Desktop/me433/Pico/pico-sdk/src/rp2_common/pico_bootrom/bootrom.c.obj
                0x100035b8                rom_data_lookup
 .text.rom_funcs_lookup
                0x100035c8       0x36 CMakeFiles/h_bridge.dir/Users/Omniajam/Desktop/me433/Pico/pico-sdk/src/rp2_common/pico_bootrom/bootrom.c.obj
                0x100035c8                rom_funcs_lookup
 *fill*         0x100035fe        0x2 
 .text.__wrap___aeabi_idiv
                0x10003600       0x50 CMakeFiles/h_bridge.dir/Users/Omniajam/Desktop/me433/Pico/pico-sdk/src/rp2_common/pico_divider/divider.S.obj
                0x10003600                __wrap___aeabi_idivmod
                0x10003600                divmod_s32s32
                0x10003600                div_s32s32
                0x10003600                __wrap___aeabi_idiv
                0x10003608                divmod_s32s32_unsafe
                0x10003634                divmod_s32s32_savestate
 .text.__wrap___aeabi_uidiv
                0x10003650       0x4c CMakeFiles/h_bridge.dir/Users/Omniajam/Desktop/me433/Pico/pico-sdk/src/rp2_common/pico_divider/divider.S.obj
                0x10003650                __wrap___aeabi_uidiv
                0x10003650                __wrap___aeabi_uidivmod
                0x10003650                div_u32u32
                0x10003650                divmod_u32u32
                0x10003658                divmod_u32u32_unsafe
                0x10003680                divmod_u32u32_savestate
 .text.__wrap___aeabi_ldiv
                0x1000369c      0x424 CMakeFiles/h_bridge.dir/Users/Omniajam/Desktop/me433/Pico/pico-sdk/src/rp2_common/pico_divider/divider.S.obj
                0x1000369c                __wrap___aeabi_ldivmod
                0x1000369c                div_s64s64
                0x1000369c                divmod_s64s64
                0x100036cc                divmod_u64u64
                0x100036cc                div_u64u64
                0x100036cc                __wrap___aeabi_uldivmod
                0x100036dc                divmod_u64u64_savestate
                0x100036fc                divmod_s64s64_unsafe
                0x10003784                divmod_u64u64_unsafe
 .text.__wrap___aeabi_darithmetic
                0x10003ac0       0x80 CMakeFiles/h_bridge.dir/Users/Omniajam/Desktop/me433/Pico/pico-sdk/src/rp2_common/pico_double/double_aeabi.S.obj
                0x10003ac0                __wrap___aeabi_drsub
                0x10003ac6                __wrap___aeabi_dsub
                0x10003ad8                __wrap___aeabi_dadd
                0x10003aea                __wrap___aeabi_ddiv
                0x10003b26                __wrap___aeabi_dmul
 .text.__wrap___aeabi_cdcmple
                0x10003b40       0x6c CMakeFiles/h_bridge.dir/Users/Omniajam/Desktop/me433/Pico/pico-sdk/src/rp2_common/pico_double/double_aeabi.S.obj
                0x10003b40                __wrap___aeabi_cdrcmple
                0x10003b50                __wrap___aeabi_cdcmple
                0x10003b50                __wrap___aeabi_cdcmpeq
 .text.__wrap___aeabi_dcmpeq
                0x10003bac       0x10 CMakeFiles/h_bridge.dir/Users/Omniajam/Desktop/me433/Pico/pico-sdk/src/rp2_common/pico_double/double_aeabi.S.obj
                0x10003bac                __wrap___aeabi_dcmpeq
 .text.__wrap___aeabi_dcmplt
                0x10003bbc        0xc CMakeFiles/h_bridge.dir/Users/Omniajam/Desktop/me433/Pico/pico-sdk/src/rp2_common/pico_double/double_aeabi.S.obj
                0x10003bbc                __wrap___aeabi_dcmplt
 .text.__wrap___aeabi_dcmple
                0x10003bc8       0x10 CMakeFiles/h_bridge.dir/Users/Omniajam/Desktop/me433/Pico/pico-sdk/src/rp2_common/pico_double/double_aeabi.S.obj
                0x10003bc8                __wrap___aeabi_dcmple
 .text.__wrap___aeabi_dcmpge
                0x10003bd8       0x10 CMakeFiles/h_bridge.dir/Users/Omniajam/Desktop/me433/Pico/pico-sdk/src/rp2_common/pico_double/double_aeabi.S.obj
                0x10003bd8                __wrap___aeabi_dcmpge
 .text.__wrap___aeabi_dcmpgt
                0x10003be8        0xa CMakeFiles/h_bridge.dir/Users/Omniajam/Desktop/me433/Pico/pico-sdk/src/rp2_common/pico_double/double_aeabi.S.obj
                0x10003be8                __wrap___aeabi_dcmpgt
 .text.__wrap___aeabi_dcmpun
                0x10003bf2       0x1c CMakeFiles/h_bridge.dir/Users/Omniajam/Desktop/me433/Pico/pico-sdk/src/rp2_common/pico_double/double_aeabi.S.obj
                0x10003bf2                __wrap___aeabi_dcmpun
 *fill*         0x10003c0e        0x2 
 .text.__wrap___aeabi_i2d
                0x10003c10       0x38 CMakeFiles/h_bridge.dir/Users/Omniajam/Desktop/me433/Pico/pico-sdk/src/rp2_common/pico_double/double_aeabi.S.obj
                0x10003c10                __wrap___aeabi_ui2d
                0x10003c18                __wrap___aeabi_i2d
 .text.__wrap___aeabi_d2iz
                0x10003c48       0x48 CMakeFiles/h_bridge.dir/Users/Omniajam/Desktop/me433/Pico/pico-sdk/src/rp2_common/pico_double/double_aeabi.S.obj
                0x10003c48                __wrap___aeabi_d2iz
                0x10003c48                double2int_z
 .text.__wrap___aeabi_d2uiz
                0x10003c90       0x18 CMakeFiles/h_bridge.dir/Users/Omniajam/Desktop/me433/Pico/pico-sdk/src/rp2_common/pico_double/double_aeabi.S.obj
                0x10003c90                double2uint
                0x10003c90                __wrap___aeabi_d2uiz
 .text.__wrap___aeabi_l2d
                0x10003ca8       0x18 CMakeFiles/h_bridge.dir/Users/Omniajam/Desktop/me433/Pico/pico-sdk/src/rp2_common/pico_double/double_aeabi.S.obj
                0x10003ca8                __wrap___aeabi_l2d
 .text.__wrap___aeabi_d2lz
                0x10003cc0       0x26 CMakeFiles/h_bridge.dir/Users/Omniajam/Desktop/me433/Pico/pico-sdk/src/rp2_common/pico_double/double_aeabi.S.obj
                0x10003cc0                __wrap___aeabi_d2lz
                0x10003cc0                double2int64_z
 *fill*         0x10003ce6        0x2 
 .text.double2int64
                0x10003ce8       0x18 CMakeFiles/h_bridge.dir/Users/Omniajam/Desktop/me433/Pico/pico-sdk/src/rp2_common/pico_double/double_aeabi.S.obj
                0x10003ce8                double2int64
 .text.double2ufix64
                0x10003d00       0x18 CMakeFiles/h_bridge.dir/Users/Omniajam/Desktop/me433/Pico/pico-sdk/src/rp2_common/pico_double/double_aeabi.S.obj
                0x10003d00                double2ufix64
 .text.__wrap___aeabi_d2f
                0x10003d18       0x18 CMakeFiles/h_bridge.dir/Users/Omniajam/Desktop/me433/Pico/pico-sdk/src/rp2_common/pico_double/double_aeabi.S.obj
                0x10003d18                __wrap___aeabi_d2f
 .text.__aeabi_double_init
                0x10003d30       0xcc CMakeFiles/h_bridge.dir/Users/Omniajam/Desktop/me433/Pico/pico-sdk/src/rp2_common/pico_double/double_init_rom.c.obj
                0x10003d30                __aeabi_double_init
 .text.double_table_shim_on_use_helper
                0x10003dfc       0x34 CMakeFiles/h_bridge.dir/Users/Omniajam/Desktop/me433/Pico/pico-sdk/src/rp2_common/pico_double/double_v1_rom_shim.S.obj
                0x10003dfc                double_table_shim_on_use_helper
 .text.__wrap___aeabi_dsub
                0x10003e30       0x10 CMakeFiles/h_bridge.dir/Users/Omniajam/Desktop/me433/Pico/pico-sdk/src/rp2_common/pico_double/double_v1_rom_shim.S.obj
                0x10003e30                drsub_shim
                0x10003e36                dsub_shim
 .text.dadd_shim
                0x10003e40      0x15c CMakeFiles/h_bridge.dir/Users/Omniajam/Desktop/me433/Pico/pico-sdk/src/rp2_common/pico_double/double_v1_rom_shim.S.obj
                0x10003e40                dadd_shim
 .text.dmul_shim
                0x10003f9c      0x15c CMakeFiles/h_bridge.dir/Users/Omniajam/Desktop/me433/Pico/pico-sdk/src/rp2_common/pico_double/double_v1_rom_shim.S.obj
                0x10003f9c                dmul_shim
 .text.ddiv_shim
                0x100040f8      0x1b0 CMakeFiles/h_bridge.dir/Users/Omniajam/Desktop/me433/Pico/pico-sdk/src/rp2_common/pico_double/double_v1_rom_shim.S.obj
                0x100040f8                ddiv_shim
 .text.double2uint_shim
                0x100042a8        0xe CMakeFiles/h_bridge.dir/Users/Omniajam/Desktop/me433/Pico/pico-sdk/src/rp2_common/pico_double/double_v1_rom_shim.S.obj
                0x100042a8                double2uint_shim
                0x100042aa                double2ufix_shim
 .text.double2int64_shim
                0x100042b6       0x1a CMakeFiles/h_bridge.dir/Users/Omniajam/Desktop/me433/Pico/pico-sdk/src/rp2_common/pico_double/double_v1_rom_shim.S.obj
                0x100042b6                double2int64_shim
                0x100042b8                double2fix64_shim
 .text.double2uint64_shim
                0x100042d0       0x70 CMakeFiles/h_bridge.dir/Users/Omniajam/Desktop/me433/Pico/pico-sdk/src/rp2_common/pico_double/double_v1_rom_shim.S.obj
                0x100042d0                double2uint64_shim
                0x100042d2                double2ufix64_shim
                0x100042f2                d2fix_a
 .text.double2float_shim
                0x10004340       0x5c CMakeFiles/h_bridge.dir/Users/Omniajam/Desktop/me433/Pico/pico-sdk/src/rp2_common/pico_double/double_v1_rom_shim.S.obj
                0x10004340                double2float_shim
 .text.x2double_shims
                0x1000439c       0x90 CMakeFiles/h_bridge.dir/Users/Omniajam/Desktop/me433/Pico/pico-sdk/src/rp2_common/pico_double/double_v1_rom_shim.S.obj
                0x1000439c                uint2double_shim
                0x1000439e                ufix2double_shim
                0x100043a4                int2double_shim
                0x100043a6                fix2double_shim
                0x100043ac                uint642double_shim
                0x100043ae                ufix642double_shim
                0x100043b4                int642double_shim
                0x100043b6                fix642double_shim
 .text.dunpacks
                0x1000442c       0x3c CMakeFiles/h_bridge.dir/Users/Omniajam/Desktop/me433/Pico/pico-sdk/src/rp2_common/pico_double/double_v1_rom_shim.S.obj
                0x1000442c                dunpacks
 .text.__aeabi_lmul
                0x10004468       0x32 CMakeFiles/h_bridge.dir/Users/Omniajam/Desktop/me433/Pico/pico-sdk/src/rp2_common/pico_int64_ops/pico_int64_ops_aeabi.S.obj
                0x10004468                __wrap___aeabi_lmul
 *fill*         0x1000449a        0x2 
 .text.__aeabi_float_init
                0x1000449c       0xfc CMakeFiles/h_bridge.dir/Users/Omniajam/Desktop/me433/Pico/pico-sdk/src/rp2_common/pico_float/float_init_rom.c.obj
                0x1000449c                __aeabi_float_init
 .text.float_table_shim_on_use_helper
                0x10004598       0x34 CMakeFiles/h_bridge.dir/Users/Omniajam/Desktop/me433/Pico/pico-sdk/src/rp2_common/pico_float/float_v1_rom_shim.S.obj
                0x10004598                float_table_shim_on_use_helper
 .text.check_alloc
                0x100045cc       0x20 CMakeFiles/h_bridge.dir/Users/Omniajam/Desktop/me433/Pico/pico-sdk/src/rp2_common/pico_malloc/pico_malloc.c.obj
 .text.__wrap_malloc
                0x100045ec       0x14 CMakeFiles/h_bridge.dir/Users/Omniajam/Desktop/me433/Pico/pico-sdk/src/rp2_common/pico_malloc/pico_malloc.c.obj
                0x100045ec                __wrap_malloc
 .text.__wrap_realloc
                0x10004600       0x14 CMakeFiles/h_bridge.dir/Users/Omniajam/Desktop/me433/Pico/pico-sdk/src/rp2_common/pico_malloc/pico_malloc.c.obj
                0x10004600                __wrap_realloc
 .text.__wrap_free
                0x10004614        0x8 CMakeFiles/h_bridge.dir/Users/Omniajam/Desktop/me433/Pico/pico-sdk/src/rp2_common/pico_malloc/pico_malloc.c.obj
                0x10004614                __wrap_free
 .text          0x1000461c       0x10 CMakeFiles/h_bridge.dir/Users/Omniajam/Desktop/me433/Pico/pico-sdk/src/rp2_common/pico_mem_ops/mem_ops_aeabi.S.obj
                0x1000461c                __aeabi_mem_init
 .text.memset   0x1000462c        0xc CMakeFiles/h_bridge.dir/Users/Omniajam/Desktop/me433/Pico/pico-sdk/src/rp2_common/pico_mem_ops/mem_ops_aeabi.S.obj
                0x1000462c                __wrap_memset
 .text.memcpy   0x10004638        0xc CMakeFiles/h_bridge.dir/Users/Omniajam/Desktop/me433/Pico/pico-sdk/src/rp2_common/pico_mem_ops/mem_ops_aeabi.S.obj
                0x10004638                __wrap___aeabi_memcpy
                0x10004638                __wrap_memcpy
 .text.time_reached
                0x10004644       0x28 CMakeFiles/h_bridge.dir/Users/Omniajam/Desktop/me433/Pico/pico-sdk/src/rp2_common/pico_stdio/stdio.c.obj
 .text.stdio_out_chars_no_crlf
                0x1000466c        0xe CMakeFiles/h_bridge.dir/Users/Omniajam/Desktop/me433/Pico/pico-sdk/src/rp2_common/pico_stdio/stdio.c.obj
 *fill*         0x1000467a        0x2 
 .text.stdio_out_chars_crlf
                0x1000467c       0x80 CMakeFiles/h_bridge.dir/Users/Omniajam/Desktop/me433/Pico/pico-sdk/src/rp2_common/pico_stdio/stdio.c.obj
 .text.stdio_stack_buffer_flush
                0x100046fc       0x44 CMakeFiles/h_bridge.dir/Users/Omniajam/Desktop/me433/Pico/pico-sdk/src/rp2_common/pico_stdio/stdio.c.obj
 .text.stdio_buffered_printer
                0x10004740       0x20 CMakeFiles/h_bridge.dir/Users/Omniajam/Desktop/me433/Pico/pico-sdk/src/rp2_common/pico_stdio/stdio.c.obj
 .text.update_us_since_boot
                0x10004760       0x24 CMakeFiles/h_bridge.dir/Users/Omniajam/Desktop/me433/Pico/pico-sdk/src/rp2_common/pico_stdio/stdio.c.obj
 .text.get_absolute_time
                0x10004784       0x22 CMakeFiles/h_bridge.dir/Users/Omniajam/Desktop/me433/Pico/pico-sdk/src/rp2_common/pico_stdio/stdio.c.obj
 *fill*         0x100047a6        0x2 
 .text.delayed_by_ms
                0x100047a8       0x44 CMakeFiles/h_bridge.dir/Users/Omniajam/Desktop/me433/Pico/pico-sdk/src/rp2_common/pico_stdio/stdio.c.obj
 .text.make_timeout_time_ms
                0x100047ec       0x20 CMakeFiles/h_bridge.dir/Users/Omniajam/Desktop/me433/Pico/pico-sdk/src/rp2_common/pico_stdio/stdio.c.obj
 .text.stdio_get_until
                0x1000480c       0x64 CMakeFiles/h_bridge.dir/Users/Omniajam/Desktop/me433/Pico/pico-sdk/src/rp2_common/pico_stdio/stdio.c.obj
 .text.stdout_serialize_begin
                0x10004870       0x20 CMakeFiles/h_bridge.dir/Users/Omniajam/Desktop/me433/Pico/pico-sdk/src/rp2_common/pico_stdio/stdio.c.obj
                0x10004870                stdout_serialize_begin
 .text.stdout_serialize_end
                0x10004890       0x10 CMakeFiles/h_bridge.dir/Users/Omniajam/Desktop/me433/Pico/pico-sdk/src/rp2_common/pico_stdio/stdio.c.obj
                0x10004890                stdout_serialize_end
 .text.stdio_put_string
                0x100048a0       0x98 CMakeFiles/h_bridge.dir/Users/Omniajam/Desktop/me433/Pico/pico-sdk/src/rp2_common/pico_stdio/stdio.c.obj
 .text._read    0x10004938       0x24 CMakeFiles/h_bridge.dir/Users/Omniajam/Desktop/me433/Pico/pico-sdk/src/rp2_common/pico_stdio/stdio.c.obj
                0x10004938                _read
 .text._write   0x1000495c       0x22 CMakeFiles/h_bridge.dir/Users/Omniajam/Desktop/me433/Pico/pico-sdk/src/rp2_common/pico_stdio/stdio.c.obj
                0x1000495c                _write
 .text._close   0x1000497e        0x6 CMakeFiles/h_bridge.dir/Users/Omniajam/Desktop/me433/Pico/pico-sdk/src/rp2_common/pico_stdio/stdio.c.obj
                0x1000497e                _close
 .text._lseek   0x10004984        0x6 CMakeFiles/h_bridge.dir/Users/Omniajam/Desktop/me433/Pico/pico-sdk/src/rp2_common/pico_stdio/stdio.c.obj
                0x10004984                _lseek
 .text._fstat   0x1000498a        0x6 CMakeFiles/h_bridge.dir/Users/Omniajam/Desktop/me433/Pico/pico-sdk/src/rp2_common/pico_stdio/stdio.c.obj
                0x1000498a                _fstat
 .text._isatty  0x10004990        0xc CMakeFiles/h_bridge.dir/Users/Omniajam/Desktop/me433/Pico/pico-sdk/src/rp2_common/pico_stdio/stdio.c.obj
                0x10004990                _isatty
 .text.stdio_set_driver_enabled
                0x1000499c       0x2c CMakeFiles/h_bridge.dir/Users/Omniajam/Desktop/me433/Pico/pico-sdk/src/rp2_common/pico_stdio/stdio.c.obj
                0x1000499c                stdio_set_driver_enabled
 .text.stdio_flush
                0x100049c8       0x20 CMakeFiles/h_bridge.dir/Users/Omniajam/Desktop/me433/Pico/pico-sdk/src/rp2_common/pico_stdio/stdio.c.obj
                0x100049c8                stdio_flush
 .text.__wrap_puts
                0x100049e8       0x1e CMakeFiles/h_bridge.dir/Users/Omniajam/Desktop/me433/Pico/pico-sdk/src/rp2_common/pico_stdio/stdio.c.obj
                0x100049e8                __wrap_puts
 *fill*         0x10004a06        0x2 
 .text.__wrap_vprintf
                0x10004a08       0x40 CMakeFiles/h_bridge.dir/Users/Omniajam/Desktop/me433/Pico/pico-sdk/src/rp2_common/pico_stdio/stdio.c.obj
                0x10004a08                __wrap_vprintf
 .text.__wrap_printf
                0x10004a48       0x18 CMakeFiles/h_bridge.dir/Users/Omniajam/Desktop/me433/Pico/pico-sdk/src/rp2_common/pico_stdio/stdio.c.obj
                0x10004a48                __wrap_printf
 .text.stdio_init_all
                0x10004a60        0x8 CMakeFiles/h_bridge.dir/Users/Omniajam/Desktop/me433/Pico/pico-sdk/src/rp2_common/pico_stdio/stdio.c.obj
                0x10004a60                stdio_init_all
 .text.resetd_init
                0x10004a68        0x2 CMakeFiles/h_bridge.dir/Users/Omniajam/Desktop/me433/Pico/pico-sdk/src/rp2_common/pico_stdio_usb/reset_interface.c.obj
 *fill*         0x10004a6a        0x2 
 .text.resetd_reset
                0x10004a6c        0xc CMakeFiles/h_bridge.dir/Users/Omniajam/Desktop/me433/Pico/pico-sdk/src/rp2_common/pico_stdio_usb/reset_interface.c.obj
 .text.resetd_open
                0x10004a78       0x34 CMakeFiles/h_bridge.dir/Users/Omniajam/Desktop/me433/Pico/pico-sdk/src/rp2_common/pico_stdio_usb/reset_interface.c.obj
 .text.resetd_xfer_cb
                0x10004aac        0x4 CMakeFiles/h_bridge.dir/Users/Omniajam/Desktop/me433/Pico/pico-sdk/src/rp2_common/pico_stdio_usb/reset_interface.c.obj
 .text.reset_usb_boot
                0x10004ab0       0x18 CMakeFiles/h_bridge.dir/Users/Omniajam/Desktop/me433/Pico/pico-sdk/src/rp2_common/pico_stdio_usb/reset_interface.c.obj
 .text.resetd_control_xfer_cb
                0x10004ac8       0x5c CMakeFiles/h_bridge.dir/Users/Omniajam/Desktop/me433/Pico/pico-sdk/src/rp2_common/pico_stdio_usb/reset_interface.c.obj
 .text.usbd_app_driver_get_cb
                0x10004b24        0xc CMakeFiles/h_bridge.dir/Users/Omniajam/Desktop/me433/Pico/pico-sdk/src/rp2_common/pico_stdio_usb/reset_interface.c.obj
                0x10004b24                usbd_app_driver_get_cb
 .text.tud_cdc_line_coding_cb
                0x10004b30       0x28 CMakeFiles/h_bridge.dir/Users/Omniajam/Desktop/me433/Pico/pico-sdk/src/rp2_common/pico_stdio_usb/reset_interface.c.obj
                0x10004b30                tud_cdc_line_coding_cb
 .text.stdio_usb_set_chars_available_callback
                0x10004b58       0x14 CMakeFiles/h_bridge.dir/Users/Omniajam/Desktop/me433/Pico/pico-sdk/src/rp2_common/pico_stdio_usb/stdio_usb.c.obj
                0x10004b58                stdio_usb_set_chars_available_callback
 .text.update_us_since_boot
                0x10004b6c       0x24 CMakeFiles/h_bridge.dir/Users/Omniajam/Desktop/me433/Pico/pico-sdk/src/rp2_common/pico_stdio_usb/stdio_usb.c.obj
 .text.get_absolute_time
                0x10004b90       0x22 CMakeFiles/h_bridge.dir/Users/Omniajam/Desktop/me433/Pico/pico-sdk/src/rp2_common/pico_stdio_usb/stdio_usb.c.obj
 *fill*         0x10004bb2        0x2 
 .text.delayed_by_ms
                0x10004bb4       0x44 CMakeFiles/h_bridge.dir/Users/Omniajam/Desktop/me433/Pico/pico-sdk/src/rp2_common/pico_stdio_usb/stdio_usb.c.obj
 .text.make_timeout_time_ms
                0x10004bf8       0x20 CMakeFiles/h_bridge.dir/Users/Omniajam/Desktop/me433/Pico/pico-sdk/src/rp2_common/pico_stdio_usb/stdio_usb.c.obj
 .text.delayed_by_us
                0x10004c18       0x34 CMakeFiles/h_bridge.dir/Users/Omniajam/Desktop/me433/Pico/pico-sdk/src/rp2_common/pico_stdio_usb/stdio_usb.c.obj
 .text.usb_irq  0x10004c4c       0x10 CMakeFiles/h_bridge.dir/Users/Omniajam/Desktop/me433/Pico/pico-sdk/src/rp2_common/pico_stdio_usb/stdio_usb.c.obj
 .text.critical_section_enter_blocking
                0x10004c5c       0x16 CMakeFiles/h_bridge.dir/Users/Omniajam/Desktop/me433/Pico/pico-sdk/src/rp2_common/pico_stdio_usb/stdio_usb.c.obj
 *fill*         0x10004c72        0x2 
 .text.timer_task
                0x10004c74       0x4c CMakeFiles/h_bridge.dir/Users/Omniajam/Desktop/me433/Pico/pico-sdk/src/rp2_common/pico_stdio_usb/stdio_usb.c.obj
 .text.alarm_pool_add_alarm_in_us
                0x10004cc0       0x3a CMakeFiles/h_bridge.dir/Users/Omniajam/Desktop/me433/Pico/pico-sdk/src/rp2_common/pico_stdio_usb/stdio_usb.c.obj
 .text.add_alarm_in_us
                0x10004cfa       0x2e CMakeFiles/h_bridge.dir/Users/Omniajam/Desktop/me433/Pico/pico-sdk/src/rp2_common/pico_stdio_usb/stdio_usb.c.obj
 .text.low_priority_worker_irq
                0x10004d28       0x7c CMakeFiles/h_bridge.dir/Users/Omniajam/Desktop/me433/Pico/pico-sdk/src/rp2_common/pico_stdio_usb/stdio_usb.c.obj
 .text.tud_cdc_rx_cb
                0x10004da4       0x20 CMakeFiles/h_bridge.dir/Users/Omniajam/Desktop/me433/Pico/pico-sdk/src/rp2_common/pico_stdio_usb/stdio_usb.c.obj
                0x10004da4                tud_cdc_rx_cb
 .text.stdio_usb_init
                0x10004dc4       0xd0 CMakeFiles/h_bridge.dir/Users/Omniajam/Desktop/me433/Pico/pico-sdk/src/rp2_common/pico_stdio_usb/stdio_usb.c.obj
                0x10004dc4                stdio_usb_init
 .text.stdio_usb_connected
                0x10004e94        0xa CMakeFiles/h_bridge.dir/Users/Omniajam/Desktop/me433/Pico/pico-sdk/src/rp2_common/pico_stdio_usb/stdio_usb.c.obj
                0x10004e94                stdio_usb_connected
 *fill*         0x10004e9e        0x2 
 .text.stdio_usb_in_chars
                0x10004ea0       0x88 CMakeFiles/h_bridge.dir/Users/Omniajam/Desktop/me433/Pico/pico-sdk/src/rp2_common/pico_stdio_usb/stdio_usb.c.obj
                0x10004ea0                stdio_usb_in_chars
 .text.stdio_usb_out_chars
                0x10004f28       0xd8 CMakeFiles/h_bridge.dir/Users/Omniajam/Desktop/me433/Pico/pico-sdk/src/rp2_common/pico_stdio_usb/stdio_usb.c.obj
 .text.tud_descriptor_device_cb
                0x10005000        0x8 CMakeFiles/h_bridge.dir/Users/Omniajam/Desktop/me433/Pico/pico-sdk/src/rp2_common/pico_stdio_usb/stdio_usb_descriptors.c.obj
                0x10005000                tud_descriptor_device_cb
 .text.tud_descriptor_configuration_cb
                0x10005008        0x8 CMakeFiles/h_bridge.dir/Users/Omniajam/Desktop/me433/Pico/pico-sdk/src/rp2_common/pico_stdio_usb/stdio_usb_descriptors.c.obj
                0x10005008                tud_descriptor_configuration_cb
 .text.tud_descriptor_string_cb
                0x10005010       0x6c CMakeFiles/h_bridge.dir/Users/Omniajam/Desktop/me433/Pico/pico-sdk/src/rp2_common/pico_stdio_usb/stdio_usb_descriptors.c.obj
                0x10005010                tud_descriptor_string_cb
 .text._retrieve_unique_id_on_boot
                0x1000507c       0x10 CMakeFiles/h_bridge.dir/Users/Omniajam/Desktop/me433/Pico/pico-sdk/src/rp2_common/pico_unique_id/unique_id.c.obj
 .text.pico_get_unique_board_id_string
                0x1000508c       0x5c CMakeFiles/h_bridge.dir/Users/Omniajam/Desktop/me433/Pico/pico-sdk/src/rp2_common/pico_unique_id/unique_id.c.obj
                0x1000508c                pico_get_unique_board_id_string
 .text.flash_get_unique_id
                0x100050e8       0x40 CMakeFiles/h_bridge.dir/Users/Omniajam/Desktop/me433/Pico/pico-sdk/src/rp2_common/hardware_flash/flash.c.obj
                0x100050e8                flash_get_unique_id
 .text.hw_endpoint_get_by_addr
                0x10005128       0x18 CMakeFiles/h_bridge.dir/Users/Omniajam/Desktop/me433/Pico/pico-sdk/lib/tinyusb/src/portable/raspberrypi/rp2040/dcd_rp2040.c.obj
 .text._hw_endpoint_alloc
                0x10005140       0x70 CMakeFiles/h_bridge.dir/Users/Omniajam/Desktop/me433/Pico/pico-sdk/lib/tinyusb/src/portable/raspberrypi/rp2040/dcd_rp2040.c.obj
 .text.hw_endpoint_init
                0x100051b0       0x88 CMakeFiles/h_bridge.dir/Users/Omniajam/Desktop/me433/Pico/pico-sdk/lib/tinyusb/src/portable/raspberrypi/rp2040/dcd_rp2040.c.obj
 .text.dcd_event_sof
                0x10005238       0x2c CMakeFiles/h_bridge.dir/Users/Omniajam/Desktop/me433/Pico/pico-sdk/lib/tinyusb/src/portable/raspberrypi/rp2040/dcd_rp2040.c.obj
 .text.hw_endpoint_xfer
                0x10005264       0x14 CMakeFiles/h_bridge.dir/Users/Omniajam/Desktop/me433/Pico/pico-sdk/lib/tinyusb/src/portable/raspberrypi/rp2040/dcd_rp2040.c.obj
 .text.dcd_int_enable
                0x10005278       0x2c CMakeFiles/h_bridge.dir/Users/Omniajam/Desktop/me433/Pico/pico-sdk/lib/tinyusb/src/portable/raspberrypi/rp2040/dcd_rp2040.c.obj
                0x10005278                dcd_int_enable
 .text.dcd_set_address
                0x100052a4       0x2c CMakeFiles/h_bridge.dir/Users/Omniajam/Desktop/me433/Pico/pico-sdk/lib/tinyusb/src/portable/raspberrypi/rp2040/dcd_rp2040.c.obj
                0x100052a4                dcd_set_address
 .text.dcd_connect
                0x100052d0       0x10 CMakeFiles/h_bridge.dir/Users/Omniajam/Desktop/me433/Pico/pico-sdk/lib/tinyusb/src/portable/raspberrypi/rp2040/dcd_rp2040.c.obj
                0x100052d0                dcd_connect
 .text.dcd_init
                0x100052e0       0x80 CMakeFiles/h_bridge.dir/Users/Omniajam/Desktop/me433/Pico/pico-sdk/lib/tinyusb/src/portable/raspberrypi/rp2040/dcd_rp2040.c.obj
                0x100052e0                dcd_init
 .text.dcd_edpt0_status_complete
                0x10005360       0x1c CMakeFiles/h_bridge.dir/Users/Omniajam/Desktop/me433/Pico/pico-sdk/lib/tinyusb/src/portable/raspberrypi/rp2040/dcd_rp2040.c.obj
                0x10005360                dcd_edpt0_status_complete
 .text.dcd_edpt_open
                0x1000537c       0x40 CMakeFiles/h_bridge.dir/Users/Omniajam/Desktop/me433/Pico/pico-sdk/lib/tinyusb/src/portable/raspberrypi/rp2040/dcd_rp2040.c.obj
                0x1000537c                dcd_edpt_open
 .text.dcd_edpt_close_all
                0x100053bc        0x8 CMakeFiles/h_bridge.dir/Users/Omniajam/Desktop/me433/Pico/pico-sdk/lib/tinyusb/src/portable/raspberrypi/rp2040/dcd_rp2040.c.obj
                0x100053bc                dcd_edpt_close_all
 .text.dcd_edpt_xfer
                0x100053c4       0x34 CMakeFiles/h_bridge.dir/Users/Omniajam/Desktop/me433/Pico/pico-sdk/lib/tinyusb/src/portable/raspberrypi/rp2040/dcd_rp2040.c.obj
                0x100053c4                dcd_edpt_xfer
 .text.dcd_edpt_stall
                0x100053f8       0x2c CMakeFiles/h_bridge.dir/Users/Omniajam/Desktop/me433/Pico/pico-sdk/lib/tinyusb/src/portable/raspberrypi/rp2040/dcd_rp2040.c.obj
                0x100053f8                dcd_edpt_stall
 .text.dcd_edpt_clear_stall
                0x10005424       0x20 CMakeFiles/h_bridge.dir/Users/Omniajam/Desktop/me433/Pico/pico-sdk/lib/tinyusb/src/portable/raspberrypi/rp2040/dcd_rp2040.c.obj
                0x10005424                dcd_edpt_clear_stall
 .text.rp2040_usb_init
                0x10005444       0x4c CMakeFiles/h_bridge.dir/Users/Omniajam/Desktop/me433/Pico/pico-sdk/lib/tinyusb/src/portable/raspberrypi/rp2040/rp2040_usb.c.obj
                0x10005444                rp2040_usb_init
 .text.hw_endpoint_xfer_start
                0x10005490       0x50 CMakeFiles/h_bridge.dir/Users/Omniajam/Desktop/me433/Pico/pico-sdk/lib/tinyusb/src/portable/raspberrypi/rp2040/rp2040_usb.c.obj
                0x10005490                hw_endpoint_xfer_start
 .text.configuration_reset
                0x100054e0       0x84 CMakeFiles/h_bridge.dir/Users/Omniajam/Desktop/me433/Pico/pico-sdk/lib/tinyusb/src/device/usbd.c.obj
 .text.critical_section_enter_blocking
                0x10005564       0x16 CMakeFiles/h_bridge.dir/Users/Omniajam/Desktop/me433/Pico/pico-sdk/lib/tinyusb/src/device/usbd.c.obj
 .text.usbd_reset
                0x1000557a        0xc CMakeFiles/h_bridge.dir/Users/Omniajam/Desktop/me433/Pico/pico-sdk/lib/tinyusb/src/device/usbd.c.obj
 .text.invoke_class_control
                0x10005586       0x1a CMakeFiles/h_bridge.dir/Users/Omniajam/Desktop/me433/Pico/pico-sdk/lib/tinyusb/src/device/usbd.c.obj
 .text.process_set_config
                0x100055a0      0x178 CMakeFiles/h_bridge.dir/Users/Omniajam/Desktop/me433/Pico/pico-sdk/lib/tinyusb/src/device/usbd.c.obj
 .text.process_get_descriptor
                0x10005718       0xdc CMakeFiles/h_bridge.dir/Users/Omniajam/Desktop/me433/Pico/pico-sdk/lib/tinyusb/src/device/usbd.c.obj
 .text.tud_mounted
                0x100057f4       0x10 CMakeFiles/h_bridge.dir/Users/Omniajam/Desktop/me433/Pico/pico-sdk/lib/tinyusb/src/device/usbd.c.obj
                0x100057f4                tud_mounted
 .text.tud_suspended
                0x10005804       0x10 CMakeFiles/h_bridge.dir/Users/Omniajam/Desktop/me433/Pico/pico-sdk/lib/tinyusb/src/device/usbd.c.obj
                0x10005804                tud_suspended
 .text.tud_inited
                0x10005814       0x14 CMakeFiles/h_bridge.dir/Users/Omniajam/Desktop/me433/Pico/pico-sdk/lib/tinyusb/src/device/usbd.c.obj
                0x10005814                tud_inited
 .text.tud_init
                0x10005828       0xcc CMakeFiles/h_bridge.dir/Users/Omniajam/Desktop/me433/Pico/pico-sdk/lib/tinyusb/src/device/usbd.c.obj
                0x10005828                tud_init
 .text.usbd_defer_func
                0x100058f4       0x2a CMakeFiles/h_bridge.dir/Users/Omniajam/Desktop/me433/Pico/pico-sdk/lib/tinyusb/src/device/usbd.c.obj
                0x100058f4                usbd_defer_func
 *fill*         0x1000591e        0x2 
 .text.usbd_edpt_open
                0x10005920       0x34 CMakeFiles/h_bridge.dir/Users/Omniajam/Desktop/me433/Pico/pico-sdk/lib/tinyusb/src/device/usbd.c.obj
                0x10005920                usbd_edpt_open
 .text.usbd_open_edpt_pair
                0x10005954       0x62 CMakeFiles/h_bridge.dir/Users/Omniajam/Desktop/me433/Pico/pico-sdk/lib/tinyusb/src/device/usbd.c.obj
                0x10005954                usbd_open_edpt_pair
 *fill*         0x100059b6        0x2 
 .text.usbd_edpt_claim
                0x100059b8       0x28 CMakeFiles/h_bridge.dir/Users/Omniajam/Desktop/me433/Pico/pico-sdk/lib/tinyusb/src/device/usbd.c.obj
                0x100059b8                usbd_edpt_claim
 .text.usbd_edpt_release
                0x100059e0       0x28 CMakeFiles/h_bridge.dir/Users/Omniajam/Desktop/me433/Pico/pico-sdk/lib/tinyusb/src/device/usbd.c.obj
                0x100059e0                usbd_edpt_release
 .text.usbd_edpt_xfer
                0x10005a08       0x78 CMakeFiles/h_bridge.dir/Users/Omniajam/Desktop/me433/Pico/pico-sdk/lib/tinyusb/src/device/usbd.c.obj
                0x10005a08                usbd_edpt_xfer
 .text.usbd_edpt_stall
                0x10005a80       0x48 CMakeFiles/h_bridge.dir/Users/Omniajam/Desktop/me433/Pico/pico-sdk/lib/tinyusb/src/device/usbd.c.obj
                0x10005a80                usbd_edpt_stall
 .text.usbd_edpt_clear_stall
                0x10005ac8       0x48 CMakeFiles/h_bridge.dir/Users/Omniajam/Desktop/me433/Pico/pico-sdk/lib/tinyusb/src/device/usbd.c.obj
                0x10005ac8                usbd_edpt_clear_stall
 .text.usbd_edpt_stalled
                0x10005b10       0x1c CMakeFiles/h_bridge.dir/Users/Omniajam/Desktop/me433/Pico/pico-sdk/lib/tinyusb/src/device/usbd.c.obj
                0x10005b10                usbd_edpt_stalled
 .text.process_control_request
                0x10005b2c      0x374 CMakeFiles/h_bridge.dir/Users/Omniajam/Desktop/me433/Pico/pico-sdk/lib/tinyusb/src/device/usbd.c.obj
 .text.tud_task_ext
                0x10005ea0      0x1a8 CMakeFiles/h_bridge.dir/Users/Omniajam/Desktop/me433/Pico/pico-sdk/lib/tinyusb/src/device/usbd.c.obj
                0x10005ea0                tud_task_ext
 .text._status_stage_xact
                0x10006048       0x1a CMakeFiles/h_bridge.dir/Users/Omniajam/Desktop/me433/Pico/pico-sdk/lib/tinyusb/src/device/usbd_control.c.obj
 *fill*         0x10006062        0x2 
 .text._data_stage_xact
                0x10006064       0x58 CMakeFiles/h_bridge.dir/Users/Omniajam/Desktop/me433/Pico/pico-sdk/lib/tinyusb/src/device/usbd_control.c.obj
 .text.tud_control_status
                0x100060bc       0x28 CMakeFiles/h_bridge.dir/Users/Omniajam/Desktop/me433/Pico/pico-sdk/lib/tinyusb/src/device/usbd_control.c.obj
                0x100060bc                tud_control_status
 .text.tud_control_xfer
                0x100060e4       0x68 CMakeFiles/h_bridge.dir/Users/Omniajam/Desktop/me433/Pico/pico-sdk/lib/tinyusb/src/device/usbd_control.c.obj
                0x100060e4                tud_control_xfer
 .text.usbd_control_reset
                0x1000614c       0x14 CMakeFiles/h_bridge.dir/Users/Omniajam/Desktop/me433/Pico/pico-sdk/lib/tinyusb/src/device/usbd_control.c.obj
                0x1000614c                usbd_control_reset
 .text.usbd_control_set_complete_callback
                0x10006160        0xc CMakeFiles/h_bridge.dir/Users/Omniajam/Desktop/me433/Pico/pico-sdk/lib/tinyusb/src/device/usbd_control.c.obj
                0x10006160                usbd_control_set_complete_callback
 .text.usbd_control_set_request
                0x1000616c       0x1c CMakeFiles/h_bridge.dir/Users/Omniajam/Desktop/me433/Pico/pico-sdk/lib/tinyusb/src/device/usbd_control.c.obj
                0x1000616c                usbd_control_set_request
 .text.usbd_control_xfer_cb
                0x10006188       0xbc CMakeFiles/h_bridge.dir/Users/Omniajam/Desktop/me433/Pico/pico-sdk/lib/tinyusb/src/device/usbd_control.c.obj
                0x10006188                usbd_control_xfer_cb
 .text._prep_out_transaction
                0x10006244       0x4a CMakeFiles/h_bridge.dir/Users/Omniajam/Desktop/me433/Pico/pico-sdk/lib/tinyusb/src/class/cdc/cdc_device.c.obj
 *fill*         0x1000628e        0x2 
 .text.tud_cdc_n_connected
                0x10006290       0x38 CMakeFiles/h_bridge.dir/Users/Omniajam/Desktop/me433/Pico/pico-sdk/lib/tinyusb/src/class/cdc/cdc_device.c.obj
                0x10006290                tud_cdc_n_connected
 .text.tud_cdc_n_available
                0x100062c8       0x18 CMakeFiles/h_bridge.dir/Users/Omniajam/Desktop/me433/Pico/pico-sdk/lib/tinyusb/src/class/cdc/cdc_device.c.obj
                0x100062c8                tud_cdc_n_available
 .text.tud_cdc_n_read
                0x100062e0       0x28 CMakeFiles/h_bridge.dir/Users/Omniajam/Desktop/me433/Pico/pico-sdk/lib/tinyusb/src/class/cdc/cdc_device.c.obj
                0x100062e0                tud_cdc_n_read
 .text.tud_cdc_n_write_flush
                0x10006308       0xb8 CMakeFiles/h_bridge.dir/Users/Omniajam/Desktop/me433/Pico/pico-sdk/lib/tinyusb/src/class/cdc/cdc_device.c.obj
                0x10006308                tud_cdc_n_write_flush
 .text.tud_cdc_n_write
                0x100063c0       0x38 CMakeFiles/h_bridge.dir/Users/Omniajam/Desktop/me433/Pico/pico-sdk/lib/tinyusb/src/class/cdc/cdc_device.c.obj
                0x100063c0                tud_cdc_n_write
 .text.tud_cdc_n_write_available
                0x100063f8       0x1c CMakeFiles/h_bridge.dir/Users/Omniajam/Desktop/me433/Pico/pico-sdk/lib/tinyusb/src/class/cdc/cdc_device.c.obj
                0x100063f8                tud_cdc_n_write_available
 .text.cdcd_init
                0x10006414       0xbc CMakeFiles/h_bridge.dir/Users/Omniajam/Desktop/me433/Pico/pico-sdk/lib/tinyusb/src/class/cdc/cdc_device.c.obj
                0x10006414                cdcd_init
 .text.cdcd_reset
                0x100064d0       0x44 CMakeFiles/h_bridge.dir/Users/Omniajam/Desktop/me433/Pico/pico-sdk/lib/tinyusb/src/class/cdc/cdc_device.c.obj
                0x100064d0                cdcd_reset
 .text.cdcd_open
                0x10006514       0xc4 CMakeFiles/h_bridge.dir/Users/Omniajam/Desktop/me433/Pico/pico-sdk/lib/tinyusb/src/class/cdc/cdc_device.c.obj
                0x10006514                cdcd_open
 .text.cdcd_control_xfer_cb
                0x100065d8      0x134 CMakeFiles/h_bridge.dir/Users/Omniajam/Desktop/me433/Pico/pico-sdk/lib/tinyusb/src/class/cdc/cdc_device.c.obj
                0x100065d8                cdcd_control_xfer_cb
 .text.cdcd_xfer_cb
                0x1000670c      0x130 CMakeFiles/h_bridge.dir/Users/Omniajam/Desktop/me433/Pico/pico-sdk/lib/tinyusb/src/class/cdc/cdc_device.c.obj
                0x1000670c                cdcd_xfer_cb
 .text.tusb_init
                0x1000683c        0xa CMakeFiles/h_bridge.dir/Users/Omniajam/Desktop/me433/Pico/pico-sdk/lib/tinyusb/src/tusb.c.obj
                0x1000683c                tusb_init
 .text.tusb_inited
                0x10006846        0xe CMakeFiles/h_bridge.dir/Users/Omniajam/Desktop/me433/Pico/pico-sdk/lib/tinyusb/src/tusb.c.obj
                0x10006846                tusb_inited
 .text.tu_edpt_claim
                0x10006854       0x50 CMakeFiles/h_bridge.dir/Users/Omniajam/Desktop/me433/Pico/pico-sdk/lib/tinyusb/src/tusb.c.obj
                0x10006854                tu_edpt_claim
 .text.tu_edpt_release
                0x100068a4       0x38 CMakeFiles/h_bridge.dir/Users/Omniajam/Desktop/me433/Pico/pico-sdk/lib/tinyusb/src/tusb.c.obj
                0x100068a4                tu_edpt_release
 .text.tu_edpt_validate
                0x100068dc       0x78 CMakeFiles/h_bridge.dir/Users/Omniajam/Desktop/me433/Pico/pico-sdk/lib/tinyusb/src/tusb.c.obj
                0x100068dc                tu_edpt_validate
 .text.tu_edpt_bind_driver
                0x10006954       0x26 CMakeFiles/h_bridge.dir/Users/Omniajam/Desktop/me433/Pico/pico-sdk/lib/tinyusb/src/tusb.c.obj
                0x10006954                tu_edpt_bind_driver
 .text.advance_index
                0x1000697a       0x1a CMakeFiles/h_bridge.dir/Users/Omniajam/Desktop/me433/Pico/pico-sdk/lib/tinyusb/src/common/tusb_fifo.c.obj
 .text._tu_fifo_peek
                0x10006994       0x56 CMakeFiles/h_bridge.dir/Users/Omniajam/Desktop/me433/Pico/pico-sdk/lib/tinyusb/src/common/tusb_fifo.c.obj
 .text._ff_pull_const_addr
                0x100069ea       0x4c CMakeFiles/h_bridge.dir/Users/Omniajam/Desktop/me433/Pico/pico-sdk/lib/tinyusb/src/common/tusb_fifo.c.obj
 .text._ff_pull_n
                0x10006a36      0x110 CMakeFiles/h_bridge.dir/Users/Omniajam/Desktop/me433/Pico/pico-sdk/lib/tinyusb/src/common/tusb_fifo.c.obj
 .text._tu_fifo_peek_n
                0x10006b46       0x6a CMakeFiles/h_bridge.dir/Users/Omniajam/Desktop/me433/Pico/pico-sdk/lib/tinyusb/src/common/tusb_fifo.c.obj
 .text._tu_fifo_read_n
                0x10006bb0       0x4e CMakeFiles/h_bridge.dir/Users/Omniajam/Desktop/me433/Pico/pico-sdk/lib/tinyusb/src/common/tusb_fifo.c.obj
 .text._ff_push_const_addr
                0x10006bfe       0x40 CMakeFiles/h_bridge.dir/Users/Omniajam/Desktop/me433/Pico/pico-sdk/lib/tinyusb/src/common/tusb_fifo.c.obj
 .text._ff_push_n
                0x10006c3e      0x10c CMakeFiles/h_bridge.dir/Users/Omniajam/Desktop/me433/Pico/pico-sdk/lib/tinyusb/src/common/tusb_fifo.c.obj
 .text._tu_fifo_write_n
                0x10006d4a       0xf0 CMakeFiles/h_bridge.dir/Users/Omniajam/Desktop/me433/Pico/pico-sdk/lib/tinyusb/src/common/tusb_fifo.c.obj
 .text.tu_fifo_config
                0x10006e3a       0x7c CMakeFiles/h_bridge.dir/Users/Omniajam/Desktop/me433/Pico/pico-sdk/lib/tinyusb/src/common/tusb_fifo.c.obj
                0x10006e3a                tu_fifo_config
 .text.tu_fifo_count
                0x10006eb6       0x2a CMakeFiles/h_bridge.dir/Users/Omniajam/Desktop/me433/Pico/pico-sdk/lib/tinyusb/src/common/tusb_fifo.c.obj
                0x10006eb6                tu_fifo_count
 .text.tu_fifo_empty
                0x10006ee0        0xe CMakeFiles/h_bridge.dir/Users/Omniajam/Desktop/me433/Pico/pico-sdk/lib/tinyusb/src/common/tusb_fifo.c.obj
                0x10006ee0                tu_fifo_empty
 .text.tu_fifo_full
                0x10006eee       0x28 CMakeFiles/h_bridge.dir/Users/Omniajam/Desktop/me433/Pico/pico-sdk/lib/tinyusb/src/common/tusb_fifo.c.obj
                0x10006eee                tu_fifo_full
 .text.tu_fifo_remaining
                0x10006f16       0x2c CMakeFiles/h_bridge.dir/Users/Omniajam/Desktop/me433/Pico/pico-sdk/lib/tinyusb/src/common/tusb_fifo.c.obj
                0x10006f16                tu_fifo_remaining
 .text.tu_fifo_read
                0x10006f42       0x42 CMakeFiles/h_bridge.dir/Users/Omniajam/Desktop/me433/Pico/pico-sdk/lib/tinyusb/src/common/tusb_fifo.c.obj
                0x10006f42                tu_fifo_read
 .text.tu_fifo_read_n
                0x10006f84        0xa CMakeFiles/h_bridge.dir/Users/Omniajam/Desktop/me433/Pico/pico-sdk/lib/tinyusb/src/common/tusb_fifo.c.obj
                0x10006f84                tu_fifo_read_n
 .text.tu_fifo_write
                0x10006f8e       0x64 CMakeFiles/h_bridge.dir/Users/Omniajam/Desktop/me433/Pico/pico-sdk/lib/tinyusb/src/common/tusb_fifo.c.obj
                0x10006f8e                tu_fifo_write
 .text.tu_fifo_write_n
                0x10006ff2        0xa CMakeFiles/h_bridge.dir/Users/Omniajam/Desktop/me433/Pico/pico-sdk/lib/tinyusb/src/common/tusb_fifo.c.obj
                0x10006ff2                tu_fifo_write_n
 .text.tu_fifo_clear
                0x10006ffc       0x3e CMakeFiles/h_bridge.dir/Users/Omniajam/Desktop/me433/Pico/pico-sdk/lib/tinyusb/src/common/tusb_fifo.c.obj
                0x10006ffc                tu_fifo_clear
 .text.tu_fifo_set_overwritable
                0x1000703a       0x46 CMakeFiles/h_bridge.dir/Users/Omniajam/Desktop/me433/Pico/pico-sdk/lib/tinyusb/src/common/tusb_fifo.c.obj
                0x1000703a                tu_fifo_set_overwritable
 .text._calloc_r
                0x10007080       0xa8 /Applications/ArmGNUToolchain/13.2.Rel1/arm-none-eabi/bin/../lib/gcc/arm-none-eabi/13.2.1/../../../../arm-none-eabi/lib/thumb/v6-m/nofp/libg.a(libc_a-callocr.o)
                0x10007080                _calloc_r
 .text.malloc   0x10007128       0x14 /Applications/ArmGNUToolchain/13.2.Rel1/arm-none-eabi/bin/../lib/gcc/arm-none-eabi/13.2.1/../../../../arm-none-eabi/lib/thumb/v6-m/nofp/libg.a(libc_a-malloc.o)
                0x10007128                malloc
 .text.free     0x1000713c       0x14 /Applications/ArmGNUToolchain/13.2.Rel1/arm-none-eabi/bin/../lib/gcc/arm-none-eabi/13.2.1/../../../../arm-none-eabi/lib/thumb/v6-m/nofp/libg.a(libc_a-malloc.o)
                0x1000713c                free
 .text._malloc_r
                0x10007150      0x5c4 /Applications/ArmGNUToolchain/13.2.Rel1/arm-none-eabi/bin/../lib/gcc/arm-none-eabi/13.2.1/../../../../arm-none-eabi/lib/thumb/v6-m/nofp/libg.a(libc_a-mallocr.o)
                0x10007150                _malloc_r
 .text.__malloc_lock
                0x10007714       0x10 /Applications/ArmGNUToolchain/13.2.Rel1/arm-none-eabi/bin/../lib/gcc/arm-none-eabi/13.2.1/../../../../arm-none-eabi/lib/thumb/v6-m/nofp/libg.a(libc_a-mlock.o)
                0x10007714                __malloc_lock
 .text.__malloc_unlock
                0x10007724       0x10 /Applications/ArmGNUToolchain/13.2.Rel1/arm-none-eabi/bin/../lib/gcc/arm-none-eabi/13.2.1/../../../../arm-none-eabi/lib/thumb/v6-m/nofp/libg.a(libc_a-mlock.o)
                0x10007724                __malloc_unlock
 .text.realloc  0x10007734       0x18 /Applications/ArmGNUToolchain/13.2.Rel1/arm-none-eabi/bin/../lib/gcc/arm-none-eabi/13.2.1/../../../../arm-none-eabi/lib/thumb/v6-m/nofp/libg.a(libc_a-realloc.o)
                0x10007734                realloc
 .text.scanf    0x1000774c       0x24 /Applications/ArmGNUToolchain/13.2.Rel1/arm-none-eabi/bin/../lib/gcc/arm-none-eabi/13.2.1/../../../../arm-none-eabi/lib/thumb/v6-m/nofp/libg.a(libc_a-scanf.o)
                0x1000774c                scanf
 .text._realloc_r
                0x10007770      0x350 /Applications/ArmGNUToolchain/13.2.Rel1/arm-none-eabi/bin/../lib/gcc/arm-none-eabi/13.2.1/../../../../arm-none-eabi/lib/thumb/v6-m/nofp/libg.a(libc_a-reallocr.o)
                0x10007770                _realloc_r
 .text.memmove  0x10007ac0       0xb0 /Applications/ArmGNUToolchain/13.2.Rel1/arm-none-eabi/bin/../lib/gcc/arm-none-eabi/13.2.1/../../../../arm-none-eabi/lib/thumb/v6-m/nofp/libg.a(libc_a-memmove.o)
                0x10007ac0                memmove
 .text._sbrk_r  0x10007b70       0x24 /Applications/ArmGNUToolchain/13.2.Rel1/arm-none-eabi/bin/../lib/gcc/arm-none-eabi/13.2.1/../../../../arm-none-eabi/lib/thumb/v6-m/nofp/libg.a(libc_a-sbrkr.o)
                0x10007b70                _sbrk_r
 .text.__errno  0x10007b94        0xc /Applications/ArmGNUToolchain/13.2.Rel1/arm-none-eabi/bin/../lib/gcc/arm-none-eabi/13.2.1/../../../../arm-none-eabi/lib/thumb/v6-m/nofp/libg.a(libc_a-errno.o)
                0x10007b94                __errno
 .text.sysconf  0x10007ba0       0x1c /Applications/ArmGNUToolchain/13.2.Rel1/arm-none-eabi/bin/../lib/gcc/arm-none-eabi/13.2.1/../../../../arm-none-eabi/lib/thumb/v6-m/nofp/libg.a(libc_a-sysconf.o)
                0x10007ba0                sysconf
 .text.__retarget_lock_init_recursive
                0x10007bbc        0x4 /Applications/ArmGNUToolchain/13.2.Rel1/arm-none-eabi/bin/../lib/gcc/arm-none-eabi/13.2.1/../../../../arm-none-eabi/lib/thumb/v6-m/nofp/libg.a(libc_a-lock.o)
                0x10007bbc                __retarget_lock_init_recursive
 .text.__retarget_lock_close_recursive
                0x10007bc0        0x4 /Applications/ArmGNUToolchain/13.2.Rel1/arm-none-eabi/bin/../lib/gcc/arm-none-eabi/13.2.1/../../../../arm-none-eabi/lib/thumb/v6-m/nofp/libg.a(libc_a-lock.o)
                0x10007bc0                __retarget_lock_close_recursive
 .text.__retarget_lock_acquire_recursive
                0x10007bc4        0x4 /Applications/ArmGNUToolchain/13.2.Rel1/arm-none-eabi/bin/../lib/gcc/arm-none-eabi/13.2.1/../../../../arm-none-eabi/lib/thumb/v6-m/nofp/libg.a(libc_a-lock.o)
                0x10007bc4                __retarget_lock_acquire_recursive
 .text.__retarget_lock_release_recursive
                0x10007bc8        0x4 /Applications/ArmGNUToolchain/13.2.Rel1/arm-none-eabi/bin/../lib/gcc/arm-none-eabi/13.2.1/../../../../arm-none-eabi/lib/thumb/v6-m/nofp/libg.a(libc_a-lock.o)
                0x10007bc8                __retarget_lock_release_recursive
 .text.strlen   0x10007bcc       0x5c /Applications/ArmGNUToolchain/13.2.Rel1/arm-none-eabi/bin/../lib/gcc/arm-none-eabi/13.2.1/../../../../arm-none-eabi/lib/thumb/v6-m/nofp/libg.a(libc_a-strlen-stub.o)
                0x10007bcc                strlen
 .text._malloc_trim_r
                0x10007c28       0xb4 /Applications/ArmGNUToolchain/13.2.Rel1/arm-none-eabi/bin/../lib/gcc/arm-none-eabi/13.2.1/../../../../arm-none-eabi/lib/thumb/v6-m/nofp/libg.a(libc_a-freer.o)
                0x10007c28                _malloc_trim_r
 .text._free_r  0x10007cdc      0x1d4 /Applications/ArmGNUToolchain/13.2.Rel1/arm-none-eabi/bin/../lib/gcc/arm-none-eabi/13.2.1/../../../../arm-none-eabi/lib/thumb/v6-m/nofp/libg.a(libc_a-freer.o)
                0x10007cdc                _free_r
 .text.__svfscanf_r
                0x10007eb0     0x1884 /Applications/ArmGNUToolchain/13.2.Rel1/arm-none-eabi/bin/../lib/gcc/arm-none-eabi/13.2.1/../../../../arm-none-eabi/lib/thumb/v6-m/nofp/libg.a(libc_a-vfscanf.o)
                0x10007eb0                __svfscanf_r
 .text._vfscanf_r
                0x10009734       0x28 /Applications/ArmGNUToolchain/13.2.Rel1/arm-none-eabi/bin/../lib/gcc/arm-none-eabi/13.2.1/../../../../arm-none-eabi/lib/thumb/v6-m/nofp/libg.a(libc_a-vfscanf.o)
                0x10009734                _vfscanf_r
 .text.__sccl   0x1000975c       0x80 /Applications/ArmGNUToolchain/13.2.Rel1/arm-none-eabi/bin/../lib/gcc/arm-none-eabi/13.2.1/../../../../arm-none-eabi/lib/thumb/v6-m/nofp/libg.a(libc_a-sccl.o)
                0x1000975c                __sccl
 .text.sulp     0x100097dc       0x30 /Applications/ArmGNUToolchain/13.2.Rel1/arm-none-eabi/bin/../lib/gcc/arm-none-eabi/13.2.1/../../../../arm-none-eabi/lib/thumb/v6-m/nofp/libg.a(libc_a-strtod.o)
 .text._strtod_l
                0x1000980c      0xeb8 /Applications/ArmGNUToolchain/13.2.Rel1/arm-none-eabi/bin/../lib/gcc/arm-none-eabi/13.2.1/../../../../arm-none-eabi/lib/thumb/v6-m/nofp/libg.a(libc_a-strtod.o)
                0x1000980c                _strtod_l
 .text._strtod_r
                0x1000a6c4       0x10 /Applications/ArmGNUToolchain/13.2.Rel1/arm-none-eabi/bin/../lib/gcc/arm-none-eabi/13.2.1/../../../../arm-none-eabi/lib/thumb/v6-m/nofp/libg.a(libc_a-strtod.o)
                0x1000a6c4                _strtod_r
 .text._strtol_l.isra.0
                0x1000a6d4      0x158 /Applications/ArmGNUToolchain/13.2.Rel1/arm-none-eabi/bin/../lib/gcc/arm-none-eabi/13.2.1/../../../../arm-none-eabi/lib/thumb/v6-m/nofp/libg.a(libc_a-strtol.o)
 .text._strtol_r
                0x1000a82c        0x8 /Applications/ArmGNUToolchain/13.2.Rel1/arm-none-eabi/bin/../lib/gcc/arm-none-eabi/13.2.1/../../../../arm-none-eabi/lib/thumb/v6-m/nofp/libg.a(libc_a-strtol.o)
                0x1000a82c                _strtol_r
 .text._strtoul_l.isra.0
                0x1000a834      0x144 /Applications/ArmGNUToolchain/13.2.Rel1/arm-none-eabi/bin/../lib/gcc/arm-none-eabi/13.2.1/../../../../arm-none-eabi/lib/thumb/v6-m/nofp/libg.a(libc_a-strtoul.o)
 .text._strtoul_r
                0x1000a978        0x8 /Applications/ArmGNUToolchain/13.2.Rel1/arm-none-eabi/bin/../lib/gcc/arm-none-eabi/13.2.1/../../../../arm-none-eabi/lib/thumb/v6-m/nofp/libg.a(libc_a-strtoul.o)
                0x1000a978                _strtoul_r
 .text.stdio_exit_handler
                0x1000a980       0x1c /Applications/ArmGNUToolchain/13.2.Rel1/arm-none-eabi/bin/../lib/gcc/arm-none-eabi/13.2.1/../../../../arm-none-eabi/lib/thumb/v6-m/nofp/libg.a(libc_a-findfp.o)
 .text.cleanup_stdio
                0x1000a99c       0x3c /Applications/ArmGNUToolchain/13.2.Rel1/arm-none-eabi/bin/../lib/gcc/arm-none-eabi/13.2.1/../../../../arm-none-eabi/lib/thumb/v6-m/nofp/libg.a(libc_a-findfp.o)
 .text.global_stdio_init.part.0
                0x1000a9d8      0x118 /Applications/ArmGNUToolchain/13.2.Rel1/arm-none-eabi/bin/../lib/gcc/arm-none-eabi/13.2.1/../../../../arm-none-eabi/lib/thumb/v6-m/nofp/libg.a(libc_a-findfp.o)
 .text.__sinit  0x1000aaf0       0x38 /Applications/ArmGNUToolchain/13.2.Rel1/arm-none-eabi/bin/../lib/gcc/arm-none-eabi/13.2.1/../../../../arm-none-eabi/lib/thumb/v6-m/nofp/libg.a(libc_a-findfp.o)
                0x1000aaf0                __sinit
 .text.__sfp_lock_acquire
                0x1000ab28       0x10 /Applications/ArmGNUToolchain/13.2.Rel1/arm-none-eabi/bin/../lib/gcc/arm-none-eabi/13.2.1/../../../../arm-none-eabi/lib/thumb/v6-m/nofp/libg.a(libc_a-findfp.o)
                0x1000ab28                __sfp_lock_acquire
 .text.__sfp_lock_release
                0x1000ab38       0x10 /Applications/ArmGNUToolchain/13.2.Rel1/arm-none-eabi/bin/../lib/gcc/arm-none-eabi/13.2.1/../../../../arm-none-eabi/lib/thumb/v6-m/nofp/libg.a(libc_a-findfp.o)
                0x1000ab38                __sfp_lock_release
 .text.__submore
                0x1000ab48       0x84 /Applications/ArmGNUToolchain/13.2.Rel1/arm-none-eabi/bin/../lib/gcc/arm-none-eabi/13.2.1/../../../../arm-none-eabi/lib/thumb/v6-m/nofp/libg.a(libc_a-ungetc.o)
                0x1000ab48                __submore
 .text._ungetc_r
                0x1000abcc      0x144 /Applications/ArmGNUToolchain/13.2.Rel1/arm-none-eabi/bin/../lib/gcc/arm-none-eabi/13.2.1/../../../../arm-none-eabi/lib/thumb/v6-m/nofp/libg.a(libc_a-ungetc.o)
                0x1000abcc                _ungetc_r
 .text._fread_r
                0x1000ad10      0x1e8 /Applications/ArmGNUToolchain/13.2.Rel1/arm-none-eabi/bin/../lib/gcc/arm-none-eabi/13.2.1/../../../../arm-none-eabi/lib/thumb/v6-m/nofp/libg.a(libc_a-fread.o)
                0x1000ad10                _fread_r
 .text._fwalk_sglue
                0x1000aef8       0x44 /Applications/ArmGNUToolchain/13.2.Rel1/arm-none-eabi/bin/../lib/gcc/arm-none-eabi/13.2.1/../../../../arm-none-eabi/lib/thumb/v6-m/nofp/libg.a(libc_a-fwalk.o)
                0x1000aef8                _fwalk_sglue
 .text.strncmp  0x1000af3c       0x74 /Applications/ArmGNUToolchain/13.2.Rel1/arm-none-eabi/bin/../lib/gcc/arm-none-eabi/13.2.1/../../../../arm-none-eabi/lib/thumb/v6-m/nofp/libg.a(libc_a-strncmp.o)
                0x1000af3c                strncmp
 .text.stpncpy  0x1000afb0       0x78 /Applications/ArmGNUToolchain/13.2.Rel1/arm-none-eabi/bin/../lib/gcc/arm-none-eabi/13.2.1/../../../../arm-none-eabi/lib/thumb/v6-m/nofp/libg.a(libc_a-stpncpy.o)
                0x1000afb0                stpncpy
 .text.__locale_mb_cur_max
                0x1000b028       0x10 /Applications/ArmGNUToolchain/13.2.Rel1/arm-none-eabi/bin/../lib/gcc/arm-none-eabi/13.2.1/../../../../arm-none-eabi/lib/thumb/v6-m/nofp/libg.a(libc_a-locale.o)
                0x1000b028                __locale_mb_cur_max
 .text._localeconv_r
                0x1000b038        0x8 /Applications/ArmGNUToolchain/13.2.Rel1/arm-none-eabi/bin/../lib/gcc/arm-none-eabi/13.2.1/../../../../arm-none-eabi/lib/thumb/v6-m/nofp/libg.a(libc_a-localeconv.o)
                0x1000b038                _localeconv_r
 .text          0x1000b040       0x88 /Applications/ArmGNUToolchain/13.2.Rel1/arm-none-eabi/bin/../lib/gcc/arm-none-eabi/13.2.1/../../../../arm-none-eabi/lib/thumb/v6-m/nofp/libg.a(libc_a-strcmp.o)
                0x1000b040                strcmp
 .text._strtoll_l.isra.0
                0x1000b0c8      0x1a0 /Applications/ArmGNUToolchain/13.2.Rel1/arm-none-eabi/bin/../lib/gcc/arm-none-eabi/13.2.1/../../../../arm-none-eabi/lib/thumb/v6-m/nofp/libg.a(libc_a-strtoll.o)
 .text._strtoll_r
                0x1000b268        0x8 /Applications/ArmGNUToolchain/13.2.Rel1/arm-none-eabi/bin/../lib/gcc/arm-none-eabi/13.2.1/../../../../arm-none-eabi/lib/thumb/v6-m/nofp/libg.a(libc_a-strtoll.o)
                0x1000b268                _strtoll_r
 .text._strtoull_l.isra.0
                0x1000b270      0x1c4 /Applications/ArmGNUToolchain/13.2.Rel1/arm-none-eabi/bin/../lib/gcc/arm-none-eabi/13.2.1/../../../../arm-none-eabi/lib/thumb/v6-m/nofp/libg.a(libc_a-strtoull.o)
 .text._strtoull_r
                0x1000b434        0x8 /Applications/ArmGNUToolchain/13.2.Rel1/arm-none-eabi/bin/../lib/gcc/arm-none-eabi/13.2.1/../../../../arm-none-eabi/lib/thumb/v6-m/nofp/libg.a(libc_a-strtoull.o)
                0x1000b434                _strtoull_r
 .text._mbrtowc_r
                0x1000b43c       0x54 /Applications/ArmGNUToolchain/13.2.Rel1/arm-none-eabi/bin/../lib/gcc/arm-none-eabi/13.2.1/../../../../arm-none-eabi/lib/thumb/v6-m/nofp/libg.a(libc_a-mbrtowc.o)
                0x1000b43c                _mbrtowc_r
 .text.iswspace
                0x1000b490        0xc /Applications/ArmGNUToolchain/13.2.Rel1/arm-none-eabi/bin/../lib/gcc/arm-none-eabi/13.2.1/../../../../arm-none-eabi/lib/thumb/v6-m/nofp/libg.a(libc_a-iswspace.o)
                0x1000b490                iswspace
 .text.iswspace_l
                0x1000b49c       0x24 /Applications/ArmGNUToolchain/13.2.Rel1/arm-none-eabi/bin/../lib/gcc/arm-none-eabi/13.2.1/../../../../arm-none-eabi/lib/thumb/v6-m/nofp/libg.a(libc_a-iswspace_l.o)
                0x1000b49c                iswspace_l
 .text.nan      0x1000b4c0        0xc /Applications/ArmGNUToolchain/13.2.Rel1/arm-none-eabi/bin/../lib/gcc/arm-none-eabi/13.2.1/../../../../arm-none-eabi/lib/thumb/v6-m/nofp/libg.a(libm_a-s_nan.o)
                0x1000b4c0                nan
 .text.nanf     0x1000b4cc        0x8 /Applications/ArmGNUToolchain/13.2.Rel1/arm-none-eabi/bin/../lib/gcc/arm-none-eabi/13.2.1/../../../../arm-none-eabi/lib/thumb/v6-m/nofp/libg.a(libm_a-sf_nan.o)
                0x1000b4cc                nanf
 .text.__jp2uc  0x1000b4d4      0x154 /Applications/ArmGNUToolchain/13.2.Rel1/arm-none-eabi/bin/../lib/gcc/arm-none-eabi/13.2.1/../../../../arm-none-eabi/lib/thumb/v6-m/nofp/libg.a(libc_a-jp2uc.o)
 .text._jp2uc_l
                0x1000b628       0x68 /Applications/ArmGNUToolchain/13.2.Rel1/arm-none-eabi/bin/../lib/gcc/arm-none-eabi/13.2.1/../../../../arm-none-eabi/lib/thumb/v6-m/nofp/libg.a(libc_a-jp2uc.o)
                0x1000b628                _jp2uc_l
 .text.category
                0x1000b690       0x54 /Applications/ArmGNUToolchain/13.2.Rel1/arm-none-eabi/bin/../lib/gcc/arm-none-eabi/13.2.1/../../../../arm-none-eabi/lib/thumb/v6-m/nofp/libg.a(libc_a-categories.o)
                0x1000b690                category
 .text.rshift   0x1000b6e4       0xb0 /Applications/ArmGNUToolchain/13.2.Rel1/arm-none-eabi/bin/../lib/gcc/arm-none-eabi/13.2.1/../../../../arm-none-eabi/lib/thumb/v6-m/nofp/libg.a(libc_a-gdtoa-gethex.o)
 .text.__gethex
                0x1000b794      0x5a8 /Applications/ArmGNUToolchain/13.2.Rel1/arm-none-eabi/bin/../lib/gcc/arm-none-eabi/13.2.1/../../../../arm-none-eabi/lib/thumb/v6-m/nofp/libg.a(libc_a-gdtoa-gethex.o)
                0x1000b794                __gethex
 .text.__match  0x1000bd3c       0x2c /Applications/ArmGNUToolchain/13.2.Rel1/arm-none-eabi/bin/../lib/gcc/arm-none-eabi/13.2.1/../../../../arm-none-eabi/lib/thumb/v6-m/nofp/libg.a(libc_a-gdtoa-hexnan.o)
                0x1000bd3c                __match
 .text.__hexnan
                0x1000bd68      0x204 /Applications/ArmGNUToolchain/13.2.Rel1/arm-none-eabi/bin/../lib/gcc/arm-none-eabi/13.2.1/../../../../arm-none-eabi/lib/thumb/v6-m/nofp/libg.a(libc_a-gdtoa-hexnan.o)
                0x1000bd68                __hexnan
 .text.__ascii_mbtowc
                0x1000bf6c       0x2c /Applications/ArmGNUToolchain/13.2.Rel1/arm-none-eabi/bin/../lib/gcc/arm-none-eabi/13.2.1/../../../../arm-none-eabi/lib/thumb/v6-m/nofp/libg.a(libc_a-mbtowc_r.o)
                0x1000bf6c                __ascii_mbtowc
 .text._Balloc  0x1000bf98       0x50 /Applications/ArmGNUToolchain/13.2.Rel1/arm-none-eabi/bin/../lib/gcc/arm-none-eabi/13.2.1/../../../../arm-none-eabi/lib/thumb/v6-m/nofp/libg.a(libc_a-mprec.o)
                0x1000bf98                _Balloc
 .text._Bfree   0x1000bfe8       0x14 /Applications/ArmGNUToolchain/13.2.Rel1/arm-none-eabi/bin/../lib/gcc/arm-none-eabi/13.2.1/../../../../arm-none-eabi/lib/thumb/v6-m/nofp/libg.a(libc_a-mprec.o)
                0x1000bfe8                _Bfree
 .text.__multadd
                0x1000bffc       0xa8 /Applications/ArmGNUToolchain/13.2.Rel1/arm-none-eabi/bin/../lib/gcc/arm-none-eabi/13.2.1/../../../../arm-none-eabi/lib/thumb/v6-m/nofp/libg.a(libc_a-mprec.o)
                0x1000bffc                __multadd
 .text.__s2b    0x1000c0a4       0xb0 /Applications/ArmGNUToolchain/13.2.Rel1/arm-none-eabi/bin/../lib/gcc/arm-none-eabi/13.2.1/../../../../arm-none-eabi/lib/thumb/v6-m/nofp/libg.a(libc_a-mprec.o)
                0x1000c0a4                __s2b
 .text.__hi0bits
                0x1000c154       0x4c /Applications/ArmGNUToolchain/13.2.Rel1/arm-none-eabi/bin/../lib/gcc/arm-none-eabi/13.2.1/../../../../arm-none-eabi/lib/thumb/v6-m/nofp/libg.a(libc_a-mprec.o)
                0x1000c154                __hi0bits
 .text.__lo0bits
                0x1000c1a0       0x5c /Applications/ArmGNUToolchain/13.2.Rel1/arm-none-eabi/bin/../lib/gcc/arm-none-eabi/13.2.1/../../../../arm-none-eabi/lib/thumb/v6-m/nofp/libg.a(libc_a-mprec.o)
                0x1000c1a0                __lo0bits
 .text.__i2b    0x1000c1fc       0x60 /Applications/ArmGNUToolchain/13.2.Rel1/arm-none-eabi/bin/../lib/gcc/arm-none-eabi/13.2.1/../../../../arm-none-eabi/lib/thumb/v6-m/nofp/libg.a(libc_a-mprec.o)
                0x1000c1fc                __i2b
 .text.__multiply
                0x1000c25c      0x1ac /Applications/ArmGNUToolchain/13.2.Rel1/arm-none-eabi/bin/../lib/gcc/arm-none-eabi/13.2.1/../../../../arm-none-eabi/lib/thumb/v6-m/nofp/libg.a(libc_a-mprec.o)
                0x1000c25c                __multiply
 .text.__pow5mult
                0x1000c408       0xd0 /Applications/ArmGNUToolchain/13.2.Rel1/arm-none-eabi/bin/../lib/gcc/arm-none-eabi/13.2.1/../../../../arm-none-eabi/lib/thumb/v6-m/nofp/libg.a(libc_a-mprec.o)
                0x1000c408                __pow5mult
 .text.__lshift
                0x1000c4d8       0xfc /Applications/ArmGNUToolchain/13.2.Rel1/arm-none-eabi/bin/../lib/gcc/arm-none-eabi/13.2.1/../../../../arm-none-eabi/lib/thumb/v6-m/nofp/libg.a(libc_a-mprec.o)
                0x1000c4d8                __lshift
 .text.__mcmp   0x1000c5d4       0x3c /Applications/ArmGNUToolchain/13.2.Rel1/arm-none-eabi/bin/../lib/gcc/arm-none-eabi/13.2.1/../../../../arm-none-eabi/lib/thumb/v6-m/nofp/libg.a(libc_a-mprec.o)
                0x1000c5d4                __mcmp
 .text.__mdiff  0x1000c610      0x1b4 /Applications/ArmGNUToolchain/13.2.Rel1/arm-none-eabi/bin/../lib/gcc/arm-none-eabi/13.2.1/../../../../arm-none-eabi/lib/thumb/v6-m/nofp/libg.a(libc_a-mprec.o)
                0x1000c610                __mdiff
 .text.__ulp    0x1000c7c4       0x40 /Applications/ArmGNUToolchain/13.2.Rel1/arm-none-eabi/bin/../lib/gcc/arm-none-eabi/13.2.1/../../../../arm-none-eabi/lib/thumb/v6-m/nofp/libg.a(libc_a-mprec.o)
                0x1000c7c4                __ulp
 .text.__b2d    0x1000c804       0xb8 /Applications/ArmGNUToolchain/13.2.Rel1/arm-none-eabi/bin/../lib/gcc/arm-none-eabi/13.2.1/../../../../arm-none-eabi/lib/thumb/v6-m/nofp/libg.a(libc_a-mprec.o)
                0x1000c804                __b2d
 .text.__d2b    0x1000c8bc       0xcc /Applications/ArmGNUToolchain/13.2.Rel1/arm-none-eabi/bin/../lib/gcc/arm-none-eabi/13.2.1/../../../../arm-none-eabi/lib/thumb/v6-m/nofp/libg.a(libc_a-mprec.o)
                0x1000c8bc                __d2b
 .text.__ratio  0x1000c988       0x68 /Applications/ArmGNUToolchain/13.2.Rel1/arm-none-eabi/bin/../lib/gcc/arm-none-eabi/13.2.1/../../../../arm-none-eabi/lib/thumb/v6-m/nofp/libg.a(libc_a-mprec.o)
                0x1000c988                __ratio
 .text.__copybits
                0x1000c9f0       0x40 /Applications/ArmGNUToolchain/13.2.Rel1/arm-none-eabi/bin/../lib/gcc/arm-none-eabi/13.2.1/../../../../arm-none-eabi/lib/thumb/v6-m/nofp/libg.a(libc_a-mprec.o)
                0x1000c9f0                __copybits
 .text.__any_on
                0x1000ca30       0x4c /Applications/ArmGNUToolchain/13.2.Rel1/arm-none-eabi/bin/../lib/gcc/arm-none-eabi/13.2.1/../../../../arm-none-eabi/lib/thumb/v6-m/nofp/libg.a(libc_a-mprec.o)
                0x1000ca30                __any_on
 .text.lflush   0x1000ca7c       0x20 /Applications/ArmGNUToolchain/13.2.Rel1/arm-none-eabi/bin/../lib/gcc/arm-none-eabi/13.2.1/../../../../arm-none-eabi/lib/thumb/v6-m/nofp/libg.a(libc_a-refill.o)
 .text.__srefill_r
                0x1000ca9c      0x118 /Applications/ArmGNUToolchain/13.2.Rel1/arm-none-eabi/bin/../lib/gcc/arm-none-eabi/13.2.1/../../../../arm-none-eabi/lib/thumb/v6-m/nofp/libg.a(libc_a-refill.o)
                0x1000ca9c                __srefill_r
 .text._fclose_r
                0x1000cbb4       0xd0 /Applications/ArmGNUToolchain/13.2.Rel1/arm-none-eabi/bin/../lib/gcc/arm-none-eabi/13.2.1/../../../../arm-none-eabi/lib/thumb/v6-m/nofp/libg.a(libc_a-fclose.o)
                0x1000cbb4                _fclose_r
 .text.__sflush_r
                0x1000cc84      0x148 /Applications/ArmGNUToolchain/13.2.Rel1/arm-none-eabi/bin/../lib/gcc/arm-none-eabi/13.2.1/../../../../arm-none-eabi/lib/thumb/v6-m/nofp/libg.a(libc_a-fflush.o)
                0x1000cc84                __sflush_r
 .text._fflush_r
                0x1000cdcc       0x68 /Applications/ArmGNUToolchain/13.2.Rel1/arm-none-eabi/bin/../lib/gcc/arm-none-eabi/13.2.1/../../../../arm-none-eabi/lib/thumb/v6-m/nofp/libg.a(libc_a-fflush.o)
                0x1000cdcc                _fflush_r
 .text.__sread  0x1000ce34       0x28 /Applications/ArmGNUToolchain/13.2.Rel1/arm-none-eabi/bin/../lib/gcc/arm-none-eabi/13.2.1/../../../../arm-none-eabi/lib/thumb/v6-m/nofp/libg.a(libc_a-stdio.o)
                0x1000ce34                __sread
 .text.__swrite
                0x1000ce5c       0x40 /Applications/ArmGNUToolchain/13.2.Rel1/arm-none-eabi/bin/../lib/gcc/arm-none-eabi/13.2.1/../../../../arm-none-eabi/lib/thumb/v6-m/nofp/libg.a(libc_a-stdio.o)
                0x1000ce5c                __swrite
 .text.__sseek  0x1000ce9c       0x30 /Applications/ArmGNUToolchain/13.2.Rel1/arm-none-eabi/bin/../lib/gcc/arm-none-eabi/13.2.1/../../../../arm-none-eabi/lib/thumb/v6-m/nofp/libg.a(libc_a-stdio.o)
                0x1000ce9c                __sseek
 .text.__sclose
                0x1000cecc        0xc /Applications/ArmGNUToolchain/13.2.Rel1/arm-none-eabi/bin/../lib/gcc/arm-none-eabi/13.2.1/../../../../arm-none-eabi/lib/thumb/v6-m/nofp/libg.a(libc_a-stdio.o)
                0x1000cecc                __sclose
 .text.__ascii_wctomb
                0x1000ced8       0x1c /Applications/ArmGNUToolchain/13.2.Rel1/arm-none-eabi/bin/../lib/gcc/arm-none-eabi/13.2.1/../../../../arm-none-eabi/lib/thumb/v6-m/nofp/libg.a(libc_a-wctomb_r.o)
                0x1000ced8                __ascii_wctomb
 .text._close_r
                0x1000cef4       0x24 /Applications/ArmGNUToolchain/13.2.Rel1/arm-none-eabi/bin/../lib/gcc/arm-none-eabi/13.2.1/../../../../arm-none-eabi/lib/thumb/v6-m/nofp/libg.a(libc_a-closer.o)
                0x1000cef4                _close_r
 .text._lseek_r
                0x1000cf18       0x28 /Applications/ArmGNUToolchain/13.2.Rel1/arm-none-eabi/bin/../lib/gcc/arm-none-eabi/13.2.1/../../../../arm-none-eabi/lib/thumb/v6-m/nofp/libg.a(libc_a-lseekr.o)
                0x1000cf18                _lseek_r